[100%] Built target MrsUavPx4Api_Api
-- Install configuration: ""
-- Installing: /home/adamgb/phd/gazebo_ws/install/mrs_uav_px4_api/share/mrs_uav_px4_api/plugins.xml
-- Installing: /home/adamgb/phd/gazebo_ws/install/mrs_uav_px4_api/share/mrs_uav_px4_api/environment/library_path.sh
-- Installing: /home/adamgb/phd/gazebo_ws/install/mrs_uav_px4_api/share/mrs_uav_px4_api/environment/library_path.dsv
-- Installing: /home/adamgb/phd/gazebo_ws/install/mrs_uav_px4_api/lib/libMrsUavPx4Api_Api.so
-- Set non-toolchain portion of runtime path of "/home/adamgb/phd/gazebo_ws/install/mrs_uav_px4_api/lib/libMrsUavPx4Api_Api.so" to ""
-- Installing: /home/adamgb/phd/gazebo_ws/install/mrs_uav_px4_api/share/mrs_uav_px4_api/launch
-- Installing: /home/adamgb/phd/gazebo_ws/install/mrs_uav_px4_api/share/mrs_uav_px4_api/launch/mavros.launch.py
-- Installing: /home/adamgb/phd/gazebo_ws/install/mrs_uav_px4_api/share/mrs_uav_px4_api/launch/api.launch.py
-- Installing: /home/adamgb/phd/gazebo_ws/install/mrs_uav_px4_api/share/mrs_uav_px4_api/config
-- Installing: /home/adamgb/phd/gazebo_ws/install/mrs_uav_px4_api/share/mrs_uav_px4_api/config/mavros_plugins.yaml
-- Installing: /home/adamgb/phd/gazebo_ws/install/mrs_uav_px4_api/share/mrs_uav_px4_api/config/px4_api.yaml
-- Installing: /home/adamgb/phd/gazebo_ws/install/mrs_uav_px4_api/share/mrs_uav_px4_api/config/mavros_px4_config.yaml
-- Installing: /home/adamgb/phd/gazebo_ws/install/mrs_uav_px4_api/share/ament_index/resource_index/package_run_dependencies/mrs_uav_px4_api
-- Installing: /home/adamgb/phd/gazebo_ws/install/mrs_uav_px4_api/share/ament_index/resource_index/parent_prefix_path/mrs_uav_px4_api
-- Installing: /home/adamgb/phd/gazebo_ws/install/mrs_uav_px4_api/share/mrs_uav_px4_api/environment/ament_prefix_path.sh
-- Installing: /home/adamgb/phd/gazebo_ws/install/mrs_uav_px4_api/share/mrs_uav_px4_api/environment/ament_prefix_path.dsv
-- Installing: /home/adamgb/phd/gazebo_ws/install/mrs_uav_px4_api/share/mrs_uav_px4_api/environment/path.sh
-- Installing: /home/adamgb/phd/gazebo_ws/install/mrs_uav_px4_api/share/mrs_uav_px4_api/environment/path.dsv
-- Installing: /home/adamgb/phd/gazebo_ws/install/mrs_uav_px4_api/share/mrs_uav_px4_api/local_setup.bash
-- Installing: /home/adamgb/phd/gazebo_ws/install/mrs_uav_px4_api/share/mrs_uav_px4_api/local_setup.sh
-- Installing: /home/adamgb/phd/gazebo_ws/install/mrs_uav_px4_api/share/mrs_uav_px4_api/local_setup.zsh
-- Installing: /home/adamgb/phd/gazebo_ws/install/mrs_uav_px4_api/share/mrs_uav_px4_api/local_setup.dsv
-- Installing: /home/adamgb/phd/gazebo_ws/install/mrs_uav_px4_api/share/mrs_uav_px4_api/package.dsv
-- Installing: /home/adamgb/phd/gazebo_ws/install/mrs_uav_px4_api/share/ament_index/resource_index/packages/mrs_uav_px4_api
-- Installing: /home/adamgb/phd/gazebo_ws/install/mrs_uav_px4_api/share/ament_index/resource_index/mrs_uav_hw_api__pluginlib__plugin/mrs_uav_px4_api
-- Installing: /home/adamgb/phd/gazebo_ws/install/mrs_uav_px4_api/share/mrs_uav_px4_api/cmake/export_mrs_uav_px4_apiExport.cmake
-- Installing: /home/adamgb/phd/gazebo_ws/install/mrs_uav_px4_api/share/mrs_uav_px4_api/cmake/export_mrs_uav_px4_apiExport-noconfig.cmake
-- Installing: /home/adamgb/phd/gazebo_ws/install/mrs_uav_px4_api/share/mrs_uav_px4_api/cmake/ament_cmake_export_libraries-extras.cmake
-- Installing: /home/adamgb/phd/gazebo_ws/install/mrs_uav_px4_api/share/mrs_uav_px4_api/cmake/ament_cmake_export_include_directories-extras.cmake
-- Installing: /home/adamgb/phd/gazebo_ws/install/mrs_uav_px4_api/share/mrs_uav_px4_api/cmake/ament_cmake_export_targets-extras.cmake
-- Installing: /home/adamgb/phd/gazebo_ws/install/mrs_uav_px4_api/share/mrs_uav_px4_api/cmake/ament_cmake_export_dependencies-extras.cmake
-- Installing: /home/adamgb/phd/gazebo_ws/install/mrs_uav_px4_api/share/mrs_uav_px4_api/cmake/mrs_uav_px4_apiConfig.cmake
-- Installing: /home/adamgb/phd/gazebo_ws/install/mrs_uav_px4_api/share/mrs_uav_px4_api/cmake/mrs_uav_px4_apiConfig-version.cmake
-- Installing: /home/adamgb/phd/gazebo_ws/install/mrs_uav_px4_api/share/mrs_uav_px4_api/package.xml
