[0.005s] Invoking command in '/home/adamgb/phd/gazebo_ws/build/px4': /usr/bin/cmake /home/adamgb/phd/gazebo_ws/src/px4_firmware -DCMAKE_BUILD_TYPE=Release -DCMAKE_INSTALL_PREFIX=/home/adamgb/phd/gazebo_ws/install/px4
[0.016s] -- PX4_GIT_TAG: v1.17.0-dev
[0.017s] CMake Warning (dev) at CMakeLists.txt:176 (find_package):
[0.017s]   Policy CMP0148 is not set: The FindPythonInterp and FindPythonLibs modules
[0.017s]   are removed.  Run "cmake --help-policy CMP0148" for policy details.  Use
[0.017s]   the cmake_policy command to set the policy and suppress this warning.
[0.017s] 
[0.017s] This warning is for project developers.  Use -Wno-dev to suppress it.
[0.017s] 
[0.035s] -- Found PythonInterp: /usr/bin/python3 (found suitable version "3.12.3", minimum required is "3") 
[0.047s] -- PX4 config file: /home/adamgb/phd/gazebo_ws/src/px4_firmware/boards/px4/sitl/default.px4board
[0.112s] Traceback (most recent call last):
[0.112s]   File "<string>", line 1, in <module>
[0.112s] ModuleNotFoundError: No module named 'menuconfig'
[0.121s] CMake Error at cmake/kconfig.cmake:6 (message):
[0.121s]   kconfiglib is not installed or not in PATH
[0.121s] 
[0.121s]   please install using "pip3 install kconfiglib"
[0.121s] 
[0.121s] Call Stack (most recent call first):
[0.121s]   CMakeLists.txt:191 (include)
[0.121s] 
[0.121s] 
[0.121s] -- Configuring incomplete, errors occurred!
[0.122s] Invoked command in '/home/adamgb/phd/gazebo_ws/build/px4' returned '1': /usr/bin/cmake /home/adamgb/phd/gazebo_ws/src/px4_firmware -DCMAKE_BUILD_TYPE=Release -DCMAKE_INSTALL_PREFIX=/home/adamgb/phd/gazebo_ws/install/px4
