[0.015s] Invoking command in '/home/adamgb/phd/gazebo_ws/build/srt_controller': /usr/bin/cmake --build /home/adamgb/phd/gazebo_ws/build/srt_controller -- -j32 -l32
[0.075s] [100%] Built target SrtController_ActuatorsController
[0.083s] Invoked command in '/home/adamgb/phd/gazebo_ws/build/srt_controller' returned '0': /usr/bin/cmake --build /home/adamgb/phd/gazebo_ws/build/srt_controller -- -j32 -l32
[0.084s] Invoking command in '/home/adamgb/phd/gazebo_ws/build/srt_controller': /usr/bin/cmake --install /home/adamgb/phd/gazebo_ws/build/srt_controller
[0.091s] -- Install configuration: ""
[0.091s] -- Up-to-date: /home/adamgb/phd/gazebo_ws/install/srt_controller/share/srt_controller/plugins.xml
[0.092s] -- Up-to-date: /home/adamgb/phd/gazebo_ws/install/srt_controller/lib/libSrtController_ActuatorsController.so
[0.092s] -- Up-to-date: /home/adamgb/phd/gazebo_ws/install/srt_controller/share/srt_controller/config
[0.092s] -- Up-to-date: /home/adamgb/phd/gazebo_ws/install/srt_controller/share/srt_controller/config/actuators_controller.yaml
[0.092s] -- Up-to-date: /home/adamgb/phd/gazebo_ws/install/srt_controller/share/srt_controller/environment/library_path.sh
[0.092s] -- Up-to-date: /home/adamgb/phd/gazebo_ws/install/srt_controller/share/srt_controller/environment/library_path.dsv
[0.092s] -- Up-to-date: /home/adamgb/phd/gazebo_ws/install/srt_controller/share/ament_index/resource_index/package_run_dependencies/srt_controller
[0.092s] -- Up-to-date: /home/adamgb/phd/gazebo_ws/install/srt_controller/share/ament_index/resource_index/parent_prefix_path/srt_controller
[0.092s] -- Up-to-date: /home/adamgb/phd/gazebo_ws/install/srt_controller/share/srt_controller/environment/ament_prefix_path.sh
[0.092s] -- Up-to-date: /home/adamgb/phd/gazebo_ws/install/srt_controller/share/srt_controller/environment/ament_prefix_path.dsv
[0.092s] -- Up-to-date: /home/adamgb/phd/gazebo_ws/install/srt_controller/share/srt_controller/environment/path.sh
[0.092s] -- Up-to-date: /home/adamgb/phd/gazebo_ws/install/srt_controller/share/srt_controller/environment/path.dsv
[0.092s] -- Up-to-date: /home/adamgb/phd/gazebo_ws/install/srt_controller/share/srt_controller/local_setup.bash
[0.092s] -- Up-to-date: /home/adamgb/phd/gazebo_ws/install/srt_controller/share/srt_controller/local_setup.sh
[0.092s] -- Up-to-date: /home/adamgb/phd/gazebo_ws/install/srt_controller/share/srt_controller/local_setup.zsh
[0.092s] -- Up-to-date: /home/adamgb/phd/gazebo_ws/install/srt_controller/share/srt_controller/local_setup.dsv
[0.092s] -- Installing: /home/adamgb/phd/gazebo_ws/install/srt_controller/share/srt_controller/package.dsv
[0.092s] -- Up-to-date: /home/adamgb/phd/gazebo_ws/install/srt_controller/share/ament_index/resource_index/packages/srt_controller
[0.092s] -- Up-to-date: /home/adamgb/phd/gazebo_ws/install/srt_controller/share/ament_index/resource_index/mrs_uav_managers__pluginlib__plugin/srt_controller
[0.092s] -- Up-to-date: /home/adamgb/phd/gazebo_ws/install/srt_controller/share/srt_controller/cmake/export_srt_controllerExport.cmake
[0.092s] -- Up-to-date: /home/adamgb/phd/gazebo_ws/install/srt_controller/share/srt_controller/cmake/export_srt_controllerExport-noconfig.cmake
[0.092s] -- Up-to-date: /home/adamgb/phd/gazebo_ws/install/srt_controller/share/srt_controller/cmake/ament_cmake_export_targets-extras.cmake
[0.093s] -- Up-to-date: /home/adamgb/phd/gazebo_ws/install/srt_controller/share/srt_controller/cmake/srt_controllerConfig.cmake
[0.093s] -- Up-to-date: /home/adamgb/phd/gazebo_ws/install/srt_controller/share/srt_controller/cmake/srt_controllerConfig-version.cmake
[0.093s] -- Up-to-date: /home/adamgb/phd/gazebo_ws/install/srt_controller/share/srt_controller/package.xml
[0.098s] Invoked command in '/home/adamgb/phd/gazebo_ws/build/srt_controller' returned '0': /usr/bin/cmake --install /home/adamgb/phd/gazebo_ws/build/srt_controller
