[0.051s] DEBUG:colcon:Command line arguments: ['/usr/bin/colcon', 'build']
[0.051s] DEBUG:colcon:Parsed command line arguments: Namespace(log_base=None, log_level=None, verb_name='build', build_base='build', install_base='install', merge_install=False, symlink_install=False, test_result_base=None, continue_on_error=False, executor='parallel', parallel_workers=32, event_handlers=None, ignore_user_meta=False, metas=['./colcon.meta'], base_paths=['.'], packages_ignore=None, packages_ignore_regex=None, paths=None, packages_up_to=None, packages_up_to_regex=None, packages_above=None, packages_above_and_dependencies=None, packages_above_depth=None, packages_select_by_dep=None, packages_skip_by_dep=None, packages_skip_up_to=None, packages_select_build_failed=False, packages_skip_build_finished=False, packages_select_test_failures=False, packages_skip_test_passed=False, packages_select=None, packages_skip=None, packages_select_regex=None, packages_skip_regex=None, packages_start=None, packages_end=None, allow_overriding=[], cmake_args=None, cmake_target=None, cmake_target_skip_unavailable=False, cmake_clean_cache=False, cmake_clean_first=False, cmake_force_configure=False, ament_cmake_args=None, catkin_cmake_args=None, catkin_skip_building_tests=False, mixin_files=None, mixin=None, verb_parser=<colcon_mixin.mixin.mixin_argument.MixinArgumentDecorator object at 0x7866074cc8f0>, verb_extension=<colcon_core.verb.build.BuildVerb object at 0x7866074730b0>, main=<bound method BuildVerb.main of <colcon_core.verb.build.BuildVerb object at 0x7866074730b0>>, mixin_verb=('build',))
[0.070s] Level 1:colcon.colcon_core.package_discovery:discover_packages(colcon_meta) check parameters
[0.070s] Level 1:colcon.colcon_core.package_discovery:discover_packages(recursive) check parameters
[0.070s] Level 1:colcon.colcon_core.package_discovery:discover_packages(ignore) check parameters
[0.070s] Level 1:colcon.colcon_core.package_discovery:discover_packages(path) check parameters
[0.070s] Level 1:colcon.colcon_core.package_discovery:discover_packages(colcon_meta) discover
[0.070s] Level 1:colcon.colcon_core.package_discovery:discover_packages(recursive) discover
[0.070s] INFO:colcon.colcon_core.package_discovery:Crawling recursively for packages in '/home/adamgb/phd/gazebo_ws'
[0.070s] Level 1:colcon.colcon_core.package_identification:_identify(.) by extensions ['ignore', 'ignore_ament_install']
[0.070s] Level 1:colcon.colcon_core.package_identification:_identify(.) by extension 'ignore'
[0.070s] Level 1:colcon.colcon_core.package_identification:_identify(.) by extension 'ignore_ament_install'
[0.070s] Level 1:colcon.colcon_core.package_identification:_identify(.) by extensions ['colcon_pkg']
[0.070s] Level 1:colcon.colcon_core.package_identification:_identify(.) by extension 'colcon_pkg'
[0.070s] Level 1:colcon.colcon_core.package_identification:_identify(.) by extensions ['colcon_meta']
[0.070s] Level 1:colcon.colcon_core.package_identification:_identify(.) by extension 'colcon_meta'
[0.070s] Level 1:colcon.colcon_core.package_identification:_identify(.) by extensions ['ros']
[0.070s] Level 1:colcon.colcon_core.package_identification:_identify(.) by extension 'ros'
[0.083s] Level 1:colcon.colcon_core.package_identification:_identify(.) by extensions ['cmake', 'python']
[0.083s] Level 1:colcon.colcon_core.package_identification:_identify(.) by extension 'cmake'
[0.083s] Level 1:colcon.colcon_core.package_identification:_identify(.) by extension 'python'
[0.083s] Level 1:colcon.colcon_core.package_identification:_identify(.) by extensions ['python_setup_py']
[0.083s] Level 1:colcon.colcon_core.package_identification:_identify(.) by extension 'python_setup_py'
[0.083s] Level 1:colcon.colcon_core.package_identification:_identify(build) by extensions ['ignore', 'ignore_ament_install']
[0.083s] Level 1:colcon.colcon_core.package_identification:_identify(build) by extension 'ignore'
[0.083s] Level 1:colcon.colcon_core.package_identification:_identify(build) ignored
[0.083s] Level 1:colcon.colcon_core.package_identification:_identify(install) by extensions ['ignore', 'ignore_ament_install']
[0.083s] Level 1:colcon.colcon_core.package_identification:_identify(install) by extension 'ignore'
[0.083s] Level 1:colcon.colcon_core.package_identification:_identify(install) ignored
[0.083s] Level 1:colcon.colcon_core.package_identification:_identify(log) by extensions ['ignore', 'ignore_ament_install']
[0.083s] Level 1:colcon.colcon_core.package_identification:_identify(log) by extension 'ignore'
[0.083s] Level 1:colcon.colcon_core.package_identification:_identify(log) ignored
[0.083s] Level 1:colcon.colcon_core.package_identification:_identify(src) by extensions ['ignore', 'ignore_ament_install']
[0.083s] Level 1:colcon.colcon_core.package_identification:_identify(src) by extension 'ignore'
[0.083s] Level 1:colcon.colcon_core.package_identification:_identify(src) by extension 'ignore_ament_install'
[0.083s] Level 1:colcon.colcon_core.package_identification:_identify(src) by extensions ['colcon_pkg']
[0.083s] Level 1:colcon.colcon_core.package_identification:_identify(src) by extension 'colcon_pkg'
[0.083s] Level 1:colcon.colcon_core.package_identification:_identify(src) by extensions ['colcon_meta']
[0.083s] Level 1:colcon.colcon_core.package_identification:_identify(src) by extension 'colcon_meta'
[0.083s] Level 1:colcon.colcon_core.package_identification:_identify(src) by extensions ['ros']
[0.083s] Level 1:colcon.colcon_core.package_identification:_identify(src) by extension 'ros'
[0.083s] Level 1:colcon.colcon_core.package_identification:_identify(src) by extensions ['cmake', 'python']
[0.083s] Level 1:colcon.colcon_core.package_identification:_identify(src) by extension 'cmake'
[0.083s] Level 1:colcon.colcon_core.package_identification:_identify(src) by extension 'python'
[0.083s] Level 1:colcon.colcon_core.package_identification:_identify(src) by extensions ['python_setup_py']
[0.083s] Level 1:colcon.colcon_core.package_identification:_identify(src) by extension 'python_setup_py'
[0.083s] Level 1:colcon.colcon_core.package_identification:_identify(src/alien_gazebo_resources) by extensions ['ignore', 'ignore_ament_install']
[0.083s] Level 1:colcon.colcon_core.package_identification:_identify(src/alien_gazebo_resources) by extension 'ignore'
[0.083s] Level 1:colcon.colcon_core.package_identification:_identify(src/alien_gazebo_resources) by extension 'ignore_ament_install'
[0.083s] Level 1:colcon.colcon_core.package_identification:_identify(src/alien_gazebo_resources) by extensions ['colcon_pkg']
[0.083s] Level 1:colcon.colcon_core.package_identification:_identify(src/alien_gazebo_resources) by extension 'colcon_pkg'
[0.083s] Level 1:colcon.colcon_core.package_identification:_identify(src/alien_gazebo_resources) by extensions ['colcon_meta']
[0.083s] Level 1:colcon.colcon_core.package_identification:_identify(src/alien_gazebo_resources) by extension 'colcon_meta'
[0.083s] Level 1:colcon.colcon_core.package_identification:_identify(src/alien_gazebo_resources) by extensions ['ros']
[0.084s] Level 1:colcon.colcon_core.package_identification:_identify(src/alien_gazebo_resources) by extension 'ros'
[0.085s] DEBUG:colcon.colcon_core.package_identification:Package 'src/alien_gazebo_resources' with type 'ros.ament_cmake' and name 'alien_gazebo_resources'
[0.085s] Level 1:colcon.colcon_core.package_identification:_identify(src/lvhr_controller) by extensions ['ignore', 'ignore_ament_install']
[0.085s] Level 1:colcon.colcon_core.package_identification:_identify(src/lvhr_controller) by extension 'ignore'
[0.085s] Level 1:colcon.colcon_core.package_identification:_identify(src/lvhr_controller) by extension 'ignore_ament_install'
[0.085s] Level 1:colcon.colcon_core.package_identification:_identify(src/lvhr_controller) by extensions ['colcon_pkg']
[0.085s] Level 1:colcon.colcon_core.package_identification:_identify(src/lvhr_controller) by extension 'colcon_pkg'
[0.085s] Level 1:colcon.colcon_core.package_identification:_identify(src/lvhr_controller) by extensions ['colcon_meta']
[0.085s] Level 1:colcon.colcon_core.package_identification:_identify(src/lvhr_controller) by extension 'colcon_meta'
[0.085s] Level 1:colcon.colcon_core.package_identification:_identify(src/lvhr_controller) by extensions ['ros']
[0.085s] Level 1:colcon.colcon_core.package_identification:_identify(src/lvhr_controller) by extension 'ros'
[0.085s] DEBUG:colcon.colcon_core.package_identification:Package 'src/lvhr_controller' with type 'ros.ament_cmake' and name 'lvhr_controller'
[0.085s] Level 1:colcon.colcon_core.package_identification:_identify(src/srt_controller) by extensions ['ignore', 'ignore_ament_install']
[0.086s] Level 1:colcon.colcon_core.package_identification:_identify(src/srt_controller) by extension 'ignore'
[0.086s] Level 1:colcon.colcon_core.package_identification:_identify(src/srt_controller) by extension 'ignore_ament_install'
[0.086s] Level 1:colcon.colcon_core.package_identification:_identify(src/srt_controller) by extensions ['colcon_pkg']
[0.086s] Level 1:colcon.colcon_core.package_identification:_identify(src/srt_controller) by extension 'colcon_pkg'
[0.086s] Level 1:colcon.colcon_core.package_identification:_identify(src/srt_controller) by extensions ['colcon_meta']
[0.086s] Level 1:colcon.colcon_core.package_identification:_identify(src/srt_controller) by extension 'colcon_meta'
[0.086s] Level 1:colcon.colcon_core.package_identification:_identify(src/srt_controller) by extensions ['ros']
[0.086s] Level 1:colcon.colcon_core.package_identification:_identify(src/srt_controller) by extension 'ros'
[0.086s] DEBUG:colcon.colcon_core.package_identification:Package 'src/srt_controller' with type 'ros.ament_cmake' and name 'srt_controller'
[0.086s] Level 1:colcon.colcon_core.package_identification:_identify(tmux) by extensions ['ignore', 'ignore_ament_install']
[0.086s] Level 1:colcon.colcon_core.package_identification:_identify(tmux) by extension 'ignore'
[0.086s] Level 1:colcon.colcon_core.package_identification:_identify(tmux) by extension 'ignore_ament_install'
[0.086s] Level 1:colcon.colcon_core.package_identification:_identify(tmux) by extensions ['colcon_pkg']
[0.086s] Level 1:colcon.colcon_core.package_identification:_identify(tmux) by extension 'colcon_pkg'
[0.086s] Level 1:colcon.colcon_core.package_identification:_identify(tmux) by extensions ['colcon_meta']
[0.086s] Level 1:colcon.colcon_core.package_identification:_identify(tmux) by extension 'colcon_meta'
[0.086s] Level 1:colcon.colcon_core.package_identification:_identify(tmux) by extensions ['ros']
[0.086s] Level 1:colcon.colcon_core.package_identification:_identify(tmux) by extension 'ros'
[0.086s] Level 1:colcon.colcon_core.package_identification:_identify(tmux) by extensions ['cmake', 'python']
[0.086s] Level 1:colcon.colcon_core.package_identification:_identify(tmux) by extension 'cmake'
[0.086s] Level 1:colcon.colcon_core.package_identification:_identify(tmux) by extension 'python'
[0.086s] Level 1:colcon.colcon_core.package_identification:_identify(tmux) by extensions ['python_setup_py']
[0.086s] Level 1:colcon.colcon_core.package_identification:_identify(tmux) by extension 'python_setup_py'
[0.086s] Level 1:colcon.colcon_core.package_identification:_identify(tmux/racing) by extensions ['ignore', 'ignore_ament_install']
[0.086s] Level 1:colcon.colcon_core.package_identification:_identify(tmux/racing) by extension 'ignore'
[0.086s] Level 1:colcon.colcon_core.package_identification:_identify(tmux/racing) by extension 'ignore_ament_install'
[0.086s] Level 1:colcon.colcon_core.package_identification:_identify(tmux/racing) by extensions ['colcon_pkg']
[0.086s] Level 1:colcon.colcon_core.package_identification:_identify(tmux/racing) by extension 'colcon_pkg'
[0.086s] Level 1:colcon.colcon_core.package_identification:_identify(tmux/racing) by extensions ['colcon_meta']
[0.086s] Level 1:colcon.colcon_core.package_identification:_identify(tmux/racing) by extension 'colcon_meta'
[0.086s] Level 1:colcon.colcon_core.package_identification:_identify(tmux/racing) by extensions ['ros']
[0.086s] Level 1:colcon.colcon_core.package_identification:_identify(tmux/racing) by extension 'ros'
[0.087s] Level 1:colcon.colcon_core.package_identification:_identify(tmux/racing) by extensions ['cmake', 'python']
[0.087s] Level 1:colcon.colcon_core.package_identification:_identify(tmux/racing) by extension 'cmake'
[0.087s] Level 1:colcon.colcon_core.package_identification:_identify(tmux/racing) by extension 'python'
[0.087s] Level 1:colcon.colcon_core.package_identification:_identify(tmux/racing) by extensions ['python_setup_py']
[0.087s] Level 1:colcon.colcon_core.package_identification:_identify(tmux/racing) by extension 'python_setup_py'
[0.087s] Level 1:colcon.colcon_core.package_identification:_identify(tmux/racing/config) by extensions ['ignore', 'ignore_ament_install']
[0.087s] Level 1:colcon.colcon_core.package_identification:_identify(tmux/racing/config) by extension 'ignore'
[0.087s] Level 1:colcon.colcon_core.package_identification:_identify(tmux/racing/config) by extension 'ignore_ament_install'
[0.087s] Level 1:colcon.colcon_core.package_identification:_identify(tmux/racing/config) by extensions ['colcon_pkg']
[0.087s] Level 1:colcon.colcon_core.package_identification:_identify(tmux/racing/config) by extension 'colcon_pkg'
[0.087s] Level 1:colcon.colcon_core.package_identification:_identify(tmux/racing/config) by extensions ['colcon_meta']
[0.087s] Level 1:colcon.colcon_core.package_identification:_identify(tmux/racing/config) by extension 'colcon_meta'
[0.087s] Level 1:colcon.colcon_core.package_identification:_identify(tmux/racing/config) by extensions ['ros']
[0.087s] Level 1:colcon.colcon_core.package_identification:_identify(tmux/racing/config) by extension 'ros'
[0.087s] Level 1:colcon.colcon_core.package_identification:_identify(tmux/racing/config) by extensions ['cmake', 'python']
[0.087s] Level 1:colcon.colcon_core.package_identification:_identify(tmux/racing/config) by extension 'cmake'
[0.087s] Level 1:colcon.colcon_core.package_identification:_identify(tmux/racing/config) by extension 'python'
[0.087s] Level 1:colcon.colcon_core.package_identification:_identify(tmux/racing/config) by extensions ['python_setup_py']
[0.087s] Level 1:colcon.colcon_core.package_identification:_identify(tmux/racing/config) by extension 'python_setup_py'
[0.087s] Level 1:colcon.colcon_core.package_identification:_identify(tmux/template) by extensions ['ignore', 'ignore_ament_install']
[0.087s] Level 1:colcon.colcon_core.package_identification:_identify(tmux/template) by extension 'ignore'
[0.087s] Level 1:colcon.colcon_core.package_identification:_identify(tmux/template) by extension 'ignore_ament_install'
[0.087s] Level 1:colcon.colcon_core.package_identification:_identify(tmux/template) by extensions ['colcon_pkg']
[0.087s] Level 1:colcon.colcon_core.package_identification:_identify(tmux/template) by extension 'colcon_pkg'
[0.087s] Level 1:colcon.colcon_core.package_identification:_identify(tmux/template) by extensions ['colcon_meta']
[0.087s] Level 1:colcon.colcon_core.package_identification:_identify(tmux/template) by extension 'colcon_meta'
[0.087s] Level 1:colcon.colcon_core.package_identification:_identify(tmux/template) by extensions ['ros']
[0.087s] Level 1:colcon.colcon_core.package_identification:_identify(tmux/template) by extension 'ros'
[0.087s] Level 1:colcon.colcon_core.package_identification:_identify(tmux/template) by extensions ['cmake', 'python']
[0.087s] Level 1:colcon.colcon_core.package_identification:_identify(tmux/template) by extension 'cmake'
[0.087s] Level 1:colcon.colcon_core.package_identification:_identify(tmux/template) by extension 'python'
[0.087s] Level 1:colcon.colcon_core.package_identification:_identify(tmux/template) by extensions ['python_setup_py']
[0.087s] Level 1:colcon.colcon_core.package_identification:_identify(tmux/template) by extension 'python_setup_py'
[0.087s] Level 1:colcon.colcon_core.package_identification:_identify(tmux/template/config) by extensions ['ignore', 'ignore_ament_install']
[0.087s] Level 1:colcon.colcon_core.package_identification:_identify(tmux/template/config) by extension 'ignore'
[0.087s] Level 1:colcon.colcon_core.package_identification:_identify(tmux/template/config) by extension 'ignore_ament_install'
[0.087s] Level 1:colcon.colcon_core.package_identification:_identify(tmux/template/config) by extensions ['colcon_pkg']
[0.087s] Level 1:colcon.colcon_core.package_identification:_identify(tmux/template/config) by extension 'colcon_pkg'
[0.087s] Level 1:colcon.colcon_core.package_identification:_identify(tmux/template/config) by extensions ['colcon_meta']
[0.087s] Level 1:colcon.colcon_core.package_identification:_identify(tmux/template/config) by extension 'colcon_meta'
[0.087s] Level 1:colcon.colcon_core.package_identification:_identify(tmux/template/config) by extensions ['ros']
[0.087s] Level 1:colcon.colcon_core.package_identification:_identify(tmux/template/config) by extension 'ros'
[0.087s] Level 1:colcon.colcon_core.package_identification:_identify(tmux/template/config) by extensions ['cmake', 'python']
[0.087s] Level 1:colcon.colcon_core.package_identification:_identify(tmux/template/config) by extension 'cmake'
[0.087s] Level 1:colcon.colcon_core.package_identification:_identify(tmux/template/config) by extension 'python'
[0.087s] Level 1:colcon.colcon_core.package_identification:_identify(tmux/template/config) by extensions ['python_setup_py']
[0.087s] Level 1:colcon.colcon_core.package_identification:_identify(tmux/template/config) by extension 'python_setup_py'
[0.087s] Level 1:colcon.colcon_core.package_identification:_identify(utils) by extensions ['ignore', 'ignore_ament_install']
[0.087s] Level 1:colcon.colcon_core.package_identification:_identify(utils) by extension 'ignore'
[0.087s] Level 1:colcon.colcon_core.package_identification:_identify(utils) by extension 'ignore_ament_install'
[0.087s] Level 1:colcon.colcon_core.package_identification:_identify(utils) by extensions ['colcon_pkg']
[0.087s] Level 1:colcon.colcon_core.package_identification:_identify(utils) by extension 'colcon_pkg'
[0.087s] Level 1:colcon.colcon_core.package_identification:_identify(utils) by extensions ['colcon_meta']
[0.087s] Level 1:colcon.colcon_core.package_identification:_identify(utils) by extension 'colcon_meta'
[0.087s] Level 1:colcon.colcon_core.package_identification:_identify(utils) by extensions ['ros']
[0.087s] Level 1:colcon.colcon_core.package_identification:_identify(utils) by extension 'ros'
[0.088s] Level 1:colcon.colcon_core.package_identification:_identify(utils) by extensions ['cmake', 'python']
[0.088s] Level 1:colcon.colcon_core.package_identification:_identify(utils) by extension 'cmake'
[0.088s] Level 1:colcon.colcon_core.package_identification:_identify(utils) by extension 'python'
[0.088s] Level 1:colcon.colcon_core.package_identification:_identify(utils) by extensions ['python_setup_py']
[0.088s] Level 1:colcon.colcon_core.package_identification:_identify(utils) by extension 'python_setup_py'
[0.088s] Level 1:colcon.colcon_core.package_identification:_identify(utils/tracks) by extensions ['ignore', 'ignore_ament_install']
[0.088s] Level 1:colcon.colcon_core.package_identification:_identify(utils/tracks) by extension 'ignore'
[0.088s] Level 1:colcon.colcon_core.package_identification:_identify(utils/tracks) by extension 'ignore_ament_install'
[0.088s] Level 1:colcon.colcon_core.package_identification:_identify(utils/tracks) by extensions ['colcon_pkg']
[0.088s] Level 1:colcon.colcon_core.package_identification:_identify(utils/tracks) by extension 'colcon_pkg'
[0.088s] Level 1:colcon.colcon_core.package_identification:_identify(utils/tracks) by extensions ['colcon_meta']
[0.088s] Level 1:colcon.colcon_core.package_identification:_identify(utils/tracks) by extension 'colcon_meta'
[0.088s] Level 1:colcon.colcon_core.package_identification:_identify(utils/tracks) by extensions ['ros']
[0.088s] Level 1:colcon.colcon_core.package_identification:_identify(utils/tracks) by extension 'ros'
[0.088s] Level 1:colcon.colcon_core.package_identification:_identify(utils/tracks) by extensions ['cmake', 'python']
[0.088s] Level 1:colcon.colcon_core.package_identification:_identify(utils/tracks) by extension 'cmake'
[0.088s] Level 1:colcon.colcon_core.package_identification:_identify(utils/tracks) by extension 'python'
[0.088s] Level 1:colcon.colcon_core.package_identification:_identify(utils/tracks) by extensions ['python_setup_py']
[0.088s] Level 1:colcon.colcon_core.package_identification:_identify(utils/tracks) by extension 'python_setup_py'
[0.088s] Level 1:colcon.colcon_core.package_discovery:discover_packages(recursive) using defaults
[0.088s] Level 1:colcon.colcon_core.package_discovery:discover_packages(ignore) discover
[0.088s] Level 1:colcon.colcon_core.package_discovery:discover_packages(ignore) using defaults
[0.088s] Level 1:colcon.colcon_core.package_discovery:discover_packages(path) discover
[0.088s] Level 1:colcon.colcon_core.package_discovery:discover_packages(path) using defaults
[0.098s] Level 1:colcon.colcon_core.package_discovery:discover_packages(prefix_path) check parameters
[0.098s] Level 1:colcon.colcon_core.package_discovery:discover_packages(prefix_path) discover
[0.099s] WARNING:colcon.colcon_ros.prefix_path.ament:The path '/home/adamgb/phd/gazebo_ws/install/srt_controller' in the environment variable AMENT_PREFIX_PATH doesn't exist
[0.099s] WARNING:colcon.colcon_ros.prefix_path.ament:The path '/home/adamgb/phd/gazebo_ws/install/lvhr_controller' in the environment variable AMENT_PREFIX_PATH doesn't exist
[0.099s] WARNING:colcon.colcon_ros.prefix_path.ament:The path '/home/adamgb/phd/gazebo_ws/install/alien_gazebo_resources' in the environment variable AMENT_PREFIX_PATH doesn't exist
[0.099s] WARNING:colcon.colcon_ros.prefix_path.catkin:The path '/home/adamgb/phd/gazebo_ws/install/srt_controller' in the environment variable CMAKE_PREFIX_PATH doesn't exist
[0.099s] WARNING:colcon.colcon_ros.prefix_path.catkin:The path '/home/adamgb/phd/gazebo_ws/install/lvhr_controller' in the environment variable CMAKE_PREFIX_PATH doesn't exist
[0.099s] WARNING:colcon.colcon_ros.prefix_path.catkin:The path '/home/adamgb/phd/gazebo_ws/install/alien_gazebo_resources' in the environment variable CMAKE_PREFIX_PATH doesn't exist
[0.099s] DEBUG:colcon.colcon_installed_package_information.package_discovery:Found 0 installed packages in /home/adamgb/phd/gazebo_ws/install
[0.101s] DEBUG:colcon.colcon_installed_package_information.package_discovery:Found 423 installed packages in /opt/ros/jazzy
[0.102s] Level 1:colcon.colcon_core.package_discovery:discover_packages(prefix_path) using defaults
[0.126s] Level 5:colcon.colcon_core.verb:set package 'alien_gazebo_resources' build argument 'cmake_args' from command line to 'None'
[0.126s] Level 5:colcon.colcon_core.verb:set package 'alien_gazebo_resources' build argument 'cmake_target' from command line to 'None'
[0.126s] Level 5:colcon.colcon_core.verb:set package 'alien_gazebo_resources' build argument 'cmake_target_skip_unavailable' from command line to 'False'
[0.126s] Level 5:colcon.colcon_core.verb:set package 'alien_gazebo_resources' build argument 'cmake_clean_cache' from command line to 'False'
[0.126s] Level 5:colcon.colcon_core.verb:set package 'alien_gazebo_resources' build argument 'cmake_clean_first' from command line to 'False'
[0.126s] Level 5:colcon.colcon_core.verb:set package 'alien_gazebo_resources' build argument 'cmake_force_configure' from command line to 'False'
[0.126s] Level 5:colcon.colcon_core.verb:set package 'alien_gazebo_resources' build argument 'ament_cmake_args' from command line to 'None'
[0.126s] Level 5:colcon.colcon_core.verb:set package 'alien_gazebo_resources' build argument 'catkin_cmake_args' from command line to 'None'
[0.126s] Level 5:colcon.colcon_core.verb:set package 'alien_gazebo_resources' build argument 'catkin_skip_building_tests' from command line to 'False'
[0.126s] DEBUG:colcon.colcon_core.verb:Building package 'alien_gazebo_resources' with the following arguments: {'ament_cmake_args': None, 'build_base': '/home/adamgb/phd/gazebo_ws/build/alien_gazebo_resources', 'catkin_cmake_args': None, 'catkin_skip_building_tests': False, 'cmake_args': None, 'cmake_clean_cache': False, 'cmake_clean_first': False, 'cmake_force_configure': False, 'cmake_target': None, 'cmake_target_skip_unavailable': False, 'install_base': '/home/adamgb/phd/gazebo_ws/install/alien_gazebo_resources', 'merge_install': False, 'path': '/home/adamgb/phd/gazebo_ws/src/alien_gazebo_resources', 'symlink_install': False, 'test_result_base': None}
[0.126s] Level 5:colcon.colcon_core.verb:set package 'lvhr_controller' build argument 'cmake_args' from command line to 'None'
[0.126s] Level 5:colcon.colcon_core.verb:set package 'lvhr_controller' build argument 'cmake_target' from command line to 'None'
[0.126s] Level 5:colcon.colcon_core.verb:set package 'lvhr_controller' build argument 'cmake_target_skip_unavailable' from command line to 'False'
[0.126s] Level 5:colcon.colcon_core.verb:set package 'lvhr_controller' build argument 'cmake_clean_cache' from command line to 'False'
[0.126s] Level 5:colcon.colcon_core.verb:set package 'lvhr_controller' build argument 'cmake_clean_first' from command line to 'False'
[0.126s] Level 5:colcon.colcon_core.verb:set package 'lvhr_controller' build argument 'cmake_force_configure' from command line to 'False'
[0.126s] Level 5:colcon.colcon_core.verb:set package 'lvhr_controller' build argument 'ament_cmake_args' from command line to 'None'
[0.126s] Level 5:colcon.colcon_core.verb:set package 'lvhr_controller' build argument 'catkin_cmake_args' from command line to 'None'
[0.126s] Level 5:colcon.colcon_core.verb:set package 'lvhr_controller' build argument 'catkin_skip_building_tests' from command line to 'False'
[0.126s] DEBUG:colcon.colcon_core.verb:Building package 'lvhr_controller' with the following arguments: {'ament_cmake_args': None, 'build_base': '/home/adamgb/phd/gazebo_ws/build/lvhr_controller', 'catkin_cmake_args': None, 'catkin_skip_building_tests': False, 'cmake_args': None, 'cmake_clean_cache': False, 'cmake_clean_first': False, 'cmake_force_configure': False, 'cmake_target': None, 'cmake_target_skip_unavailable': False, 'install_base': '/home/adamgb/phd/gazebo_ws/install/lvhr_controller', 'merge_install': False, 'path': '/home/adamgb/phd/gazebo_ws/src/lvhr_controller', 'symlink_install': False, 'test_result_base': None}
[0.126s] Level 5:colcon.colcon_core.verb:set package 'srt_controller' build argument 'cmake_args' from command line to 'None'
[0.126s] Level 5:colcon.colcon_core.verb:set package 'srt_controller' build argument 'cmake_target' from command line to 'None'
[0.126s] Level 5:colcon.colcon_core.verb:set package 'srt_controller' build argument 'cmake_target_skip_unavailable' from command line to 'False'
[0.126s] Level 5:colcon.colcon_core.verb:set package 'srt_controller' build argument 'cmake_clean_cache' from command line to 'False'
[0.126s] Level 5:colcon.colcon_core.verb:set package 'srt_controller' build argument 'cmake_clean_first' from command line to 'False'
[0.126s] Level 5:colcon.colcon_core.verb:set package 'srt_controller' build argument 'cmake_force_configure' from command line to 'False'
[0.126s] Level 5:colcon.colcon_core.verb:set package 'srt_controller' build argument 'ament_cmake_args' from command line to 'None'
[0.126s] Level 5:colcon.colcon_core.verb:set package 'srt_controller' build argument 'catkin_cmake_args' from command line to 'None'
[0.126s] Level 5:colcon.colcon_core.verb:set package 'srt_controller' build argument 'catkin_skip_building_tests' from command line to 'False'
[0.126s] DEBUG:colcon.colcon_core.verb:Building package 'srt_controller' with the following arguments: {'ament_cmake_args': None, 'build_base': '/home/adamgb/phd/gazebo_ws/build/srt_controller', 'catkin_cmake_args': None, 'catkin_skip_building_tests': False, 'cmake_args': None, 'cmake_clean_cache': False, 'cmake_clean_first': False, 'cmake_force_configure': False, 'cmake_target': None, 'cmake_target_skip_unavailable': False, 'install_base': '/home/adamgb/phd/gazebo_ws/install/srt_controller', 'merge_install': False, 'path': '/home/adamgb/phd/gazebo_ws/src/srt_controller', 'symlink_install': False, 'test_result_base': None}
[0.126s] INFO:colcon.colcon_core.executor:Executing jobs using 'parallel' executor
[0.127s] DEBUG:colcon.colcon_parallel_executor.executor.parallel:run_until_complete
[0.127s] INFO:colcon.colcon_ros.task.ament_cmake.build:Building ROS package in '/home/adamgb/phd/gazebo_ws/src/alien_gazebo_resources' with build type 'ament_cmake'
[0.127s] INFO:colcon.colcon_cmake.task.cmake.build:Building CMake package in '/home/adamgb/phd/gazebo_ws/src/alien_gazebo_resources'
[0.128s] INFO:colcon.colcon_core.plugin_system:Skipping extension 'colcon_core.shell.bat': Not used on non-Windows systems
[0.129s] INFO:colcon.colcon_core.shell:Skip shell extension 'powershell' for command environment: Not usable outside of PowerShell
[0.129s] DEBUG:colcon.colcon_core.shell:Skip shell extension 'dsv' for command environment
[0.131s] INFO:colcon.colcon_ros.task.ament_cmake.build:Building ROS package in '/home/adamgb/phd/gazebo_ws/src/lvhr_controller' with build type 'ament_cmake'
[0.131s] INFO:colcon.colcon_cmake.task.cmake.build:Building CMake package in '/home/adamgb/phd/gazebo_ws/src/lvhr_controller'
[0.131s] INFO:colcon.colcon_core.shell:Skip shell extension 'powershell' for command environment: Not usable outside of PowerShell
[0.131s] DEBUG:colcon.colcon_core.shell:Skip shell extension 'dsv' for command environment
[0.133s] INFO:colcon.colcon_ros.task.ament_cmake.build:Building ROS package in '/home/adamgb/phd/gazebo_ws/src/srt_controller' with build type 'ament_cmake'
[0.133s] INFO:colcon.colcon_cmake.task.cmake.build:Building CMake package in '/home/adamgb/phd/gazebo_ws/src/srt_controller'
[0.133s] INFO:colcon.colcon_core.shell:Skip shell extension 'powershell' for command environment: Not usable outside of PowerShell
[0.133s] DEBUG:colcon.colcon_core.shell:Skip shell extension 'dsv' for command environment
[0.137s] DEBUG:colcon.colcon_core.event_handler.log_command:Invoking command in '/home/adamgb/phd/gazebo_ws/build/alien_gazebo_resources': /usr/bin/cmake /home/adamgb/phd/gazebo_ws/src/alien_gazebo_resources -DCMAKE_INSTALL_PREFIX=/home/adamgb/phd/gazebo_ws/install/alien_gazebo_resources
[0.138s] DEBUG:colcon.colcon_core.event_handler.log_command:Invoking command in '/home/adamgb/phd/gazebo_ws/build/lvhr_controller': /usr/bin/cmake /home/adamgb/phd/gazebo_ws/src/lvhr_controller -DCMAKE_INSTALL_PREFIX=/home/adamgb/phd/gazebo_ws/install/lvhr_controller
[0.141s] DEBUG:colcon.colcon_core.event_handler.log_command:Invoking command in '/home/adamgb/phd/gazebo_ws/build/srt_controller': /usr/bin/cmake /home/adamgb/phd/gazebo_ws/src/srt_controller -DCMAKE_INSTALL_PREFIX=/home/adamgb/phd/gazebo_ws/install/srt_controller
[0.613s] DEBUG:colcon.colcon_core.event_handler.log_command:Invoked command in '/home/adamgb/phd/gazebo_ws/build/alien_gazebo_resources' returned '0': /usr/bin/cmake /home/adamgb/phd/gazebo_ws/src/alien_gazebo_resources -DCMAKE_INSTALL_PREFIX=/home/adamgb/phd/gazebo_ws/install/alien_gazebo_resources
[0.613s] DEBUG:colcon.colcon_core.event_handler.log_command:Invoking command in '/home/adamgb/phd/gazebo_ws/build/alien_gazebo_resources': /usr/bin/cmake --build /home/adamgb/phd/gazebo_ws/build/alien_gazebo_resources -- -j32 -l32
[0.643s] DEBUG:colcon.colcon_core.event_handler.log_command:Invoked command in '/home/adamgb/phd/gazebo_ws/build/alien_gazebo_resources' returned '0': /usr/bin/cmake --build /home/adamgb/phd/gazebo_ws/build/alien_gazebo_resources -- -j32 -l32
[0.649s] DEBUG:colcon.colcon_core.event_handler.log_command:Invoking command in '/home/adamgb/phd/gazebo_ws/build/alien_gazebo_resources': /usr/bin/cmake --install /home/adamgb/phd/gazebo_ws/build/alien_gazebo_resources
[0.672s] Level 1:colcon.colcon_core.environment:create_environment_scripts_only(alien_gazebo_resources)
[0.673s] DEBUG:colcon.colcon_core.event_handler.log_command:Invoked command in '/home/adamgb/phd/gazebo_ws/build/alien_gazebo_resources' returned '0': /usr/bin/cmake --install /home/adamgb/phd/gazebo_ws/build/alien_gazebo_resources
[0.675s] Level 1:colcon.colcon_core.environment:checking '/home/adamgb/phd/gazebo_ws/install/alien_gazebo_resources' for CMake module files
[0.675s] Level 1:colcon.colcon_core.environment:checking '/home/adamgb/phd/gazebo_ws/install/alien_gazebo_resources' for CMake config files
[0.676s] Level 1:colcon.colcon_core.shell:create_environment_hook('alien_gazebo_resources', 'cmake_prefix_path')
[0.676s] INFO:colcon.colcon_core.shell:Creating environment hook '/home/adamgb/phd/gazebo_ws/install/alien_gazebo_resources/share/alien_gazebo_resources/hook/cmake_prefix_path.ps1'
[0.676s] INFO:colcon.colcon_core.shell:Creating environment descriptor '/home/adamgb/phd/gazebo_ws/install/alien_gazebo_resources/share/alien_gazebo_resources/hook/cmake_prefix_path.dsv'
[0.677s] INFO:colcon.colcon_core.shell:Creating environment hook '/home/adamgb/phd/gazebo_ws/install/alien_gazebo_resources/share/alien_gazebo_resources/hook/cmake_prefix_path.sh'
[0.677s] Level 1:colcon.colcon_core.environment:checking '/home/adamgb/phd/gazebo_ws/install/alien_gazebo_resources/bin'
[0.677s] Level 1:colcon.colcon_core.environment:checking '/home/adamgb/phd/gazebo_ws/install/alien_gazebo_resources/lib/pkgconfig/alien_gazebo_resources.pc'
[0.677s] Level 1:colcon.colcon_core.environment:checking '/home/adamgb/phd/gazebo_ws/install/alien_gazebo_resources/lib/python3.12/site-packages'
[0.678s] Level 1:colcon.colcon_core.environment:checking '/home/adamgb/phd/gazebo_ws/install/alien_gazebo_resources/bin'
[0.678s] INFO:colcon.colcon_core.shell:Creating package script '/home/adamgb/phd/gazebo_ws/install/alien_gazebo_resources/share/alien_gazebo_resources/package.ps1'
[0.679s] INFO:colcon.colcon_core.shell:Creating package descriptor '/home/adamgb/phd/gazebo_ws/install/alien_gazebo_resources/share/alien_gazebo_resources/package.dsv'
[0.679s] INFO:colcon.colcon_core.shell:Creating package script '/home/adamgb/phd/gazebo_ws/install/alien_gazebo_resources/share/alien_gazebo_resources/package.sh'
[0.679s] INFO:colcon.colcon_core.shell:Creating package script '/home/adamgb/phd/gazebo_ws/install/alien_gazebo_resources/share/alien_gazebo_resources/package.bash'
[0.680s] INFO:colcon.colcon_core.shell:Creating package script '/home/adamgb/phd/gazebo_ws/install/alien_gazebo_resources/share/alien_gazebo_resources/package.zsh'
[0.680s] Level 1:colcon.colcon_core.environment:create_file_with_runtime_dependencies(/home/adamgb/phd/gazebo_ws/install/alien_gazebo_resources/share/colcon-core/packages/alien_gazebo_resources)
[0.681s] Level 1:colcon.colcon_core.environment:create_environment_scripts_only(alien_gazebo_resources)
[0.681s] Level 1:colcon.colcon_core.environment:checking '/home/adamgb/phd/gazebo_ws/install/alien_gazebo_resources' for CMake module files
[0.681s] Level 1:colcon.colcon_core.environment:checking '/home/adamgb/phd/gazebo_ws/install/alien_gazebo_resources' for CMake config files
[0.682s] Level 1:colcon.colcon_core.shell:create_environment_hook('alien_gazebo_resources', 'cmake_prefix_path')
[0.682s] INFO:colcon.colcon_core.shell:Creating environment hook '/home/adamgb/phd/gazebo_ws/install/alien_gazebo_resources/share/alien_gazebo_resources/hook/cmake_prefix_path.ps1'
[0.682s] INFO:colcon.colcon_core.shell:Creating environment descriptor '/home/adamgb/phd/gazebo_ws/install/alien_gazebo_resources/share/alien_gazebo_resources/hook/cmake_prefix_path.dsv'
[0.682s] INFO:colcon.colcon_core.shell:Creating environment hook '/home/adamgb/phd/gazebo_ws/install/alien_gazebo_resources/share/alien_gazebo_resources/hook/cmake_prefix_path.sh'
[0.683s] Level 1:colcon.colcon_core.environment:checking '/home/adamgb/phd/gazebo_ws/install/alien_gazebo_resources/bin'
[0.683s] Level 1:colcon.colcon_core.environment:checking '/home/adamgb/phd/gazebo_ws/install/alien_gazebo_resources/lib/pkgconfig/alien_gazebo_resources.pc'
[0.683s] Level 1:colcon.colcon_core.environment:checking '/home/adamgb/phd/gazebo_ws/install/alien_gazebo_resources/lib/python3.12/site-packages'
[0.683s] Level 1:colcon.colcon_core.environment:checking '/home/adamgb/phd/gazebo_ws/install/alien_gazebo_resources/bin'
[0.683s] INFO:colcon.colcon_core.shell:Creating package script '/home/adamgb/phd/gazebo_ws/install/alien_gazebo_resources/share/alien_gazebo_resources/package.ps1'
[0.684s] INFO:colcon.colcon_core.shell:Creating package descriptor '/home/adamgb/phd/gazebo_ws/install/alien_gazebo_resources/share/alien_gazebo_resources/package.dsv'
[0.684s] INFO:colcon.colcon_core.shell:Creating package script '/home/adamgb/phd/gazebo_ws/install/alien_gazebo_resources/share/alien_gazebo_resources/package.sh'
[0.684s] INFO:colcon.colcon_core.shell:Creating package script '/home/adamgb/phd/gazebo_ws/install/alien_gazebo_resources/share/alien_gazebo_resources/package.bash'
[0.685s] INFO:colcon.colcon_core.shell:Creating package script '/home/adamgb/phd/gazebo_ws/install/alien_gazebo_resources/share/alien_gazebo_resources/package.zsh'
[0.685s] Level 1:colcon.colcon_core.environment:create_file_with_runtime_dependencies(/home/adamgb/phd/gazebo_ws/install/alien_gazebo_resources/share/colcon-core/packages/alien_gazebo_resources)
[1.145s] DEBUG:colcon.colcon_core.event_handler.log_command:Invoked command in '/home/adamgb/phd/gazebo_ws/build/srt_controller' returned '0': /usr/bin/cmake /home/adamgb/phd/gazebo_ws/src/srt_controller -DCMAKE_INSTALL_PREFIX=/home/adamgb/phd/gazebo_ws/install/srt_controller
[1.145s] DEBUG:colcon.colcon_core.event_handler.log_command:Invoking command in '/home/adamgb/phd/gazebo_ws/build/srt_controller': /usr/bin/cmake --build /home/adamgb/phd/gazebo_ws/build/srt_controller -- -j32 -l32
[1.151s] DEBUG:colcon.colcon_core.event_handler.log_command:Invoked command in '/home/adamgb/phd/gazebo_ws/build/lvhr_controller' returned '0': /usr/bin/cmake /home/adamgb/phd/gazebo_ws/src/lvhr_controller -DCMAKE_INSTALL_PREFIX=/home/adamgb/phd/gazebo_ws/install/lvhr_controller
[1.152s] DEBUG:colcon.colcon_core.event_handler.log_command:Invoking command in '/home/adamgb/phd/gazebo_ws/build/lvhr_controller': /usr/bin/cmake --build /home/adamgb/phd/gazebo_ws/build/lvhr_controller -- -j32 -l32
[7.801s] DEBUG:colcon.colcon_core.event_handler.log_command:Invoked command in '/home/adamgb/phd/gazebo_ws/build/srt_controller' returned '0': /usr/bin/cmake --build /home/adamgb/phd/gazebo_ws/build/srt_controller -- -j32 -l32
[7.802s] DEBUG:colcon.colcon_core.event_handler.log_command:Invoking command in '/home/adamgb/phd/gazebo_ws/build/srt_controller': /usr/bin/cmake --install /home/adamgb/phd/gazebo_ws/build/srt_controller
[7.812s] Level 1:colcon.colcon_core.environment:create_environment_scripts_only(srt_controller)
[7.812s] Level 1:colcon.colcon_core.environment:checking '/home/adamgb/phd/gazebo_ws/install/srt_controller' for CMake module files
[7.812s] DEBUG:colcon.colcon_core.event_handler.log_command:Invoked command in '/home/adamgb/phd/gazebo_ws/build/srt_controller' returned '0': /usr/bin/cmake --install /home/adamgb/phd/gazebo_ws/build/srt_controller
[7.813s] Level 1:colcon.colcon_core.environment:checking '/home/adamgb/phd/gazebo_ws/install/srt_controller' for CMake config files
[7.813s] Level 1:colcon.colcon_core.shell:create_environment_hook('srt_controller', 'cmake_prefix_path')
[7.813s] INFO:colcon.colcon_core.shell:Creating environment hook '/home/adamgb/phd/gazebo_ws/install/srt_controller/share/srt_controller/hook/cmake_prefix_path.ps1'
[7.813s] INFO:colcon.colcon_core.shell:Creating environment descriptor '/home/adamgb/phd/gazebo_ws/install/srt_controller/share/srt_controller/hook/cmake_prefix_path.dsv'
[7.814s] INFO:colcon.colcon_core.shell:Creating environment hook '/home/adamgb/phd/gazebo_ws/install/srt_controller/share/srt_controller/hook/cmake_prefix_path.sh'
[7.814s] Level 1:colcon.colcon_core.environment:checking '/home/adamgb/phd/gazebo_ws/install/srt_controller/lib'
[7.814s] Level 1:colcon.colcon_core.shell:create_environment_hook('srt_controller', 'ld_library_path_lib')
[7.814s] INFO:colcon.colcon_core.shell:Creating environment hook '/home/adamgb/phd/gazebo_ws/install/srt_controller/share/srt_controller/hook/ld_library_path_lib.ps1'
[7.815s] INFO:colcon.colcon_core.shell:Creating environment descriptor '/home/adamgb/phd/gazebo_ws/install/srt_controller/share/srt_controller/hook/ld_library_path_lib.dsv'
[7.815s] INFO:colcon.colcon_core.shell:Creating environment hook '/home/adamgb/phd/gazebo_ws/install/srt_controller/share/srt_controller/hook/ld_library_path_lib.sh'
[7.815s] Level 1:colcon.colcon_core.environment:checking '/home/adamgb/phd/gazebo_ws/install/srt_controller/bin'
[7.815s] Level 1:colcon.colcon_core.environment:checking '/home/adamgb/phd/gazebo_ws/install/srt_controller/lib/pkgconfig/srt_controller.pc'
[7.815s] Level 1:colcon.colcon_core.environment:checking '/home/adamgb/phd/gazebo_ws/install/srt_controller/lib/python3.12/site-packages'
[7.816s] Level 1:colcon.colcon_core.environment:checking '/home/adamgb/phd/gazebo_ws/install/srt_controller/bin'
[7.816s] INFO:colcon.colcon_core.shell:Creating package script '/home/adamgb/phd/gazebo_ws/install/srt_controller/share/srt_controller/package.ps1'
[7.816s] INFO:colcon.colcon_core.shell:Creating package descriptor '/home/adamgb/phd/gazebo_ws/install/srt_controller/share/srt_controller/package.dsv'
[7.817s] INFO:colcon.colcon_core.shell:Creating package script '/home/adamgb/phd/gazebo_ws/install/srt_controller/share/srt_controller/package.sh'
[7.817s] INFO:colcon.colcon_core.shell:Creating package script '/home/adamgb/phd/gazebo_ws/install/srt_controller/share/srt_controller/package.bash'
[7.817s] INFO:colcon.colcon_core.shell:Creating package script '/home/adamgb/phd/gazebo_ws/install/srt_controller/share/srt_controller/package.zsh'
[7.817s] Level 1:colcon.colcon_core.environment:create_file_with_runtime_dependencies(/home/adamgb/phd/gazebo_ws/install/srt_controller/share/colcon-core/packages/srt_controller)
[7.818s] Level 1:colcon.colcon_core.environment:create_environment_scripts_only(srt_controller)
[7.818s] Level 1:colcon.colcon_core.environment:checking '/home/adamgb/phd/gazebo_ws/install/srt_controller' for CMake module files
[7.818s] Level 1:colcon.colcon_core.environment:checking '/home/adamgb/phd/gazebo_ws/install/srt_controller' for CMake config files
[7.819s] Level 1:colcon.colcon_core.shell:create_environment_hook('srt_controller', 'cmake_prefix_path')
[7.819s] INFO:colcon.colcon_core.shell:Creating environment hook '/home/adamgb/phd/gazebo_ws/install/srt_controller/share/srt_controller/hook/cmake_prefix_path.ps1'
[7.819s] INFO:colcon.colcon_core.shell:Creating environment descriptor '/home/adamgb/phd/gazebo_ws/install/srt_controller/share/srt_controller/hook/cmake_prefix_path.dsv'
[7.819s] INFO:colcon.colcon_core.shell:Creating environment hook '/home/adamgb/phd/gazebo_ws/install/srt_controller/share/srt_controller/hook/cmake_prefix_path.sh'
[7.820s] Level 1:colcon.colcon_core.environment:checking '/home/adamgb/phd/gazebo_ws/install/srt_controller/lib'
[7.820s] Level 1:colcon.colcon_core.shell:create_environment_hook('srt_controller', 'ld_library_path_lib')
[7.820s] INFO:colcon.colcon_core.shell:Creating environment hook '/home/adamgb/phd/gazebo_ws/install/srt_controller/share/srt_controller/hook/ld_library_path_lib.ps1'
[7.820s] INFO:colcon.colcon_core.shell:Creating environment descriptor '/home/adamgb/phd/gazebo_ws/install/srt_controller/share/srt_controller/hook/ld_library_path_lib.dsv'
[7.820s] INFO:colcon.colcon_core.shell:Creating environment hook '/home/adamgb/phd/gazebo_ws/install/srt_controller/share/srt_controller/hook/ld_library_path_lib.sh'
[7.820s] Level 1:colcon.colcon_core.environment:checking '/home/adamgb/phd/gazebo_ws/install/srt_controller/bin'
[7.820s] Level 1:colcon.colcon_core.environment:checking '/home/adamgb/phd/gazebo_ws/install/srt_controller/lib/pkgconfig/srt_controller.pc'
[7.821s] Level 1:colcon.colcon_core.environment:checking '/home/adamgb/phd/gazebo_ws/install/srt_controller/lib/python3.12/site-packages'
[7.821s] Level 1:colcon.colcon_core.environment:checking '/home/adamgb/phd/gazebo_ws/install/srt_controller/bin'
[7.821s] INFO:colcon.colcon_core.shell:Creating package script '/home/adamgb/phd/gazebo_ws/install/srt_controller/share/srt_controller/package.ps1'
[7.822s] INFO:colcon.colcon_core.shell:Creating package descriptor '/home/adamgb/phd/gazebo_ws/install/srt_controller/share/srt_controller/package.dsv'
[7.822s] INFO:colcon.colcon_core.shell:Creating package script '/home/adamgb/phd/gazebo_ws/install/srt_controller/share/srt_controller/package.sh'
[7.822s] INFO:colcon.colcon_core.shell:Creating package script '/home/adamgb/phd/gazebo_ws/install/srt_controller/share/srt_controller/package.bash'
[7.822s] INFO:colcon.colcon_core.shell:Creating package script '/home/adamgb/phd/gazebo_ws/install/srt_controller/share/srt_controller/package.zsh'
[7.822s] Level 1:colcon.colcon_core.environment:create_file_with_runtime_dependencies(/home/adamgb/phd/gazebo_ws/install/srt_controller/share/colcon-core/packages/srt_controller)
[11.831s] DEBUG:colcon.colcon_core.event_handler.log_command:Invoked command in '/home/adamgb/phd/gazebo_ws/build/lvhr_controller' returned '0': /usr/bin/cmake --build /home/adamgb/phd/gazebo_ws/build/lvhr_controller -- -j32 -l32
[11.832s] DEBUG:colcon.colcon_core.event_handler.log_command:Invoking command in '/home/adamgb/phd/gazebo_ws/build/lvhr_controller': /usr/bin/cmake --install /home/adamgb/phd/gazebo_ws/build/lvhr_controller
[11.852s] Level 1:colcon.colcon_core.environment:create_environment_scripts_only(lvhr_controller)
[11.852s] Level 1:colcon.colcon_core.environment:checking '/home/adamgb/phd/gazebo_ws/install/lvhr_controller' for CMake module files
[11.853s] DEBUG:colcon.colcon_core.event_handler.log_command:Invoked command in '/home/adamgb/phd/gazebo_ws/build/lvhr_controller' returned '0': /usr/bin/cmake --install /home/adamgb/phd/gazebo_ws/build/lvhr_controller
[11.853s] Level 1:colcon.colcon_core.environment:checking '/home/adamgb/phd/gazebo_ws/install/lvhr_controller' for CMake config files
[11.854s] Level 1:colcon.colcon_core.shell:create_environment_hook('lvhr_controller', 'cmake_prefix_path')
[11.854s] INFO:colcon.colcon_core.shell:Creating environment hook '/home/adamgb/phd/gazebo_ws/install/lvhr_controller/share/lvhr_controller/hook/cmake_prefix_path.ps1'
[11.854s] INFO:colcon.colcon_core.shell:Creating environment descriptor '/home/adamgb/phd/gazebo_ws/install/lvhr_controller/share/lvhr_controller/hook/cmake_prefix_path.dsv'
[11.854s] INFO:colcon.colcon_core.shell:Creating environment hook '/home/adamgb/phd/gazebo_ws/install/lvhr_controller/share/lvhr_controller/hook/cmake_prefix_path.sh'
[11.854s] Level 1:colcon.colcon_core.environment:checking '/home/adamgb/phd/gazebo_ws/install/lvhr_controller/lib'
[11.854s] Level 1:colcon.colcon_core.shell:create_environment_hook('lvhr_controller', 'ld_library_path_lib')
[11.855s] INFO:colcon.colcon_core.shell:Creating environment hook '/home/adamgb/phd/gazebo_ws/install/lvhr_controller/share/lvhr_controller/hook/ld_library_path_lib.ps1'
[11.855s] INFO:colcon.colcon_core.shell:Creating environment descriptor '/home/adamgb/phd/gazebo_ws/install/lvhr_controller/share/lvhr_controller/hook/ld_library_path_lib.dsv'
[11.855s] INFO:colcon.colcon_core.shell:Creating environment hook '/home/adamgb/phd/gazebo_ws/install/lvhr_controller/share/lvhr_controller/hook/ld_library_path_lib.sh'
[11.855s] Level 1:colcon.colcon_core.environment:checking '/home/adamgb/phd/gazebo_ws/install/lvhr_controller/bin'
[11.855s] Level 1:colcon.colcon_core.environment:checking '/home/adamgb/phd/gazebo_ws/install/lvhr_controller/lib/pkgconfig/lvhr_controller.pc'
[11.855s] Level 1:colcon.colcon_core.environment:checking '/home/adamgb/phd/gazebo_ws/install/lvhr_controller/lib/python3.12/site-packages'
[11.856s] Level 1:colcon.colcon_core.environment:checking '/home/adamgb/phd/gazebo_ws/install/lvhr_controller/bin'
[11.856s] INFO:colcon.colcon_core.shell:Creating package script '/home/adamgb/phd/gazebo_ws/install/lvhr_controller/share/lvhr_controller/package.ps1'
[11.856s] INFO:colcon.colcon_core.shell:Creating package descriptor '/home/adamgb/phd/gazebo_ws/install/lvhr_controller/share/lvhr_controller/package.dsv'
[11.856s] INFO:colcon.colcon_core.shell:Creating package script '/home/adamgb/phd/gazebo_ws/install/lvhr_controller/share/lvhr_controller/package.sh'
[11.857s] INFO:colcon.colcon_core.shell:Creating package script '/home/adamgb/phd/gazebo_ws/install/lvhr_controller/share/lvhr_controller/package.bash'
[11.857s] INFO:colcon.colcon_core.shell:Creating package script '/home/adamgb/phd/gazebo_ws/install/lvhr_controller/share/lvhr_controller/package.zsh'
[11.857s] Level 1:colcon.colcon_core.environment:create_file_with_runtime_dependencies(/home/adamgb/phd/gazebo_ws/install/lvhr_controller/share/colcon-core/packages/lvhr_controller)
[11.857s] Level 1:colcon.colcon_core.environment:create_environment_scripts_only(lvhr_controller)
[11.857s] Level 1:colcon.colcon_core.environment:checking '/home/adamgb/phd/gazebo_ws/install/lvhr_controller' for CMake module files
[11.858s] Level 1:colcon.colcon_core.environment:checking '/home/adamgb/phd/gazebo_ws/install/lvhr_controller' for CMake config files
[11.858s] Level 1:colcon.colcon_core.shell:create_environment_hook('lvhr_controller', 'cmake_prefix_path')
[11.858s] INFO:colcon.colcon_core.shell:Creating environment hook '/home/adamgb/phd/gazebo_ws/install/lvhr_controller/share/lvhr_controller/hook/cmake_prefix_path.ps1'
[11.859s] INFO:colcon.colcon_core.shell:Creating environment descriptor '/home/adamgb/phd/gazebo_ws/install/lvhr_controller/share/lvhr_controller/hook/cmake_prefix_path.dsv'
[11.859s] INFO:colcon.colcon_core.shell:Creating environment hook '/home/adamgb/phd/gazebo_ws/install/lvhr_controller/share/lvhr_controller/hook/cmake_prefix_path.sh'
[11.859s] Level 1:colcon.colcon_core.environment:checking '/home/adamgb/phd/gazebo_ws/install/lvhr_controller/lib'
[11.860s] Level 1:colcon.colcon_core.shell:create_environment_hook('lvhr_controller', 'ld_library_path_lib')
[11.860s] INFO:colcon.colcon_core.shell:Creating environment hook '/home/adamgb/phd/gazebo_ws/install/lvhr_controller/share/lvhr_controller/hook/ld_library_path_lib.ps1'
[11.860s] INFO:colcon.colcon_core.shell:Creating environment descriptor '/home/adamgb/phd/gazebo_ws/install/lvhr_controller/share/lvhr_controller/hook/ld_library_path_lib.dsv'
[11.860s] INFO:colcon.colcon_core.shell:Creating environment hook '/home/adamgb/phd/gazebo_ws/install/lvhr_controller/share/lvhr_controller/hook/ld_library_path_lib.sh'
[11.861s] Level 1:colcon.colcon_core.environment:checking '/home/adamgb/phd/gazebo_ws/install/lvhr_controller/bin'
[11.861s] Level 1:colcon.colcon_core.environment:checking '/home/adamgb/phd/gazebo_ws/install/lvhr_controller/lib/pkgconfig/lvhr_controller.pc'
[11.861s] Level 1:colcon.colcon_core.environment:checking '/home/adamgb/phd/gazebo_ws/install/lvhr_controller/lib/python3.12/site-packages'
[11.861s] Level 1:colcon.colcon_core.environment:checking '/home/adamgb/phd/gazebo_ws/install/lvhr_controller/bin'
[11.861s] INFO:colcon.colcon_core.shell:Creating package script '/home/adamgb/phd/gazebo_ws/install/lvhr_controller/share/lvhr_controller/package.ps1'
[11.862s] INFO:colcon.colcon_core.shell:Creating package descriptor '/home/adamgb/phd/gazebo_ws/install/lvhr_controller/share/lvhr_controller/package.dsv'
[11.863s] INFO:colcon.colcon_core.shell:Creating package script '/home/adamgb/phd/gazebo_ws/install/lvhr_controller/share/lvhr_controller/package.sh'
[11.863s] INFO:colcon.colcon_core.shell:Creating package script '/home/adamgb/phd/gazebo_ws/install/lvhr_controller/share/lvhr_controller/package.bash'
[11.863s] INFO:colcon.colcon_core.shell:Creating package script '/home/adamgb/phd/gazebo_ws/install/lvhr_controller/share/lvhr_controller/package.zsh'
[11.864s] Level 1:colcon.colcon_core.environment:create_file_with_runtime_dependencies(/home/adamgb/phd/gazebo_ws/install/lvhr_controller/share/colcon-core/packages/lvhr_controller)
[11.864s] DEBUG:colcon.colcon_parallel_executor.executor.parallel:closing loop
[11.864s] DEBUG:colcon.colcon_parallel_executor.executor.parallel:loop closed
[11.864s] DEBUG:colcon.colcon_parallel_executor.executor.parallel:run_until_complete finished with '0'
[11.864s] DEBUG:colcon.colcon_core.event_reactor:joining thread
[11.870s] INFO:colcon.colcon_core.plugin_system:Skipping extension 'colcon_notification.desktop_notification.terminal_notifier': Not used on non-Darwin systems
[11.870s] INFO:colcon.colcon_core.plugin_system:Skipping extension 'colcon_notification.desktop_notification.win32': Not used on non-Windows systems
[11.870s] INFO:colcon.colcon_notification.desktop_notification:Sending desktop notification using 'notify2'
[11.885s] DEBUG:colcon.colcon_core.event_reactor:joined thread
[11.885s] INFO:colcon.colcon_core.shell:Creating prefix script '/home/adamgb/phd/gazebo_ws/install/local_setup.ps1'
[11.886s] INFO:colcon.colcon_core.shell:Creating prefix util module '/home/adamgb/phd/gazebo_ws/install/_local_setup_util_ps1.py'
[11.887s] INFO:colcon.colcon_core.shell:Creating prefix chain script '/home/adamgb/phd/gazebo_ws/install/setup.ps1'
[11.888s] INFO:colcon.colcon_core.shell:Creating prefix script '/home/adamgb/phd/gazebo_ws/install/local_setup.sh'
[11.888s] INFO:colcon.colcon_core.shell:Creating prefix util module '/home/adamgb/phd/gazebo_ws/install/_local_setup_util_sh.py'
[11.888s] INFO:colcon.colcon_core.shell:Creating prefix chain script '/home/adamgb/phd/gazebo_ws/install/setup.sh'
[11.889s] INFO:colcon.colcon_core.shell:Creating prefix script '/home/adamgb/phd/gazebo_ws/install/local_setup.bash'
[11.889s] INFO:colcon.colcon_core.shell:Creating prefix chain script '/home/adamgb/phd/gazebo_ws/install/setup.bash'
[11.890s] INFO:colcon.colcon_core.shell:Creating prefix script '/home/adamgb/phd/gazebo_ws/install/local_setup.zsh'
[11.890s] INFO:colcon.colcon_core.shell:Creating prefix chain script '/home/adamgb/phd/gazebo_ws/install/setup.zsh'
