[  6%] [34m[1mCreating directories for 'microcdr'[0m
[ 12%] [34m[1mPerforming download step (git clone) for 'microcdr'[0m
[ 18%] [34m[1mPerforming update step for 'microcdr'[0m
[ 25%] [34m[1mNo patch step for 'microcdr'[0m
[ 31%] [34m[1mPerforming configure step for 'microcdr'[0m
loading initial cache file /home/adamgb/phd/gazebo_ws/build/px4/src/modules/uxrce_dds_client/src/libmicroxrceddsclient_project-build/microcdr/tmp/microcdr-cache-Release.cmake
-- The C compiler identification is GNU 13.3.0
-- Detecting C compiler ABI info
-- Detecting C compiler ABI info - done
-- Check for working C compiler: /usr/bin/cc - skipped
-- Detecting C compile features
-- Detecting C compile features - done
-- The CXX compiler identification is GNU 13.3.0
-- Detecting CXX compiler ABI info
-- Detecting CXX compiler ABI info - done
-- Check for working CXX compiler: /usr/bin/c++ - skipped
-- Detecting CXX compile features
-- Detecting CXX compile features - done
-- Configuring done (0.3s)
-- Generating done (0.0s)
-- Build files have been written to: /home/adamgb/phd/gazebo_ws/build/px4/src/modules/uxrce_dds_client/src/libmicroxrceddsclient_project-build/microcdr/src/microcdr-build
[ 37%] [34m[1mPerforming build step for 'microcdr'[0m
[ 12%] [34m[1mCreating directories for 'ucdr'[0m
[ 25%] [34m[1mNo download step for 'ucdr'[0m
[ 37%] [34m[1mNo update step for 'ucdr'[0m
[ 50%] [34m[1mNo patch step for 'ucdr'[0m
[ 62%] [34m[1mPerforming configure step for 'ucdr'[0m
loading initial cache file /home/adamgb/phd/gazebo_ws/build/px4/src/modules/uxrce_dds_client/src/libmicroxrceddsclient_project-build/microcdr/src/microcdr-build/ucdr-prefix/tmp/ucdr-cache-Release.cmake
-- Configuring done (0.0s)
-- Generating done (0.0s)
-- Build files have been written to: /home/adamgb/phd/gazebo_ws/build/px4/src/modules/uxrce_dds_client/src/libmicroxrceddsclient_project-build/microcdr/src/microcdr-build
[ 75%] [34m[1mPerforming build step for 'ucdr'[0m
[ 16%] [32mBuilding C object CMakeFiles/microcdr.dir/src/c/types/basic.c.o[0m
[ 33%] [32mBuilding C object CMakeFiles/microcdr.dir/src/c/types/sequence.c.o[0m
[ 66%] [32mBuilding C object CMakeFiles/microcdr.dir/src/c/common.c.o[0m
[ 66%] [32mBuilding C object CMakeFiles/microcdr.dir/src/c/types/string.c.o[0m
[ 83%] [32mBuilding C object CMakeFiles/microcdr.dir/src/c/types/array.c.o[0m
[100%] [32m[1mLinking C static library libmicrocdr.a[0m
[100%] Built target microcdr
[34m[1mNo install step for 'ucdr'[0m
[34m[1mCompleted 'ucdr'[0m
Built target ucdr
[ 43%] [34m[1mPerforming install step for 'microcdr'[0m
[100%] Built target microcdr
[36mInstall the project...[0m
-- Install configuration: "Release"
-- Installing: /home/adamgb/phd/gazebo_ws/build/px4/src/modules/uxrce_dds_client/src/libmicroxrceddsclient_project-build/temp_install/microcdr-2.0.1/lib/libmicrocdr.a
-- Installing: /home/adamgb/phd/gazebo_ws/build/px4/src/modules/uxrce_dds_client/src/libmicroxrceddsclient_project-build/temp_install/microcdr-2.0.1/include/ucdr
-- Installing: /home/adamgb/phd/gazebo_ws/build/px4/src/modules/uxrce_dds_client/src/libmicroxrceddsclient_project-build/temp_install/microcdr-2.0.1/include/ucdr/microcdr.h
-- Installing: /home/adamgb/phd/gazebo_ws/build/px4/src/modules/uxrce_dds_client/src/libmicroxrceddsclient_project-build/temp_install/microcdr-2.0.1/include/ucdr/visibility.h
-- Installing: /home/adamgb/phd/gazebo_ws/build/px4/src/modules/uxrce_dds_client/src/libmicroxrceddsclient_project-build/temp_install/microcdr-2.0.1/include/ucdr/config.h
-- Installing: /home/adamgb/phd/gazebo_ws/build/px4/src/modules/uxrce_dds_client/src/libmicroxrceddsclient_project-build/temp_install/microcdr-2.0.1/share/microcdr/cmake/microcdrTargets.cmake
-- Installing: /home/adamgb/phd/gazebo_ws/build/px4/src/modules/uxrce_dds_client/src/libmicroxrceddsclient_project-build/temp_install/microcdr-2.0.1/share/microcdr/cmake/microcdrTargets-release.cmake
-- Installing: /home/adamgb/phd/gazebo_ws/build/px4/src/modules/uxrce_dds_client/src/libmicroxrceddsclient_project-build/temp_install/microcdr-2.0.1/share/microcdr/cmake/microcdrConfig.cmake
-- Installing: /home/adamgb/phd/gazebo_ws/build/px4/src/modules/uxrce_dds_client/src/libmicroxrceddsclient_project-build/temp_install/microcdr-2.0.1/share/microcdr/cmake/microcdrConfigVersion.cmake
[ 50%] [34m[1mCompleted 'microcdr'[0m
[ 50%] Built target microcdr
[ 56%] [34m[1mCreating directories for 'uclient'[0m
[ 62%] [34m[1mNo download step for 'uclient'[0m
[ 68%] [34m[1mNo update step for 'uclient'[0m
[ 75%] [34m[1mNo patch step for 'uclient'[0m
[ 81%] [34m[1mPerforming configure step for 'uclient'[0m
loading initial cache file /home/adamgb/phd/gazebo_ws/build/px4/src/modules/uxrce_dds_client/src/libmicroxrceddsclient_project-build/uclient-prefix/tmp/uclient-cache-Release.cmake
-- Performing Test CMAKE_HAVE_LIBC_PTHREAD
-- Performing Test CMAKE_HAVE_LIBC_PTHREAD - Success
-- Found Threads: TRUE  
-- Configuring done (0.2s)
-- Generating done (0.0s)
-- Build files have been written to: /home/adamgb/phd/gazebo_ws/build/px4/src/modules/uxrce_dds_client/src/libmicroxrceddsclient_project-build
[ 87%] [34m[1mPerforming build step for 'uclient'[0m
[  3%] [32mBuilding C object CMakeFiles/microxrcedds_client.dir/src/c/core/session/stream/input_best_effort_stream.c.o[0m
[  6%] [32mBuilding C object CMakeFiles/microxrcedds_client.dir/src/c/core/session/stream/input_reliable_stream.c.o[0m
[ 10%] [32mBuilding C object CMakeFiles/microxrcedds_client.dir/src/c/core/session/stream/output_best_effort_stream.c.o[0m
[ 17%] [32mBuilding C object CMakeFiles/microxrcedds_client.dir/src/c/core/session/stream/output_reliable_stream.c.o[0m
[ 17%] [32mBuilding C object CMakeFiles/microxrcedds_client.dir/src/c/core/session/stream/stream_storage.c.o[0m
[ 20%] [32mBuilding C object CMakeFiles/microxrcedds_client.dir/src/c/core/session/stream/stream_id.c.o[0m
[ 24%] [32mBuilding C object CMakeFiles/microxrcedds_client.dir/src/c/core/session/stream/seq_num.c.o[0m
[ 27%] [32mBuilding C object CMakeFiles/microxrcedds_client.dir/src/c/core/session/session.c.o[0m
[ 31%] [32mBuilding C object CMakeFiles/microxrcedds_client.dir/src/c/core/session/submessage.c.o[0m
[ 34%] [32mBuilding C object CMakeFiles/microxrcedds_client.dir/src/c/core/session/session_info.c.o[0m
[ 37%] [32mBuilding C object CMakeFiles/microxrcedds_client.dir/src/c/core/session/object_id.c.o[0m
[ 41%] [32mBuilding C object CMakeFiles/microxrcedds_client.dir/src/c/core/serialization/xrce_types.c.o[0m
[ 44%] [32mBuilding C object CMakeFiles/microxrcedds_client.dir/src/c/core/serialization/xrce_header.c.o[0m
[ 48%] [32mBuilding C object CMakeFiles/microxrcedds_client.dir/src/c/core/serialization/xrce_subheader.c.o[0m
[ 51%] [32mBuilding C object CMakeFiles/microxrcedds_client.dir/src/c/util/time.c.o[0m
[ 55%] [32mBuilding C object CMakeFiles/microxrcedds_client.dir/src/c/util/ping.c.o[0m
[ 58%] [32mBuilding C object CMakeFiles/microxrcedds_client.dir/src/c/core/session/common_create_entities.c.o[0m
[ 62%] [32mBuilding C object CMakeFiles/microxrcedds_client.dir/src/c/core/session/create_entities_xml.c.o[0m
[ 65%] [32mBuilding C object CMakeFiles/microxrcedds_client.dir/src/c/core/session/create_entities_ref.c.o[0m
[ 68%] [32mBuilding C object CMakeFiles/microxrcedds_client.dir/src/c/core/session/create_entities_bin.c.o[0m
[ 72%] [32mBuilding C object CMakeFiles/microxrcedds_client.dir/src/c/core/session/read_access.c.o[0m
[ 75%] [32mBuilding C object CMakeFiles/microxrcedds_client.dir/src/c/core/session/write_access.c.o[0m
[ 79%] [32mBuilding C object CMakeFiles/microxrcedds_client.dir/src/c/profile/transport/stream_framing/stream_framing_protocol.c.o[0m
[ 82%] [32mBuilding C object CMakeFiles/microxrcedds_client.dir/src/c/profile/transport/ip/udp/udp_transport.c.o[0m
[ 86%] [32mBuilding C object CMakeFiles/microxrcedds_client.dir/src/c/profile/transport/ip/udp/udp_transport_posix.c.o[0m
[ 89%] [32mBuilding C object CMakeFiles/microxrcedds_client.dir/src/c/profile/transport/serial/serial_transport_posix.c.o[0m
[ 93%] [32mBuilding C object CMakeFiles/microxrcedds_client.dir/src/c/profile/transport/ip/ip_posix.c.o[0m
[ 96%] [32mBuilding C object CMakeFiles/microxrcedds_client.dir/src/c/profile/transport/serial/serial_transport.c.o[0m
[100%] [32m[1mLinking C static library libmicroxrcedds_client.a[0m
[100%] Built target microxrcedds_client
[34m[1mNo install step for 'uclient'[0m
[34m[1mCompleted 'uclient'[0m
Built target uclient
