[100%] Built target microxrcedds_client
[36mInstall the project...[0m
-- Install configuration: "Release"
-- Installing: /home/adamgb/phd/gazebo_ws/build/px4/src/modules/uxrce_dds_client/lib/libmicroxrcedds_client.a
-- Installing: /home/adamgb/phd/gazebo_ws/build/px4/src/modules/uxrce_dds_client/include/uxr/client
-- Installing: /home/adamgb/phd/gazebo_ws/build/px4/src/modules/uxrce_dds_client/include/uxr/client/core
-- Installing: /home/adamgb/phd/gazebo_ws/build/px4/src/modules/uxrce_dds_client/include/uxr/client/core/communication
-- Installing: /home/adamgb/phd/gazebo_ws/build/px4/src/modules/uxrce_dds_client/include/uxr/client/core/communication/communication.h
-- Installing: /home/adamgb/phd/gazebo_ws/build/px4/src/modules/uxrce_dds_client/include/uxr/client/core/type
-- Installing: /home/adamgb/phd/gazebo_ws/build/px4/src/modules/uxrce_dds_client/include/uxr/client/core/type/xrce_types.h
-- Installing: /home/adamgb/phd/gazebo_ws/build/px4/src/modules/uxrce_dds_client/include/uxr/client/core/session
-- Installing: /home/adamgb/phd/gazebo_ws/build/px4/src/modules/uxrce_dds_client/include/uxr/client/core/session/common_create_entities.h
-- Installing: /home/adamgb/phd/gazebo_ws/build/px4/src/modules/uxrce_dds_client/include/uxr/client/core/session/stream
-- Installing: /home/adamgb/phd/gazebo_ws/build/px4/src/modules/uxrce_dds_client/include/uxr/client/core/session/stream/stream_id.h
-- Installing: /home/adamgb/phd/gazebo_ws/build/px4/src/modules/uxrce_dds_client/include/uxr/client/core/session/stream/stream_storage.h
-- Installing: /home/adamgb/phd/gazebo_ws/build/px4/src/modules/uxrce_dds_client/include/uxr/client/core/session/stream/reliable_stream.h
-- Installing: /home/adamgb/phd/gazebo_ws/build/px4/src/modules/uxrce_dds_client/include/uxr/client/core/session/stream/input_best_effort_stream.h
-- Installing: /home/adamgb/phd/gazebo_ws/build/px4/src/modules/uxrce_dds_client/include/uxr/client/core/session/stream/output_reliable_stream.h
-- Installing: /home/adamgb/phd/gazebo_ws/build/px4/src/modules/uxrce_dds_client/include/uxr/client/core/session/stream/seq_num.h
-- Installing: /home/adamgb/phd/gazebo_ws/build/px4/src/modules/uxrce_dds_client/include/uxr/client/core/session/stream/output_best_effort_stream.h
-- Installing: /home/adamgb/phd/gazebo_ws/build/px4/src/modules/uxrce_dds_client/include/uxr/client/core/session/stream/input_reliable_stream.h
-- Installing: /home/adamgb/phd/gazebo_ws/build/px4/src/modules/uxrce_dds_client/include/uxr/client/core/session/session.h
-- Installing: /home/adamgb/phd/gazebo_ws/build/px4/src/modules/uxrce_dds_client/include/uxr/client/core/session/create_entities_xml.h
-- Installing: /home/adamgb/phd/gazebo_ws/build/px4/src/modules/uxrce_dds_client/include/uxr/client/core/session/read_access.h
-- Installing: /home/adamgb/phd/gazebo_ws/build/px4/src/modules/uxrce_dds_client/include/uxr/client/core/session/create_entities_ref.h
-- Installing: /home/adamgb/phd/gazebo_ws/build/px4/src/modules/uxrce_dds_client/include/uxr/client/core/session/time_sync.h
-- Installing: /home/adamgb/phd/gazebo_ws/build/px4/src/modules/uxrce_dds_client/include/uxr/client/core/session/object_id.h
-- Installing: /home/adamgb/phd/gazebo_ws/build/px4/src/modules/uxrce_dds_client/include/uxr/client/core/session/session_info.h
-- Installing: /home/adamgb/phd/gazebo_ws/build/px4/src/modules/uxrce_dds_client/include/uxr/client/core/session/write_access.h
-- Installing: /home/adamgb/phd/gazebo_ws/build/px4/src/modules/uxrce_dds_client/include/uxr/client/core/session/create_entities_bin.h
-- Installing: /home/adamgb/phd/gazebo_ws/build/px4/src/modules/uxrce_dds_client/include/uxr/client/util
-- Installing: /home/adamgb/phd/gazebo_ws/build/px4/src/modules/uxrce_dds_client/include/uxr/client/util/ping.h
-- Installing: /home/adamgb/phd/gazebo_ws/build/px4/src/modules/uxrce_dds_client/include/uxr/client/util/time.h
-- Installing: /home/adamgb/phd/gazebo_ws/build/px4/src/modules/uxrce_dds_client/include/uxr/client/client.h
-- Installing: /home/adamgb/phd/gazebo_ws/build/px4/src/modules/uxrce_dds_client/include/uxr/client/defines.h
-- Installing: /home/adamgb/phd/gazebo_ws/build/px4/src/modules/uxrce_dds_client/include/uxr/client/visibility.h
-- Installing: /home/adamgb/phd/gazebo_ws/build/px4/src/modules/uxrce_dds_client/include/uxr/client/profile
-- Installing: /home/adamgb/phd/gazebo_ws/build/px4/src/modules/uxrce_dds_client/include/uxr/client/profile/discovery
-- Installing: /home/adamgb/phd/gazebo_ws/build/px4/src/modules/uxrce_dds_client/include/uxr/client/profile/discovery/discovery.h
-- Installing: /home/adamgb/phd/gazebo_ws/build/px4/src/modules/uxrce_dds_client/include/uxr/client/profile/transport
-- Installing: /home/adamgb/phd/gazebo_ws/build/px4/src/modules/uxrce_dds_client/include/uxr/client/profile/transport/serial
-- Installing: /home/adamgb/phd/gazebo_ws/build/px4/src/modules/uxrce_dds_client/include/uxr/client/profile/transport/serial/serial_transport.h
-- Installing: /home/adamgb/phd/gazebo_ws/build/px4/src/modules/uxrce_dds_client/include/uxr/client/profile/transport/serial/serial_transport_rtems_bsd_net.h
-- Installing: /home/adamgb/phd/gazebo_ws/build/px4/src/modules/uxrce_dds_client/include/uxr/client/profile/transport/serial/serial_transport_posix.h
-- Installing: /home/adamgb/phd/gazebo_ws/build/px4/src/modules/uxrce_dds_client/include/uxr/client/profile/transport/serial/serial_transport_platform.h
-- Installing: /home/adamgb/phd/gazebo_ws/build/px4/src/modules/uxrce_dds_client/include/uxr/client/profile/transport/stream_framing
-- Installing: /home/adamgb/phd/gazebo_ws/build/px4/src/modules/uxrce_dds_client/include/uxr/client/profile/transport/stream_framing/stream_framing_protocol.h
-- Installing: /home/adamgb/phd/gazebo_ws/build/px4/src/modules/uxrce_dds_client/include/uxr/client/profile/transport/can
-- Installing: /home/adamgb/phd/gazebo_ws/build/px4/src/modules/uxrce_dds_client/include/uxr/client/profile/transport/can/can_transport.h
-- Installing: /home/adamgb/phd/gazebo_ws/build/px4/src/modules/uxrce_dds_client/include/uxr/client/profile/transport/can/can_transport_posix.h
-- Installing: /home/adamgb/phd/gazebo_ws/build/px4/src/modules/uxrce_dds_client/include/uxr/client/profile/transport/ip
-- Installing: /home/adamgb/phd/gazebo_ws/build/px4/src/modules/uxrce_dds_client/include/uxr/client/profile/transport/ip/udp
-- Installing: /home/adamgb/phd/gazebo_ws/build/px4/src/modules/uxrce_dds_client/include/uxr/client/profile/transport/ip/udp/udp_transport_rtems_bsd_net.h
-- Installing: /home/adamgb/phd/gazebo_ws/build/px4/src/modules/uxrce_dds_client/include/uxr/client/profile/transport/ip/udp/udp_transport_posix.h
-- Installing: /home/adamgb/phd/gazebo_ws/build/px4/src/modules/uxrce_dds_client/include/uxr/client/profile/transport/ip/udp/udp_transport_posix_nopoll.h
-- Installing: /home/adamgb/phd/gazebo_ws/build/px4/src/modules/uxrce_dds_client/include/uxr/client/profile/transport/ip/udp/udp_transport.h
-- Installing: /home/adamgb/phd/gazebo_ws/build/px4/src/modules/uxrce_dds_client/include/uxr/client/profile/transport/ip/udp/udp_transport_freertos_plus_tcp.h
-- Installing: /home/adamgb/phd/gazebo_ws/build/px4/src/modules/uxrce_dds_client/include/uxr/client/profile/transport/ip/udp/udp_transport_windows.h
-- Installing: /home/adamgb/phd/gazebo_ws/build/px4/src/modules/uxrce_dds_client/include/uxr/client/profile/transport/ip/ip.h
-- Installing: /home/adamgb/phd/gazebo_ws/build/px4/src/modules/uxrce_dds_client/include/uxr/client/profile/transport/ip/tcp
-- Installing: /home/adamgb/phd/gazebo_ws/build/px4/src/modules/uxrce_dds_client/include/uxr/client/profile/transport/ip/tcp/tcp_transport_windows.h
-- Installing: /home/adamgb/phd/gazebo_ws/build/px4/src/modules/uxrce_dds_client/include/uxr/client/profile/transport/ip/tcp/tcp_transport_posix.h
-- Installing: /home/adamgb/phd/gazebo_ws/build/px4/src/modules/uxrce_dds_client/include/uxr/client/profile/transport/ip/tcp/tcp_transport.h
-- Installing: /home/adamgb/phd/gazebo_ws/build/px4/src/modules/uxrce_dds_client/include/uxr/client/profile/transport/ip/tcp/tcp_transport_posix_nopoll.h
-- Installing: /home/adamgb/phd/gazebo_ws/build/px4/src/modules/uxrce_dds_client/include/uxr/client/profile/transport/ip/tcp/tcp_transport_rtems_bsd_net.h
-- Installing: /home/adamgb/phd/gazebo_ws/build/px4/src/modules/uxrce_dds_client/include/uxr/client/profile/transport/ip/tcp/tcp_transport_freertos_plus_tcp.h
-- Installing: /home/adamgb/phd/gazebo_ws/build/px4/src/modules/uxrce_dds_client/include/uxr/client/profile/transport/custom
-- Installing: /home/adamgb/phd/gazebo_ws/build/px4/src/modules/uxrce_dds_client/include/uxr/client/profile/transport/custom/custom_transport.h
-- Installing: /home/adamgb/phd/gazebo_ws/build/px4/src/modules/uxrce_dds_client/include/uxr/client/profile/multithread
-- Installing: /home/adamgb/phd/gazebo_ws/build/px4/src/modules/uxrce_dds_client/include/uxr/client/profile/multithread/multithread.h
-- Installing: /home/adamgb/phd/gazebo_ws/build/px4/src/modules/uxrce_dds_client/include/uxr/client/transport.h
-- Installing: /home/adamgb/phd/gazebo_ws/build/px4/src/modules/uxrce_dds_client/include/uxr/client/config.h
-- Installing: /home/adamgb/phd/gazebo_ws/build/px4/src/modules/uxrce_dds_client/share/microxrcedds_client/cmake/microxrcedds_clientTargets.cmake
-- Installing: /home/adamgb/phd/gazebo_ws/build/px4/src/modules/uxrce_dds_client/share/microxrcedds_client/cmake/microxrcedds_clientTargets-release.cmake
-- Installing: /home/adamgb/phd/gazebo_ws/build/px4/src/modules/uxrce_dds_client/share/microxrcedds_client/cmake/microxrcedds_clientConfig.cmake
-- Installing: /home/adamgb/phd/gazebo_ws/build/px4/src/modules/uxrce_dds_client/share/microxrcedds_client/cmake/microxrcedds_clientConfigVersion.cmake
-- Up-to-date: /home/adamgb/phd/gazebo_ws/build/px4/src/modules/uxrce_dds_client
-- Up-to-date: /home/adamgb/phd/gazebo_ws/build/px4/src/modules/uxrce_dds_client/share
-- Installing: /home/adamgb/phd/gazebo_ws/build/px4/src/modules/uxrce_dds_client/share/microcdr
-- Installing: /home/adamgb/phd/gazebo_ws/build/px4/src/modules/uxrce_dds_client/share/microcdr/cmake
-- Installing: /home/adamgb/phd/gazebo_ws/build/px4/src/modules/uxrce_dds_client/share/microcdr/cmake/microcdrTargets.cmake
-- Installing: /home/adamgb/phd/gazebo_ws/build/px4/src/modules/uxrce_dds_client/share/microcdr/cmake/microcdrTargets-release.cmake
-- Installing: /home/adamgb/phd/gazebo_ws/build/px4/src/modules/uxrce_dds_client/share/microcdr/cmake/microcdrConfigVersion.cmake
-- Installing: /home/adamgb/phd/gazebo_ws/build/px4/src/modules/uxrce_dds_client/share/microcdr/cmake/microcdrConfig.cmake
-- Up-to-date: /home/adamgb/phd/gazebo_ws/build/px4/src/modules/uxrce_dds_client/lib
-- Installing: /home/adamgb/phd/gazebo_ws/build/px4/src/modules/uxrce_dds_client/lib/libmicrocdr.a
-- Up-to-date: /home/adamgb/phd/gazebo_ws/build/px4/src/modules/uxrce_dds_client/include
-- Installing: /home/adamgb/phd/gazebo_ws/build/px4/src/modules/uxrce_dds_client/include/ucdr
-- Installing: /home/adamgb/phd/gazebo_ws/build/px4/src/modules/uxrce_dds_client/include/ucdr/microcdr.h
-- Installing: /home/adamgb/phd/gazebo_ws/build/px4/src/modules/uxrce_dds_client/include/ucdr/config.h
-- Installing: /home/adamgb/phd/gazebo_ws/build/px4/src/modules/uxrce_dds_client/include/ucdr/visibility.h
