[0.062s] DEBUG:colcon:Command line arguments: ['/usr/bin/colcon', 'build', '--packages-select', 'alien_gazebo_resources']
[0.062s] DEBUG:colcon:Parsed command line arguments: Namespace(log_base=None, log_level=None, verb_name='build', build_base='build', install_base='install', merge_install=False, symlink_install=False, test_result_base=None, continue_on_error=False, executor='parallel', parallel_workers=32, event_handlers=None, ignore_user_meta=False, metas=['./colcon.meta'], base_paths=['.'], packages_ignore=None, packages_ignore_regex=None, paths=None, packages_up_to=None, packages_up_to_regex=None, packages_above=None, packages_above_and_dependencies=None, packages_above_depth=None, packages_select_by_dep=None, packages_skip_by_dep=None, packages_skip_up_to=None, packages_select_build_failed=False, packages_skip_build_finished=False, packages_select_test_failures=False, packages_skip_test_passed=False, packages_select=['alien_gazebo_resources'], packages_skip=None, packages_select_regex=None, packages_skip_regex=None, packages_start=None, packages_end=None, allow_overriding=[], cmake_args=None, cmake_target=None, cmake_target_skip_unavailable=False, cmake_clean_cache=False, cmake_clean_first=False, cmake_force_configure=False, ament_cmake_args=None, catkin_cmake_args=None, catkin_skip_building_tests=False, mixin_files=None, mixin=None, verb_parser=<colcon_mixin.mixin.mixin_argument.MixinArgumentDecorator object at 0x77caf46b8e00>, verb_extension=<colcon_core.verb.build.BuildVerb object at 0x77caf468be60>, main=<bound method BuildVerb.main of <colcon_core.verb.build.BuildVerb object at 0x77caf468be60>>, mixin_verb=('build',))
[0.081s] Level 1:colcon.colcon_core.package_discovery:discover_packages(colcon_meta) check parameters
[0.081s] Level 1:colcon.colcon_core.package_discovery:discover_packages(recursive) check parameters
[0.081s] Level 1:colcon.colcon_core.package_discovery:discover_packages(ignore) check parameters
[0.081s] Level 1:colcon.colcon_core.package_discovery:discover_packages(path) check parameters
[0.081s] Level 1:colcon.colcon_core.package_discovery:discover_packages(colcon_meta) discover
[0.081s] Level 1:colcon.colcon_core.package_discovery:discover_packages(recursive) discover
[0.081s] INFO:colcon.colcon_core.package_discovery:Crawling recursively for packages in '/home/adamgb/phd/gazebo_ws'
[0.081s] Level 1:colcon.colcon_core.package_identification:_identify(.) by extensions ['ignore', 'ignore_ament_install']
[0.082s] Level 1:colcon.colcon_core.package_identification:_identify(.) by extension 'ignore'
[0.082s] Level 1:colcon.colcon_core.package_identification:_identify(.) by extension 'ignore_ament_install'
[0.082s] Level 1:colcon.colcon_core.package_identification:_identify(.) by extensions ['colcon_pkg']
[0.082s] Level 1:colcon.colcon_core.package_identification:_identify(.) by extension 'colcon_pkg'
[0.082s] Level 1:colcon.colcon_core.package_identification:_identify(.) by extensions ['colcon_meta']
[0.082s] Level 1:colcon.colcon_core.package_identification:_identify(.) by extension 'colcon_meta'
[0.082s] Level 1:colcon.colcon_core.package_identification:_identify(.) by extensions ['ros']
[0.082s] Level 1:colcon.colcon_core.package_identification:_identify(.) by extension 'ros'
[0.095s] Level 1:colcon.colcon_core.package_identification:_identify(.) by extensions ['cmake', 'python']
[0.095s] Level 1:colcon.colcon_core.package_identification:_identify(.) by extension 'cmake'
[0.095s] Level 1:colcon.colcon_core.package_identification:_identify(.) by extension 'python'
[0.095s] Level 1:colcon.colcon_core.package_identification:_identify(.) by extensions ['python_setup_py']
[0.095s] Level 1:colcon.colcon_core.package_identification:_identify(.) by extension 'python_setup_py'
[0.095s] Level 1:colcon.colcon_core.package_identification:_identify(build) by extensions ['ignore', 'ignore_ament_install']
[0.095s] Level 1:colcon.colcon_core.package_identification:_identify(build) by extension 'ignore'
[0.095s] Level 1:colcon.colcon_core.package_identification:_identify(build) ignored
[0.095s] Level 1:colcon.colcon_core.package_identification:_identify(install) by extensions ['ignore', 'ignore_ament_install']
[0.095s] Level 1:colcon.colcon_core.package_identification:_identify(install) by extension 'ignore'
[0.095s] Level 1:colcon.colcon_core.package_identification:_identify(install) ignored
[0.095s] Level 1:colcon.colcon_core.package_identification:_identify(log) by extensions ['ignore', 'ignore_ament_install']
[0.095s] Level 1:colcon.colcon_core.package_identification:_identify(log) by extension 'ignore'
[0.095s] Level 1:colcon.colcon_core.package_identification:_identify(log) ignored
[0.095s] Level 1:colcon.colcon_core.package_identification:_identify(src) by extensions ['ignore', 'ignore_ament_install']
[0.095s] Level 1:colcon.colcon_core.package_identification:_identify(src) by extension 'ignore'
[0.095s] Level 1:colcon.colcon_core.package_identification:_identify(src) by extension 'ignore_ament_install'
[0.095s] Level 1:colcon.colcon_core.package_identification:_identify(src) by extensions ['colcon_pkg']
[0.095s] Level 1:colcon.colcon_core.package_identification:_identify(src) by extension 'colcon_pkg'
[0.095s] Level 1:colcon.colcon_core.package_identification:_identify(src) by extensions ['colcon_meta']
[0.095s] Level 1:colcon.colcon_core.package_identification:_identify(src) by extension 'colcon_meta'
[0.095s] Level 1:colcon.colcon_core.package_identification:_identify(src) by extensions ['ros']
[0.095s] Level 1:colcon.colcon_core.package_identification:_identify(src) by extension 'ros'
[0.095s] Level 1:colcon.colcon_core.package_identification:_identify(src) by extensions ['cmake', 'python']
[0.095s] Level 1:colcon.colcon_core.package_identification:_identify(src) by extension 'cmake'
[0.096s] Level 1:colcon.colcon_core.package_identification:_identify(src) by extension 'python'
[0.096s] Level 1:colcon.colcon_core.package_identification:_identify(src) by extensions ['python_setup_py']
[0.096s] Level 1:colcon.colcon_core.package_identification:_identify(src) by extension 'python_setup_py'
[0.096s] Level 1:colcon.colcon_core.package_identification:_identify(src/alien_gazebo_resources) by extensions ['ignore', 'ignore_ament_install']
[0.096s] Level 1:colcon.colcon_core.package_identification:_identify(src/alien_gazebo_resources) by extension 'ignore'
[0.096s] Level 1:colcon.colcon_core.package_identification:_identify(src/alien_gazebo_resources) by extension 'ignore_ament_install'
[0.096s] Level 1:colcon.colcon_core.package_identification:_identify(src/alien_gazebo_resources) by extensions ['colcon_pkg']
[0.096s] Level 1:colcon.colcon_core.package_identification:_identify(src/alien_gazebo_resources) by extension 'colcon_pkg'
[0.096s] Level 1:colcon.colcon_core.package_identification:_identify(src/alien_gazebo_resources) by extensions ['colcon_meta']
[0.096s] Level 1:colcon.colcon_core.package_identification:_identify(src/alien_gazebo_resources) by extension 'colcon_meta'
[0.096s] Level 1:colcon.colcon_core.package_identification:_identify(src/alien_gazebo_resources) by extensions ['ros']
[0.096s] Level 1:colcon.colcon_core.package_identification:_identify(src/alien_gazebo_resources) by extension 'ros'
[0.097s] DEBUG:colcon.colcon_core.package_identification:Package 'src/alien_gazebo_resources' with type 'ros.ament_cmake' and name 'alien_gazebo_resources'
[0.097s] Level 1:colcon.colcon_core.package_identification:_identify(src/build) by extensions ['ignore', 'ignore_ament_install']
[0.097s] Level 1:colcon.colcon_core.package_identification:_identify(src/build) by extension 'ignore'
[0.097s] Level 1:colcon.colcon_core.package_identification:_identify(src/build) ignored
[0.097s] Level 1:colcon.colcon_core.package_identification:_identify(src/install) by extensions ['ignore', 'ignore_ament_install']
[0.097s] Level 1:colcon.colcon_core.package_identification:_identify(src/install) by extension 'ignore'
[0.097s] Level 1:colcon.colcon_core.package_identification:_identify(src/install) ignored
[0.097s] Level 1:colcon.colcon_core.package_identification:_identify(src/log) by extensions ['ignore', 'ignore_ament_install']
[0.097s] Level 1:colcon.colcon_core.package_identification:_identify(src/log) by extension 'ignore'
[0.097s] Level 1:colcon.colcon_core.package_identification:_identify(src/log) ignored
[0.097s] Level 1:colcon.colcon_core.package_identification:_identify(src/lvhr_controller) by extensions ['ignore', 'ignore_ament_install']
[0.097s] Level 1:colcon.colcon_core.package_identification:_identify(src/lvhr_controller) by extension 'ignore'
[0.097s] Level 1:colcon.colcon_core.package_identification:_identify(src/lvhr_controller) by extension 'ignore_ament_install'
[0.097s] Level 1:colcon.colcon_core.package_identification:_identify(src/lvhr_controller) by extensions ['colcon_pkg']
[0.097s] Level 1:colcon.colcon_core.package_identification:_identify(src/lvhr_controller) by extension 'colcon_pkg'
[0.097s] Level 1:colcon.colcon_core.package_identification:_identify(src/lvhr_controller) by extensions ['colcon_meta']
[0.097s] Level 1:colcon.colcon_core.package_identification:_identify(src/lvhr_controller) by extension 'colcon_meta'
[0.097s] Level 1:colcon.colcon_core.package_identification:_identify(src/lvhr_controller) by extensions ['ros']
[0.097s] Level 1:colcon.colcon_core.package_identification:_identify(src/lvhr_controller) by extension 'ros'
[0.098s] DEBUG:colcon.colcon_core.package_identification:Package 'src/lvhr_controller' with type 'ros.ament_cmake' and name 'lvhr_controller'
[0.098s] Level 1:colcon.colcon_core.package_identification:_identify(src/mrs_uav_px4_api) by extensions ['ignore', 'ignore_ament_install']
[0.098s] Level 1:colcon.colcon_core.package_identification:_identify(src/mrs_uav_px4_api) by extension 'ignore'
[0.098s] Level 1:colcon.colcon_core.package_identification:_identify(src/mrs_uav_px4_api) by extension 'ignore_ament_install'
[0.098s] Level 1:colcon.colcon_core.package_identification:_identify(src/mrs_uav_px4_api) by extensions ['colcon_pkg']
[0.098s] Level 1:colcon.colcon_core.package_identification:_identify(src/mrs_uav_px4_api) by extension 'colcon_pkg'
[0.098s] Level 1:colcon.colcon_core.package_identification:_identify(src/mrs_uav_px4_api) by extensions ['colcon_meta']
[0.098s] Level 1:colcon.colcon_core.package_identification:_identify(src/mrs_uav_px4_api) by extension 'colcon_meta'
[0.098s] Level 1:colcon.colcon_core.package_identification:_identify(src/mrs_uav_px4_api) by extensions ['ros']
[0.098s] Level 1:colcon.colcon_core.package_identification:_identify(src/mrs_uav_px4_api) by extension 'ros'
[0.099s] DEBUG:colcon.colcon_core.package_identification:Package 'src/mrs_uav_px4_api' with type 'ros.ament_cmake' and name 'mrs_uav_px4_api'
[0.099s] Level 1:colcon.colcon_core.package_identification:_identify(src/px4_firmware) by extensions ['ignore', 'ignore_ament_install']
[0.099s] Level 1:colcon.colcon_core.package_identification:_identify(src/px4_firmware) by extension 'ignore'
[0.099s] Level 1:colcon.colcon_core.package_identification:_identify(src/px4_firmware) by extension 'ignore_ament_install'
[0.099s] Level 1:colcon.colcon_core.package_identification:_identify(src/px4_firmware) by extensions ['colcon_pkg']
[0.099s] Level 1:colcon.colcon_core.package_identification:_identify(src/px4_firmware) by extension 'colcon_pkg'
[0.099s] Level 1:colcon.colcon_core.package_identification:_identify(src/px4_firmware) by extensions ['colcon_meta']
[0.099s] Level 1:colcon.colcon_core.package_identification:_identify(src/px4_firmware) by extension 'colcon_meta'
[0.099s] Level 1:colcon.colcon_core.package_identification:_identify(src/px4_firmware) by extensions ['ros']
[0.099s] Level 1:colcon.colcon_core.package_identification:_identify(src/px4_firmware) by extension 'ros'
[0.099s] DEBUG:colcon.colcon_core.package_identification:Package 'src/px4_firmware' with type 'ros.ament_cmake' and name 'px4'
[0.099s] Level 1:colcon.colcon_core.package_identification:_identify(src/srt_controller) by extensions ['ignore', 'ignore_ament_install']
[0.099s] Level 1:colcon.colcon_core.package_identification:_identify(src/srt_controller) by extension 'ignore'
[0.099s] Level 1:colcon.colcon_core.package_identification:_identify(src/srt_controller) by extension 'ignore_ament_install'
[0.099s] Level 1:colcon.colcon_core.package_identification:_identify(src/srt_controller) by extensions ['colcon_pkg']
[0.099s] Level 1:colcon.colcon_core.package_identification:_identify(src/srt_controller) by extension 'colcon_pkg'
[0.099s] Level 1:colcon.colcon_core.package_identification:_identify(src/srt_controller) by extensions ['colcon_meta']
[0.099s] Level 1:colcon.colcon_core.package_identification:_identify(src/srt_controller) by extension 'colcon_meta'
[0.099s] Level 1:colcon.colcon_core.package_identification:_identify(src/srt_controller) by extensions ['ros']
[0.099s] Level 1:colcon.colcon_core.package_identification:_identify(src/srt_controller) by extension 'ros'
[0.100s] DEBUG:colcon.colcon_core.package_identification:Package 'src/srt_controller' with type 'ros.ament_cmake' and name 'srt_controller'
[0.100s] Level 1:colcon.colcon_core.package_identification:_identify(tmux) by extensions ['ignore', 'ignore_ament_install']
[0.100s] Level 1:colcon.colcon_core.package_identification:_identify(tmux) by extension 'ignore'
[0.100s] Level 1:colcon.colcon_core.package_identification:_identify(tmux) by extension 'ignore_ament_install'
[0.100s] Level 1:colcon.colcon_core.package_identification:_identify(tmux) by extensions ['colcon_pkg']
[0.100s] Level 1:colcon.colcon_core.package_identification:_identify(tmux) by extension 'colcon_pkg'
[0.100s] Level 1:colcon.colcon_core.package_identification:_identify(tmux) by extensions ['colcon_meta']
[0.100s] Level 1:colcon.colcon_core.package_identification:_identify(tmux) by extension 'colcon_meta'
[0.100s] Level 1:colcon.colcon_core.package_identification:_identify(tmux) by extensions ['ros']
[0.100s] Level 1:colcon.colcon_core.package_identification:_identify(tmux) by extension 'ros'
[0.100s] Level 1:colcon.colcon_core.package_identification:_identify(tmux) by extensions ['cmake', 'python']
[0.100s] Level 1:colcon.colcon_core.package_identification:_identify(tmux) by extension 'cmake'
[0.100s] Level 1:colcon.colcon_core.package_identification:_identify(tmux) by extension 'python'
[0.100s] Level 1:colcon.colcon_core.package_identification:_identify(tmux) by extensions ['python_setup_py']
[0.100s] Level 1:colcon.colcon_core.package_identification:_identify(tmux) by extension 'python_setup_py'
[0.100s] Level 1:colcon.colcon_core.package_identification:_identify(tmux/position_control) by extensions ['ignore', 'ignore_ament_install']
[0.100s] Level 1:colcon.colcon_core.package_identification:_identify(tmux/position_control) by extension 'ignore'
[0.100s] Level 1:colcon.colcon_core.package_identification:_identify(tmux/position_control) by extension 'ignore_ament_install'
[0.100s] Level 1:colcon.colcon_core.package_identification:_identify(tmux/position_control) by extensions ['colcon_pkg']
[0.100s] Level 1:colcon.colcon_core.package_identification:_identify(tmux/position_control) by extension 'colcon_pkg'
[0.100s] Level 1:colcon.colcon_core.package_identification:_identify(tmux/position_control) by extensions ['colcon_meta']
[0.100s] Level 1:colcon.colcon_core.package_identification:_identify(tmux/position_control) by extension 'colcon_meta'
[0.100s] Level 1:colcon.colcon_core.package_identification:_identify(tmux/position_control) by extensions ['ros']
[0.100s] Level 1:colcon.colcon_core.package_identification:_identify(tmux/position_control) by extension 'ros'
[0.100s] Level 1:colcon.colcon_core.package_identification:_identify(tmux/position_control) by extensions ['cmake', 'python']
[0.100s] Level 1:colcon.colcon_core.package_identification:_identify(tmux/position_control) by extension 'cmake'
[0.100s] Level 1:colcon.colcon_core.package_identification:_identify(tmux/position_control) by extension 'python'
[0.100s] Level 1:colcon.colcon_core.package_identification:_identify(tmux/position_control) by extensions ['python_setup_py']
[0.100s] Level 1:colcon.colcon_core.package_identification:_identify(tmux/position_control) by extension 'python_setup_py'
[0.100s] Level 1:colcon.colcon_core.package_identification:_identify(tmux/position_control/config) by extensions ['ignore', 'ignore_ament_install']
[0.100s] Level 1:colcon.colcon_core.package_identification:_identify(tmux/position_control/config) by extension 'ignore'
[0.100s] Level 1:colcon.colcon_core.package_identification:_identify(tmux/position_control/config) by extension 'ignore_ament_install'
[0.100s] Level 1:colcon.colcon_core.package_identification:_identify(tmux/position_control/config) by extensions ['colcon_pkg']
[0.100s] Level 1:colcon.colcon_core.package_identification:_identify(tmux/position_control/config) by extension 'colcon_pkg'
[0.100s] Level 1:colcon.colcon_core.package_identification:_identify(tmux/position_control/config) by extensions ['colcon_meta']
[0.100s] Level 1:colcon.colcon_core.package_identification:_identify(tmux/position_control/config) by extension 'colcon_meta'
[0.100s] Level 1:colcon.colcon_core.package_identification:_identify(tmux/position_control/config) by extensions ['ros']
[0.100s] Level 1:colcon.colcon_core.package_identification:_identify(tmux/position_control/config) by extension 'ros'
[0.100s] Level 1:colcon.colcon_core.package_identification:_identify(tmux/position_control/config) by extensions ['cmake', 'python']
[0.100s] Level 1:colcon.colcon_core.package_identification:_identify(tmux/position_control/config) by extension 'cmake'
[0.100s] Level 1:colcon.colcon_core.package_identification:_identify(tmux/position_control/config) by extension 'python'
[0.100s] Level 1:colcon.colcon_core.package_identification:_identify(tmux/position_control/config) by extensions ['python_setup_py']
[0.101s] Level 1:colcon.colcon_core.package_identification:_identify(tmux/position_control/config) by extension 'python_setup_py'
[0.101s] Level 1:colcon.colcon_core.package_identification:_identify(tmux/racing) by extensions ['ignore', 'ignore_ament_install']
[0.101s] Level 1:colcon.colcon_core.package_identification:_identify(tmux/racing) by extension 'ignore'
[0.101s] Level 1:colcon.colcon_core.package_identification:_identify(tmux/racing) by extension 'ignore_ament_install'
[0.101s] Level 1:colcon.colcon_core.package_identification:_identify(tmux/racing) by extensions ['colcon_pkg']
[0.101s] Level 1:colcon.colcon_core.package_identification:_identify(tmux/racing) by extension 'colcon_pkg'
[0.101s] Level 1:colcon.colcon_core.package_identification:_identify(tmux/racing) by extensions ['colcon_meta']
[0.101s] Level 1:colcon.colcon_core.package_identification:_identify(tmux/racing) by extension 'colcon_meta'
[0.101s] Level 1:colcon.colcon_core.package_identification:_identify(tmux/racing) by extensions ['ros']
[0.101s] Level 1:colcon.colcon_core.package_identification:_identify(tmux/racing) by extension 'ros'
[0.101s] Level 1:colcon.colcon_core.package_identification:_identify(tmux/racing) by extensions ['cmake', 'python']
[0.101s] Level 1:colcon.colcon_core.package_identification:_identify(tmux/racing) by extension 'cmake'
[0.101s] Level 1:colcon.colcon_core.package_identification:_identify(tmux/racing) by extension 'python'
[0.101s] Level 1:colcon.colcon_core.package_identification:_identify(tmux/racing) by extensions ['python_setup_py']
[0.101s] Level 1:colcon.colcon_core.package_identification:_identify(tmux/racing) by extension 'python_setup_py'
[0.101s] Level 1:colcon.colcon_core.package_identification:_identify(tmux/racing/config) by extensions ['ignore', 'ignore_ament_install']
[0.101s] Level 1:colcon.colcon_core.package_identification:_identify(tmux/racing/config) by extension 'ignore'
[0.101s] Level 1:colcon.colcon_core.package_identification:_identify(tmux/racing/config) by extension 'ignore_ament_install'
[0.101s] Level 1:colcon.colcon_core.package_identification:_identify(tmux/racing/config) by extensions ['colcon_pkg']
[0.101s] Level 1:colcon.colcon_core.package_identification:_identify(tmux/racing/config) by extension 'colcon_pkg'
[0.101s] Level 1:colcon.colcon_core.package_identification:_identify(tmux/racing/config) by extensions ['colcon_meta']
[0.101s] Level 1:colcon.colcon_core.package_identification:_identify(tmux/racing/config) by extension 'colcon_meta'
[0.101s] Level 1:colcon.colcon_core.package_identification:_identify(tmux/racing/config) by extensions ['ros']
[0.101s] Level 1:colcon.colcon_core.package_identification:_identify(tmux/racing/config) by extension 'ros'
[0.101s] Level 1:colcon.colcon_core.package_identification:_identify(tmux/racing/config) by extensions ['cmake', 'python']
[0.101s] Level 1:colcon.colcon_core.package_identification:_identify(tmux/racing/config) by extension 'cmake'
[0.101s] Level 1:colcon.colcon_core.package_identification:_identify(tmux/racing/config) by extension 'python'
[0.101s] Level 1:colcon.colcon_core.package_identification:_identify(tmux/racing/config) by extensions ['python_setup_py']
[0.101s] Level 1:colcon.colcon_core.package_identification:_identify(tmux/racing/config) by extension 'python_setup_py'
[0.101s] Level 1:colcon.colcon_core.package_identification:_identify(tmux/template) by extensions ['ignore', 'ignore_ament_install']
[0.101s] Level 1:colcon.colcon_core.package_identification:_identify(tmux/template) by extension 'ignore'
[0.101s] Level 1:colcon.colcon_core.package_identification:_identify(tmux/template) by extension 'ignore_ament_install'
[0.101s] Level 1:colcon.colcon_core.package_identification:_identify(tmux/template) by extensions ['colcon_pkg']
[0.101s] Level 1:colcon.colcon_core.package_identification:_identify(tmux/template) by extension 'colcon_pkg'
[0.101s] Level 1:colcon.colcon_core.package_identification:_identify(tmux/template) by extensions ['colcon_meta']
[0.101s] Level 1:colcon.colcon_core.package_identification:_identify(tmux/template) by extension 'colcon_meta'
[0.101s] Level 1:colcon.colcon_core.package_identification:_identify(tmux/template) by extensions ['ros']
[0.101s] Level 1:colcon.colcon_core.package_identification:_identify(tmux/template) by extension 'ros'
[0.101s] Level 1:colcon.colcon_core.package_identification:_identify(tmux/template) by extensions ['cmake', 'python']
[0.101s] Level 1:colcon.colcon_core.package_identification:_identify(tmux/template) by extension 'cmake'
[0.101s] Level 1:colcon.colcon_core.package_identification:_identify(tmux/template) by extension 'python'
[0.101s] Level 1:colcon.colcon_core.package_identification:_identify(tmux/template) by extensions ['python_setup_py']
[0.101s] Level 1:colcon.colcon_core.package_identification:_identify(tmux/template) by extension 'python_setup_py'
[0.101s] Level 1:colcon.colcon_core.package_identification:_identify(utils) by extensions ['ignore', 'ignore_ament_install']
[0.101s] Level 1:colcon.colcon_core.package_identification:_identify(utils) by extension 'ignore'
[0.101s] Level 1:colcon.colcon_core.package_identification:_identify(utils) by extension 'ignore_ament_install'
[0.101s] Level 1:colcon.colcon_core.package_identification:_identify(utils) by extensions ['colcon_pkg']
[0.101s] Level 1:colcon.colcon_core.package_identification:_identify(utils) by extension 'colcon_pkg'
[0.101s] Level 1:colcon.colcon_core.package_identification:_identify(utils) by extensions ['colcon_meta']
[0.101s] Level 1:colcon.colcon_core.package_identification:_identify(utils) by extension 'colcon_meta'
[0.101s] Level 1:colcon.colcon_core.package_identification:_identify(utils) by extensions ['ros']
[0.101s] Level 1:colcon.colcon_core.package_identification:_identify(utils) by extension 'ros'
[0.101s] Level 1:colcon.colcon_core.package_identification:_identify(utils) by extensions ['cmake', 'python']
[0.101s] Level 1:colcon.colcon_core.package_identification:_identify(utils) by extension 'cmake'
[0.101s] Level 1:colcon.colcon_core.package_identification:_identify(utils) by extension 'python'
[0.101s] Level 1:colcon.colcon_core.package_identification:_identify(utils) by extensions ['python_setup_py']
[0.101s] Level 1:colcon.colcon_core.package_identification:_identify(utils) by extension 'python_setup_py'
[0.102s] Level 1:colcon.colcon_core.package_identification:_identify(utils/tracks) by extensions ['ignore', 'ignore_ament_install']
[0.102s] Level 1:colcon.colcon_core.package_identification:_identify(utils/tracks) by extension 'ignore'
[0.102s] Level 1:colcon.colcon_core.package_identification:_identify(utils/tracks) by extension 'ignore_ament_install'
[0.102s] Level 1:colcon.colcon_core.package_identification:_identify(utils/tracks) by extensions ['colcon_pkg']
[0.102s] Level 1:colcon.colcon_core.package_identification:_identify(utils/tracks) by extension 'colcon_pkg'
[0.102s] Level 1:colcon.colcon_core.package_identification:_identify(utils/tracks) by extensions ['colcon_meta']
[0.102s] Level 1:colcon.colcon_core.package_identification:_identify(utils/tracks) by extension 'colcon_meta'
[0.102s] Level 1:colcon.colcon_core.package_identification:_identify(utils/tracks) by extensions ['ros']
[0.102s] Level 1:colcon.colcon_core.package_identification:_identify(utils/tracks) by extension 'ros'
[0.102s] Level 1:colcon.colcon_core.package_identification:_identify(utils/tracks) by extensions ['cmake', 'python']
[0.102s] Level 1:colcon.colcon_core.package_identification:_identify(utils/tracks) by extension 'cmake'
[0.102s] Level 1:colcon.colcon_core.package_identification:_identify(utils/tracks) by extension 'python'
[0.102s] Level 1:colcon.colcon_core.package_identification:_identify(utils/tracks) by extensions ['python_setup_py']
[0.102s] Level 1:colcon.colcon_core.package_identification:_identify(utils/tracks) by extension 'python_setup_py'
[0.102s] Level 1:colcon.colcon_core.package_discovery:discover_packages(recursive) using defaults
[0.102s] Level 1:colcon.colcon_core.package_discovery:discover_packages(ignore) discover
[0.102s] Level 1:colcon.colcon_core.package_discovery:discover_packages(ignore) using defaults
[0.102s] Level 1:colcon.colcon_core.package_discovery:discover_packages(path) discover
[0.102s] Level 1:colcon.colcon_core.package_discovery:discover_packages(path) using defaults
[0.111s] INFO:colcon.colcon_core.package_selection:Skipping not selected package 'lvhr_controller' in 'src/lvhr_controller'
[0.111s] INFO:colcon.colcon_core.package_selection:Skipping not selected package 'mrs_uav_px4_api' in 'src/mrs_uav_px4_api'
[0.111s] INFO:colcon.colcon_core.package_selection:Skipping not selected package 'px4' in 'src/px4_firmware'
[0.111s] INFO:colcon.colcon_core.package_selection:Skipping not selected package 'srt_controller' in 'src/srt_controller'
[0.111s] Level 1:colcon.colcon_core.package_discovery:discover_packages(prefix_path) check parameters
[0.112s] Level 1:colcon.colcon_core.package_discovery:discover_packages(prefix_path) discover
[0.113s] DEBUG:colcon.colcon_installed_package_information.package_discovery:Found 423 installed packages in /opt/ros/jazzy
[0.114s] Level 1:colcon.colcon_core.package_discovery:discover_packages(prefix_path) using defaults
[0.137s] Level 5:colcon.colcon_core.verb:set package 'alien_gazebo_resources' build argument 'cmake_args' from command line to 'None'
[0.137s] Level 5:colcon.colcon_core.verb:set package 'alien_gazebo_resources' build argument 'cmake_target' from command line to 'None'
[0.137s] Level 5:colcon.colcon_core.verb:set package 'alien_gazebo_resources' build argument 'cmake_target_skip_unavailable' from command line to 'False'
[0.137s] Level 5:colcon.colcon_core.verb:set package 'alien_gazebo_resources' build argument 'cmake_clean_cache' from command line to 'False'
[0.137s] Level 5:colcon.colcon_core.verb:set package 'alien_gazebo_resources' build argument 'cmake_clean_first' from command line to 'False'
[0.137s] Level 5:colcon.colcon_core.verb:set package 'alien_gazebo_resources' build argument 'cmake_force_configure' from command line to 'False'
[0.137s] Level 5:colcon.colcon_core.verb:set package 'alien_gazebo_resources' build argument 'ament_cmake_args' from command line to 'None'
[0.137s] Level 5:colcon.colcon_core.verb:set package 'alien_gazebo_resources' build argument 'catkin_cmake_args' from command line to 'None'
[0.137s] Level 5:colcon.colcon_core.verb:set package 'alien_gazebo_resources' build argument 'catkin_skip_building_tests' from command line to 'False'
[0.137s] DEBUG:colcon.colcon_core.verb:Building package 'alien_gazebo_resources' with the following arguments: {'ament_cmake_args': None, 'build_base': '/home/adamgb/phd/gazebo_ws/build/alien_gazebo_resources', 'catkin_cmake_args': None, 'catkin_skip_building_tests': False, 'cmake_args': None, 'cmake_clean_cache': False, 'cmake_clean_first': False, 'cmake_force_configure': False, 'cmake_target': None, 'cmake_target_skip_unavailable': False, 'install_base': '/home/adamgb/phd/gazebo_ws/install/alien_gazebo_resources', 'merge_install': False, 'path': '/home/adamgb/phd/gazebo_ws/src/alien_gazebo_resources', 'symlink_install': False, 'test_result_base': None}
[0.137s] INFO:colcon.colcon_core.executor:Executing jobs using 'parallel' executor
[0.137s] DEBUG:colcon.colcon_parallel_executor.executor.parallel:run_until_complete
[0.138s] INFO:colcon.colcon_ros.task.ament_cmake.build:Building ROS package in '/home/adamgb/phd/gazebo_ws/src/alien_gazebo_resources' with build type 'ament_cmake'
[0.138s] INFO:colcon.colcon_cmake.task.cmake.build:Building CMake package in '/home/adamgb/phd/gazebo_ws/src/alien_gazebo_resources'
[0.139s] INFO:colcon.colcon_core.plugin_system:Skipping extension 'colcon_core.shell.bat': Not used on non-Windows systems
[0.139s] INFO:colcon.colcon_core.shell:Skip shell extension 'powershell' for command environment: Not usable outside of PowerShell
[0.139s] DEBUG:colcon.colcon_core.shell:Skip shell extension 'dsv' for command environment
[0.144s] DEBUG:colcon.colcon_core.event_handler.log_command:Invoking command in '/home/adamgb/phd/gazebo_ws/build/alien_gazebo_resources': /usr/bin/cmake --build /home/adamgb/phd/gazebo_ws/build/alien_gazebo_resources -- -j32 -l32
[0.430s] DEBUG:colcon.colcon_core.event_handler.log_command:Invoked command in '/home/adamgb/phd/gazebo_ws/build/alien_gazebo_resources' returned '0': /usr/bin/cmake --build /home/adamgb/phd/gazebo_ws/build/alien_gazebo_resources -- -j32 -l32
[0.438s] DEBUG:colcon.colcon_core.event_handler.log_command:Invoking command in '/home/adamgb/phd/gazebo_ws/build/alien_gazebo_resources': /usr/bin/cmake --install /home/adamgb/phd/gazebo_ws/build/alien_gazebo_resources
[0.449s] Level 1:colcon.colcon_core.environment:create_environment_scripts_only(alien_gazebo_resources)
[0.449s] DEBUG:colcon.colcon_core.event_handler.log_command:Invoked command in '/home/adamgb/phd/gazebo_ws/build/alien_gazebo_resources' returned '0': /usr/bin/cmake --install /home/adamgb/phd/gazebo_ws/build/alien_gazebo_resources
[0.451s] Level 1:colcon.colcon_core.environment:checking '/home/adamgb/phd/gazebo_ws/install/alien_gazebo_resources' for CMake module files
[0.451s] Level 1:colcon.colcon_core.environment:checking '/home/adamgb/phd/gazebo_ws/install/alien_gazebo_resources' for CMake config files
[0.452s] Level 1:colcon.colcon_core.shell:create_environment_hook('alien_gazebo_resources', 'cmake_prefix_path')
[0.452s] INFO:colcon.colcon_core.shell:Creating environment hook '/home/adamgb/phd/gazebo_ws/install/alien_gazebo_resources/share/alien_gazebo_resources/hook/cmake_prefix_path.ps1'
[0.452s] INFO:colcon.colcon_core.shell:Creating environment descriptor '/home/adamgb/phd/gazebo_ws/install/alien_gazebo_resources/share/alien_gazebo_resources/hook/cmake_prefix_path.dsv'
[0.453s] INFO:colcon.colcon_core.shell:Creating environment hook '/home/adamgb/phd/gazebo_ws/install/alien_gazebo_resources/share/alien_gazebo_resources/hook/cmake_prefix_path.sh'
[0.453s] Level 1:colcon.colcon_core.environment:checking '/home/adamgb/phd/gazebo_ws/install/alien_gazebo_resources/bin'
[0.453s] Level 1:colcon.colcon_core.environment:checking '/home/adamgb/phd/gazebo_ws/install/alien_gazebo_resources/lib/pkgconfig/alien_gazebo_resources.pc'
[0.453s] Level 1:colcon.colcon_core.environment:checking '/home/adamgb/phd/gazebo_ws/install/alien_gazebo_resources/lib/python3.12/site-packages'
[0.454s] Level 1:colcon.colcon_core.environment:checking '/home/adamgb/phd/gazebo_ws/install/alien_gazebo_resources/bin'
[0.454s] INFO:colcon.colcon_core.shell:Creating package script '/home/adamgb/phd/gazebo_ws/install/alien_gazebo_resources/share/alien_gazebo_resources/package.ps1'
[0.454s] INFO:colcon.colcon_core.shell:Creating package descriptor '/home/adamgb/phd/gazebo_ws/install/alien_gazebo_resources/share/alien_gazebo_resources/package.dsv'
[0.454s] INFO:colcon.colcon_core.shell:Creating package script '/home/adamgb/phd/gazebo_ws/install/alien_gazebo_resources/share/alien_gazebo_resources/package.sh'
[0.455s] INFO:colcon.colcon_core.shell:Creating package script '/home/adamgb/phd/gazebo_ws/install/alien_gazebo_resources/share/alien_gazebo_resources/package.bash'
[0.455s] INFO:colcon.colcon_core.shell:Creating package script '/home/adamgb/phd/gazebo_ws/install/alien_gazebo_resources/share/alien_gazebo_resources/package.zsh'
[0.455s] Level 1:colcon.colcon_core.environment:create_file_with_runtime_dependencies(/home/adamgb/phd/gazebo_ws/install/alien_gazebo_resources/share/colcon-core/packages/alien_gazebo_resources)
[0.455s] Level 1:colcon.colcon_core.environment:create_environment_scripts_only(alien_gazebo_resources)
[0.455s] Level 1:colcon.colcon_core.environment:checking '/home/adamgb/phd/gazebo_ws/install/alien_gazebo_resources' for CMake module files
[0.456s] Level 1:colcon.colcon_core.environment:checking '/home/adamgb/phd/gazebo_ws/install/alien_gazebo_resources' for CMake config files
[0.456s] Level 1:colcon.colcon_core.shell:create_environment_hook('alien_gazebo_resources', 'cmake_prefix_path')
[0.456s] INFO:colcon.colcon_core.shell:Creating environment hook '/home/adamgb/phd/gazebo_ws/install/alien_gazebo_resources/share/alien_gazebo_resources/hook/cmake_prefix_path.ps1'
[0.456s] INFO:colcon.colcon_core.shell:Creating environment descriptor '/home/adamgb/phd/gazebo_ws/install/alien_gazebo_resources/share/alien_gazebo_resources/hook/cmake_prefix_path.dsv'
[0.456s] INFO:colcon.colcon_core.shell:Creating environment hook '/home/adamgb/phd/gazebo_ws/install/alien_gazebo_resources/share/alien_gazebo_resources/hook/cmake_prefix_path.sh'
[0.456s] Level 1:colcon.colcon_core.environment:checking '/home/adamgb/phd/gazebo_ws/install/alien_gazebo_resources/bin'
[0.456s] Level 1:colcon.colcon_core.environment:checking '/home/adamgb/phd/gazebo_ws/install/alien_gazebo_resources/lib/pkgconfig/alien_gazebo_resources.pc'
[0.457s] Level 1:colcon.colcon_core.environment:checking '/home/adamgb/phd/gazebo_ws/install/alien_gazebo_resources/lib/python3.12/site-packages'
[0.457s] Level 1:colcon.colcon_core.environment:checking '/home/adamgb/phd/gazebo_ws/install/alien_gazebo_resources/bin'
[0.457s] INFO:colcon.colcon_core.shell:Creating package script '/home/adamgb/phd/gazebo_ws/install/alien_gazebo_resources/share/alien_gazebo_resources/package.ps1'
[0.457s] INFO:colcon.colcon_core.shell:Creating package descriptor '/home/adamgb/phd/gazebo_ws/install/alien_gazebo_resources/share/alien_gazebo_resources/package.dsv'
[0.457s] INFO:colcon.colcon_core.shell:Creating package script '/home/adamgb/phd/gazebo_ws/install/alien_gazebo_resources/share/alien_gazebo_resources/package.sh'
[0.457s] INFO:colcon.colcon_core.shell:Creating package script '/home/adamgb/phd/gazebo_ws/install/alien_gazebo_resources/share/alien_gazebo_resources/package.bash'
[0.458s] INFO:colcon.colcon_core.shell:Creating package script '/home/adamgb/phd/gazebo_ws/install/alien_gazebo_resources/share/alien_gazebo_resources/package.zsh'
[0.458s] Level 1:colcon.colcon_core.environment:create_file_with_runtime_dependencies(/home/adamgb/phd/gazebo_ws/install/alien_gazebo_resources/share/colcon-core/packages/alien_gazebo_resources)
[0.458s] DEBUG:colcon.colcon_parallel_executor.executor.parallel:closing loop
[0.458s] DEBUG:colcon.colcon_parallel_executor.executor.parallel:loop closed
[0.458s] DEBUG:colcon.colcon_parallel_executor.executor.parallel:run_until_complete finished with '0'
[0.458s] DEBUG:colcon.colcon_core.event_reactor:joining thread
[0.461s] INFO:colcon.colcon_core.plugin_system:Skipping extension 'colcon_notification.desktop_notification.terminal_notifier': Not used on non-Darwin systems
[0.461s] INFO:colcon.colcon_core.plugin_system:Skipping extension 'colcon_notification.desktop_notification.win32': Not used on non-Windows systems
[0.461s] INFO:colcon.colcon_notification.desktop_notification:Sending desktop notification using 'notify2'
[0.467s] DEBUG:colcon.colcon_core.event_reactor:joined thread
[0.467s] INFO:colcon.colcon_core.shell:Creating prefix script '/home/adamgb/phd/gazebo_ws/install/local_setup.ps1'
[0.467s] INFO:colcon.colcon_core.shell:Creating prefix util module '/home/adamgb/phd/gazebo_ws/install/_local_setup_util_ps1.py'
[0.468s] INFO:colcon.colcon_core.shell:Creating prefix chain script '/home/adamgb/phd/gazebo_ws/install/setup.ps1'
[0.468s] INFO:colcon.colcon_core.shell:Creating prefix script '/home/adamgb/phd/gazebo_ws/install/local_setup.sh'
[0.468s] INFO:colcon.colcon_core.shell:Creating prefix util module '/home/adamgb/phd/gazebo_ws/install/_local_setup_util_sh.py'
[0.469s] INFO:colcon.colcon_core.shell:Creating prefix chain script '/home/adamgb/phd/gazebo_ws/install/setup.sh'
[0.469s] INFO:colcon.colcon_core.shell:Creating prefix script '/home/adamgb/phd/gazebo_ws/install/local_setup.bash'
[0.469s] INFO:colcon.colcon_core.shell:Creating prefix chain script '/home/adamgb/phd/gazebo_ws/install/setup.bash'
[0.470s] INFO:colcon.colcon_core.shell:Creating prefix script '/home/adamgb/phd/gazebo_ws/install/local_setup.zsh'
[0.470s] INFO:colcon.colcon_core.shell:Creating prefix chain script '/home/adamgb/phd/gazebo_ws/install/setup.zsh'
