[0.053s] DEBUG:colcon:Command line arguments: ['/usr/bin/colcon', 'build', '--packages-select', 'px4', '--allow-overriding', 'px4', '--cmake-args', '-DCMAKE_BUILD_TYPE=Release']
[0.053s] DEBUG:colcon:Parsed command line arguments: Namespace(log_base=None, log_level=None, verb_name='build', build_base='build', install_base='install', merge_install=False, symlink_install=False, test_result_base=None, continue_on_error=False, executor='parallel', parallel_workers=32, event_handlers=None, ignore_user_meta=False, metas=['./colcon.meta'], base_paths=['.'], packages_ignore=None, packages_ignore_regex=None, paths=None, packages_up_to=None, packages_up_to_regex=None, packages_above=None, packages_above_and_dependencies=None, packages_above_depth=None, packages_select_by_dep=None, packages_skip_by_dep=None, packages_skip_up_to=None, packages_select_build_failed=False, packages_skip_build_finished=False, packages_select_test_failures=False, packages_skip_test_passed=False, packages_select=['px4'], packages_skip=None, packages_select_regex=None, packages_skip_regex=None, packages_start=None, packages_end=None, allow_overriding=['px4'], cmake_args=['-DCMAKE_BUILD_TYPE=Release'], cmake_target=None, cmake_target_skip_unavailable=False, cmake_clean_cache=False, cmake_clean_first=False, cmake_force_configure=False, ament_cmake_args=None, catkin_cmake_args=None, catkin_skip_building_tests=False, mixin_files=None, mixin=None, verb_parser=<colcon_mixin.mixin.mixin_argument.MixinArgumentDecorator object at 0x7ff491161160>, verb_extension=<colcon_core.verb.build.BuildVerb object at 0x7ff491133050>, main=<bound method BuildVerb.main of <colcon_core.verb.build.BuildVerb object at 0x7ff491133050>>, mixin_verb=('build',))
[0.082s] Level 1:colcon.colcon_core.package_discovery:discover_packages(colcon_meta) check parameters
[0.082s] Level 1:colcon.colcon_core.package_discovery:discover_packages(recursive) check parameters
[0.082s] Level 1:colcon.colcon_core.package_discovery:discover_packages(ignore) check parameters
[0.082s] Level 1:colcon.colcon_core.package_discovery:discover_packages(path) check parameters
[0.082s] Level 1:colcon.colcon_core.package_discovery:discover_packages(colcon_meta) discover
[0.082s] Level 1:colcon.colcon_core.package_discovery:discover_packages(recursive) discover
[0.082s] INFO:colcon.colcon_core.package_discovery:Crawling recursively for packages in '/home/adamgb/phd/gazebo_ws'
[0.082s] Level 1:colcon.colcon_core.package_identification:_identify(.) by extensions ['ignore', 'ignore_ament_install']
[0.082s] Level 1:colcon.colcon_core.package_identification:_identify(.) by extension 'ignore'
[0.082s] Level 1:colcon.colcon_core.package_identification:_identify(.) by extension 'ignore_ament_install'
[0.082s] Level 1:colcon.colcon_core.package_identification:_identify(.) by extensions ['colcon_pkg']
[0.082s] Level 1:colcon.colcon_core.package_identification:_identify(.) by extension 'colcon_pkg'
[0.082s] Level 1:colcon.colcon_core.package_identification:_identify(.) by extensions ['colcon_meta']
[0.082s] Level 1:colcon.colcon_core.package_identification:_identify(.) by extension 'colcon_meta'
[0.082s] Level 1:colcon.colcon_core.package_identification:_identify(.) by extensions ['ros']
[0.082s] Level 1:colcon.colcon_core.package_identification:_identify(.) by extension 'ros'
[0.096s] Level 1:colcon.colcon_core.package_identification:_identify(.) by extensions ['cmake', 'python']
[0.096s] Level 1:colcon.colcon_core.package_identification:_identify(.) by extension 'cmake'
[0.096s] Level 1:colcon.colcon_core.package_identification:_identify(.) by extension 'python'
[0.096s] Level 1:colcon.colcon_core.package_identification:_identify(.) by extensions ['python_setup_py']
[0.096s] Level 1:colcon.colcon_core.package_identification:_identify(.) by extension 'python_setup_py'
[0.096s] Level 1:colcon.colcon_core.package_identification:_identify(build) by extensions ['ignore', 'ignore_ament_install']
[0.096s] Level 1:colcon.colcon_core.package_identification:_identify(build) by extension 'ignore'
[0.096s] Level 1:colcon.colcon_core.package_identification:_identify(build) ignored
[0.096s] Level 1:colcon.colcon_core.package_identification:_identify(install) by extensions ['ignore', 'ignore_ament_install']
[0.096s] Level 1:colcon.colcon_core.package_identification:_identify(install) by extension 'ignore'
[0.096s] Level 1:colcon.colcon_core.package_identification:_identify(install) ignored
[0.096s] Level 1:colcon.colcon_core.package_identification:_identify(log) by extensions ['ignore', 'ignore_ament_install']
[0.096s] Level 1:colcon.colcon_core.package_identification:_identify(log) by extension 'ignore'
[0.096s] Level 1:colcon.colcon_core.package_identification:_identify(log) ignored
[0.096s] Level 1:colcon.colcon_core.package_identification:_identify(src) by extensions ['ignore', 'ignore_ament_install']
[0.097s] Level 1:colcon.colcon_core.package_identification:_identify(src) by extension 'ignore'
[0.097s] Level 1:colcon.colcon_core.package_identification:_identify(src) by extension 'ignore_ament_install'
[0.097s] Level 1:colcon.colcon_core.package_identification:_identify(src) by extensions ['colcon_pkg']
[0.097s] Level 1:colcon.colcon_core.package_identification:_identify(src) by extension 'colcon_pkg'
[0.097s] Level 1:colcon.colcon_core.package_identification:_identify(src) by extensions ['colcon_meta']
[0.097s] Level 1:colcon.colcon_core.package_identification:_identify(src) by extension 'colcon_meta'
[0.097s] Level 1:colcon.colcon_core.package_identification:_identify(src) by extensions ['ros']
[0.097s] Level 1:colcon.colcon_core.package_identification:_identify(src) by extension 'ros'
[0.097s] Level 1:colcon.colcon_core.package_identification:_identify(src) by extensions ['cmake', 'python']
[0.097s] Level 1:colcon.colcon_core.package_identification:_identify(src) by extension 'cmake'
[0.097s] Level 1:colcon.colcon_core.package_identification:_identify(src) by extension 'python'
[0.097s] Level 1:colcon.colcon_core.package_identification:_identify(src) by extensions ['python_setup_py']
[0.097s] Level 1:colcon.colcon_core.package_identification:_identify(src) by extension 'python_setup_py'
[0.097s] Level 1:colcon.colcon_core.package_identification:_identify(src/alien_gazebo_resources) by extensions ['ignore', 'ignore_ament_install']
[0.097s] Level 1:colcon.colcon_core.package_identification:_identify(src/alien_gazebo_resources) by extension 'ignore'
[0.097s] Level 1:colcon.colcon_core.package_identification:_identify(src/alien_gazebo_resources) by extension 'ignore_ament_install'
[0.097s] Level 1:colcon.colcon_core.package_identification:_identify(src/alien_gazebo_resources) by extensions ['colcon_pkg']
[0.097s] Level 1:colcon.colcon_core.package_identification:_identify(src/alien_gazebo_resources) by extension 'colcon_pkg'
[0.097s] Level 1:colcon.colcon_core.package_identification:_identify(src/alien_gazebo_resources) by extensions ['colcon_meta']
[0.097s] Level 1:colcon.colcon_core.package_identification:_identify(src/alien_gazebo_resources) by extension 'colcon_meta'
[0.097s] Level 1:colcon.colcon_core.package_identification:_identify(src/alien_gazebo_resources) by extensions ['ros']
[0.097s] Level 1:colcon.colcon_core.package_identification:_identify(src/alien_gazebo_resources) by extension 'ros'
[0.098s] DEBUG:colcon.colcon_core.package_identification:Package 'src/alien_gazebo_resources' with type 'ros.ament_cmake' and name 'alien_gazebo_resources'
[0.098s] Level 1:colcon.colcon_core.package_identification:_identify(src/build) by extensions ['ignore', 'ignore_ament_install']
[0.098s] Level 1:colcon.colcon_core.package_identification:_identify(src/build) by extension 'ignore'
[0.098s] Level 1:colcon.colcon_core.package_identification:_identify(src/build) ignored
[0.098s] Level 1:colcon.colcon_core.package_identification:_identify(src/install) by extensions ['ignore', 'ignore_ament_install']
[0.098s] Level 1:colcon.colcon_core.package_identification:_identify(src/install) by extension 'ignore'
[0.098s] Level 1:colcon.colcon_core.package_identification:_identify(src/install) ignored
[0.098s] Level 1:colcon.colcon_core.package_identification:_identify(src/log) by extensions ['ignore', 'ignore_ament_install']
[0.099s] Level 1:colcon.colcon_core.package_identification:_identify(src/log) by extension 'ignore'
[0.099s] Level 1:colcon.colcon_core.package_identification:_identify(src/log) ignored
[0.099s] Level 1:colcon.colcon_core.package_identification:_identify(src/lvhr_controller) by extensions ['ignore', 'ignore_ament_install']
[0.099s] Level 1:colcon.colcon_core.package_identification:_identify(src/lvhr_controller) by extension 'ignore'
[0.099s] Level 1:colcon.colcon_core.package_identification:_identify(src/lvhr_controller) by extension 'ignore_ament_install'
[0.099s] Level 1:colcon.colcon_core.package_identification:_identify(src/lvhr_controller) by extensions ['colcon_pkg']
[0.099s] Level 1:colcon.colcon_core.package_identification:_identify(src/lvhr_controller) by extension 'colcon_pkg'
[0.099s] Level 1:colcon.colcon_core.package_identification:_identify(src/lvhr_controller) by extensions ['colcon_meta']
[0.099s] Level 1:colcon.colcon_core.package_identification:_identify(src/lvhr_controller) by extension 'colcon_meta'
[0.099s] Level 1:colcon.colcon_core.package_identification:_identify(src/lvhr_controller) by extensions ['ros']
[0.099s] Level 1:colcon.colcon_core.package_identification:_identify(src/lvhr_controller) by extension 'ros'
[0.099s] DEBUG:colcon.colcon_core.package_identification:Package 'src/lvhr_controller' with type 'ros.ament_cmake' and name 'lvhr_controller'
[0.099s] Level 1:colcon.colcon_core.package_identification:_identify(src/mrs_uav_px4_api) by extensions ['ignore', 'ignore_ament_install']
[0.099s] Level 1:colcon.colcon_core.package_identification:_identify(src/mrs_uav_px4_api) by extension 'ignore'
[0.099s] Level 1:colcon.colcon_core.package_identification:_identify(src/mrs_uav_px4_api) by extension 'ignore_ament_install'
[0.099s] Level 1:colcon.colcon_core.package_identification:_identify(src/mrs_uav_px4_api) by extensions ['colcon_pkg']
[0.099s] Level 1:colcon.colcon_core.package_identification:_identify(src/mrs_uav_px4_api) by extension 'colcon_pkg'
[0.099s] Level 1:colcon.colcon_core.package_identification:_identify(src/mrs_uav_px4_api) by extensions ['colcon_meta']
[0.099s] Level 1:colcon.colcon_core.package_identification:_identify(src/mrs_uav_px4_api) by extension 'colcon_meta'
[0.099s] Level 1:colcon.colcon_core.package_identification:_identify(src/mrs_uav_px4_api) by extensions ['ros']
[0.099s] Level 1:colcon.colcon_core.package_identification:_identify(src/mrs_uav_px4_api) by extension 'ros'
[0.100s] DEBUG:colcon.colcon_core.package_identification:Package 'src/mrs_uav_px4_api' with type 'ros.ament_cmake' and name 'mrs_uav_px4_api'
[0.100s] Level 1:colcon.colcon_core.package_identification:_identify(src/px4_firmware) by extensions ['ignore', 'ignore_ament_install']
[0.100s] Level 1:colcon.colcon_core.package_identification:_identify(src/px4_firmware) by extension 'ignore'
[0.100s] Level 1:colcon.colcon_core.package_identification:_identify(src/px4_firmware) by extension 'ignore_ament_install'
[0.100s] Level 1:colcon.colcon_core.package_identification:_identify(src/px4_firmware) by extensions ['colcon_pkg']
[0.100s] Level 1:colcon.colcon_core.package_identification:_identify(src/px4_firmware) by extension 'colcon_pkg'
[0.100s] Level 1:colcon.colcon_core.package_identification:_identify(src/px4_firmware) by extensions ['colcon_meta']
[0.100s] Level 1:colcon.colcon_core.package_identification:_identify(src/px4_firmware) by extension 'colcon_meta'
[0.100s] Level 1:colcon.colcon_core.package_identification:_identify(src/px4_firmware) by extensions ['ros']
[0.100s] Level 1:colcon.colcon_core.package_identification:_identify(src/px4_firmware) by extension 'ros'
[0.101s] DEBUG:colcon.colcon_core.package_identification:Package 'src/px4_firmware' with type 'ros.ament_cmake' and name 'px4'
[0.101s] Level 1:colcon.colcon_core.package_identification:_identify(src/srt_controller) by extensions ['ignore', 'ignore_ament_install']
[0.101s] Level 1:colcon.colcon_core.package_identification:_identify(src/srt_controller) by extension 'ignore'
[0.101s] Level 1:colcon.colcon_core.package_identification:_identify(src/srt_controller) by extension 'ignore_ament_install'
[0.101s] Level 1:colcon.colcon_core.package_identification:_identify(src/srt_controller) by extensions ['colcon_pkg']
[0.101s] Level 1:colcon.colcon_core.package_identification:_identify(src/srt_controller) by extension 'colcon_pkg'
[0.101s] Level 1:colcon.colcon_core.package_identification:_identify(src/srt_controller) by extensions ['colcon_meta']
[0.101s] Level 1:colcon.colcon_core.package_identification:_identify(src/srt_controller) by extension 'colcon_meta'
[0.101s] Level 1:colcon.colcon_core.package_identification:_identify(src/srt_controller) by extensions ['ros']
[0.101s] Level 1:colcon.colcon_core.package_identification:_identify(src/srt_controller) by extension 'ros'
[0.101s] DEBUG:colcon.colcon_core.package_identification:Package 'src/srt_controller' with type 'ros.ament_cmake' and name 'srt_controller'
[0.101s] Level 1:colcon.colcon_core.package_identification:_identify(tmux) by extensions ['ignore', 'ignore_ament_install']
[0.101s] Level 1:colcon.colcon_core.package_identification:_identify(tmux) by extension 'ignore'
[0.101s] Level 1:colcon.colcon_core.package_identification:_identify(tmux) by extension 'ignore_ament_install'
[0.101s] Level 1:colcon.colcon_core.package_identification:_identify(tmux) by extensions ['colcon_pkg']
[0.101s] Level 1:colcon.colcon_core.package_identification:_identify(tmux) by extension 'colcon_pkg'
[0.101s] Level 1:colcon.colcon_core.package_identification:_identify(tmux) by extensions ['colcon_meta']
[0.101s] Level 1:colcon.colcon_core.package_identification:_identify(tmux) by extension 'colcon_meta'
[0.101s] Level 1:colcon.colcon_core.package_identification:_identify(tmux) by extensions ['ros']
[0.101s] Level 1:colcon.colcon_core.package_identification:_identify(tmux) by extension 'ros'
[0.101s] Level 1:colcon.colcon_core.package_identification:_identify(tmux) by extensions ['cmake', 'python']
[0.101s] Level 1:colcon.colcon_core.package_identification:_identify(tmux) by extension 'cmake'
[0.102s] Level 1:colcon.colcon_core.package_identification:_identify(tmux) by extension 'python'
[0.102s] Level 1:colcon.colcon_core.package_identification:_identify(tmux) by extensions ['python_setup_py']
[0.102s] Level 1:colcon.colcon_core.package_identification:_identify(tmux) by extension 'python_setup_py'
[0.102s] Level 1:colcon.colcon_core.package_identification:_identify(tmux/position_control) by extensions ['ignore', 'ignore_ament_install']
[0.102s] Level 1:colcon.colcon_core.package_identification:_identify(tmux/position_control) by extension 'ignore'
[0.102s] Level 1:colcon.colcon_core.package_identification:_identify(tmux/position_control) by extension 'ignore_ament_install'
[0.102s] Level 1:colcon.colcon_core.package_identification:_identify(tmux/position_control) by extensions ['colcon_pkg']
[0.102s] Level 1:colcon.colcon_core.package_identification:_identify(tmux/position_control) by extension 'colcon_pkg'
[0.102s] Level 1:colcon.colcon_core.package_identification:_identify(tmux/position_control) by extensions ['colcon_meta']
[0.102s] Level 1:colcon.colcon_core.package_identification:_identify(tmux/position_control) by extension 'colcon_meta'
[0.102s] Level 1:colcon.colcon_core.package_identification:_identify(tmux/position_control) by extensions ['ros']
[0.102s] Level 1:colcon.colcon_core.package_identification:_identify(tmux/position_control) by extension 'ros'
[0.102s] Level 1:colcon.colcon_core.package_identification:_identify(tmux/position_control) by extensions ['cmake', 'python']
[0.102s] Level 1:colcon.colcon_core.package_identification:_identify(tmux/position_control) by extension 'cmake'
[0.102s] Level 1:colcon.colcon_core.package_identification:_identify(tmux/position_control) by extension 'python'
[0.102s] Level 1:colcon.colcon_core.package_identification:_identify(tmux/position_control) by extensions ['python_setup_py']
[0.102s] Level 1:colcon.colcon_core.package_identification:_identify(tmux/position_control) by extension 'python_setup_py'
[0.102s] Level 1:colcon.colcon_core.package_identification:_identify(tmux/position_control/config) by extensions ['ignore', 'ignore_ament_install']
[0.102s] Level 1:colcon.colcon_core.package_identification:_identify(tmux/position_control/config) by extension 'ignore'
[0.102s] Level 1:colcon.colcon_core.package_identification:_identify(tmux/position_control/config) by extension 'ignore_ament_install'
[0.102s] Level 1:colcon.colcon_core.package_identification:_identify(tmux/position_control/config) by extensions ['colcon_pkg']
[0.102s] Level 1:colcon.colcon_core.package_identification:_identify(tmux/position_control/config) by extension 'colcon_pkg'
[0.102s] Level 1:colcon.colcon_core.package_identification:_identify(tmux/position_control/config) by extensions ['colcon_meta']
[0.102s] Level 1:colcon.colcon_core.package_identification:_identify(tmux/position_control/config) by extension 'colcon_meta'
[0.102s] Level 1:colcon.colcon_core.package_identification:_identify(tmux/position_control/config) by extensions ['ros']
[0.102s] Level 1:colcon.colcon_core.package_identification:_identify(tmux/position_control/config) by extension 'ros'
[0.102s] Level 1:colcon.colcon_core.package_identification:_identify(tmux/position_control/config) by extensions ['cmake', 'python']
[0.102s] Level 1:colcon.colcon_core.package_identification:_identify(tmux/position_control/config) by extension 'cmake'
[0.102s] Level 1:colcon.colcon_core.package_identification:_identify(tmux/position_control/config) by extension 'python'
[0.102s] Level 1:colcon.colcon_core.package_identification:_identify(tmux/position_control/config) by extensions ['python_setup_py']
[0.102s] Level 1:colcon.colcon_core.package_identification:_identify(tmux/position_control/config) by extension 'python_setup_py'
[0.102s] Level 1:colcon.colcon_core.package_identification:_identify(tmux/racing) by extensions ['ignore', 'ignore_ament_install']
[0.102s] Level 1:colcon.colcon_core.package_identification:_identify(tmux/racing) by extension 'ignore'
[0.102s] Level 1:colcon.colcon_core.package_identification:_identify(tmux/racing) by extension 'ignore_ament_install'
[0.102s] Level 1:colcon.colcon_core.package_identification:_identify(tmux/racing) by extensions ['colcon_pkg']
[0.102s] Level 1:colcon.colcon_core.package_identification:_identify(tmux/racing) by extension 'colcon_pkg'
[0.102s] Level 1:colcon.colcon_core.package_identification:_identify(tmux/racing) by extensions ['colcon_meta']
[0.102s] Level 1:colcon.colcon_core.package_identification:_identify(tmux/racing) by extension 'colcon_meta'
[0.102s] Level 1:colcon.colcon_core.package_identification:_identify(tmux/racing) by extensions ['ros']
[0.102s] Level 1:colcon.colcon_core.package_identification:_identify(tmux/racing) by extension 'ros'
[0.102s] Level 1:colcon.colcon_core.package_identification:_identify(tmux/racing) by extensions ['cmake', 'python']
[0.102s] Level 1:colcon.colcon_core.package_identification:_identify(tmux/racing) by extension 'cmake'
[0.102s] Level 1:colcon.colcon_core.package_identification:_identify(tmux/racing) by extension 'python'
[0.102s] Level 1:colcon.colcon_core.package_identification:_identify(tmux/racing) by extensions ['python_setup_py']
[0.102s] Level 1:colcon.colcon_core.package_identification:_identify(tmux/racing) by extension 'python_setup_py'
[0.102s] Level 1:colcon.colcon_core.package_identification:_identify(tmux/racing/config) by extensions ['ignore', 'ignore_ament_install']
[0.102s] Level 1:colcon.colcon_core.package_identification:_identify(tmux/racing/config) by extension 'ignore'
[0.102s] Level 1:colcon.colcon_core.package_identification:_identify(tmux/racing/config) by extension 'ignore_ament_install'
[0.102s] Level 1:colcon.colcon_core.package_identification:_identify(tmux/racing/config) by extensions ['colcon_pkg']
[0.102s] Level 1:colcon.colcon_core.package_identification:_identify(tmux/racing/config) by extension 'colcon_pkg'
[0.102s] Level 1:colcon.colcon_core.package_identification:_identify(tmux/racing/config) by extensions ['colcon_meta']
[0.102s] Level 1:colcon.colcon_core.package_identification:_identify(tmux/racing/config) by extension 'colcon_meta'
[0.103s] Level 1:colcon.colcon_core.package_identification:_identify(tmux/racing/config) by extensions ['ros']
[0.103s] Level 1:colcon.colcon_core.package_identification:_identify(tmux/racing/config) by extension 'ros'
[0.103s] Level 1:colcon.colcon_core.package_identification:_identify(tmux/racing/config) by extensions ['cmake', 'python']
[0.103s] Level 1:colcon.colcon_core.package_identification:_identify(tmux/racing/config) by extension 'cmake'
[0.103s] Level 1:colcon.colcon_core.package_identification:_identify(tmux/racing/config) by extension 'python'
[0.103s] Level 1:colcon.colcon_core.package_identification:_identify(tmux/racing/config) by extensions ['python_setup_py']
[0.103s] Level 1:colcon.colcon_core.package_identification:_identify(tmux/racing/config) by extension 'python_setup_py'
[0.103s] Level 1:colcon.colcon_core.package_identification:_identify(tmux/template) by extensions ['ignore', 'ignore_ament_install']
[0.103s] Level 1:colcon.colcon_core.package_identification:_identify(tmux/template) by extension 'ignore'
[0.103s] Level 1:colcon.colcon_core.package_identification:_identify(tmux/template) by extension 'ignore_ament_install'
[0.103s] Level 1:colcon.colcon_core.package_identification:_identify(tmux/template) by extensions ['colcon_pkg']
[0.103s] Level 1:colcon.colcon_core.package_identification:_identify(tmux/template) by extension 'colcon_pkg'
[0.103s] Level 1:colcon.colcon_core.package_identification:_identify(tmux/template) by extensions ['colcon_meta']
[0.103s] Level 1:colcon.colcon_core.package_identification:_identify(tmux/template) by extension 'colcon_meta'
[0.103s] Level 1:colcon.colcon_core.package_identification:_identify(tmux/template) by extensions ['ros']
[0.103s] Level 1:colcon.colcon_core.package_identification:_identify(tmux/template) by extension 'ros'
[0.103s] Level 1:colcon.colcon_core.package_identification:_identify(tmux/template) by extensions ['cmake', 'python']
[0.103s] Level 1:colcon.colcon_core.package_identification:_identify(tmux/template) by extension 'cmake'
[0.103s] Level 1:colcon.colcon_core.package_identification:_identify(tmux/template) by extension 'python'
[0.103s] Level 1:colcon.colcon_core.package_identification:_identify(tmux/template) by extensions ['python_setup_py']
[0.103s] Level 1:colcon.colcon_core.package_identification:_identify(tmux/template) by extension 'python_setup_py'
[0.103s] Level 1:colcon.colcon_core.package_identification:_identify(utils) by extensions ['ignore', 'ignore_ament_install']
[0.103s] Level 1:colcon.colcon_core.package_identification:_identify(utils) by extension 'ignore'
[0.103s] Level 1:colcon.colcon_core.package_identification:_identify(utils) by extension 'ignore_ament_install'
[0.103s] Level 1:colcon.colcon_core.package_identification:_identify(utils) by extensions ['colcon_pkg']
[0.103s] Level 1:colcon.colcon_core.package_identification:_identify(utils) by extension 'colcon_pkg'
[0.103s] Level 1:colcon.colcon_core.package_identification:_identify(utils) by extensions ['colcon_meta']
[0.103s] Level 1:colcon.colcon_core.package_identification:_identify(utils) by extension 'colcon_meta'
[0.103s] Level 1:colcon.colcon_core.package_identification:_identify(utils) by extensions ['ros']
[0.103s] Level 1:colcon.colcon_core.package_identification:_identify(utils) by extension 'ros'
[0.103s] Level 1:colcon.colcon_core.package_identification:_identify(utils) by extensions ['cmake', 'python']
[0.103s] Level 1:colcon.colcon_core.package_identification:_identify(utils) by extension 'cmake'
[0.103s] Level 1:colcon.colcon_core.package_identification:_identify(utils) by extension 'python'
[0.103s] Level 1:colcon.colcon_core.package_identification:_identify(utils) by extensions ['python_setup_py']
[0.103s] Level 1:colcon.colcon_core.package_identification:_identify(utils) by extension 'python_setup_py'
[0.103s] Level 1:colcon.colcon_core.package_identification:_identify(utils/tracks) by extensions ['ignore', 'ignore_ament_install']
[0.103s] Level 1:colcon.colcon_core.package_identification:_identify(utils/tracks) by extension 'ignore'
[0.103s] Level 1:colcon.colcon_core.package_identification:_identify(utils/tracks) by extension 'ignore_ament_install'
[0.103s] Level 1:colcon.colcon_core.package_identification:_identify(utils/tracks) by extensions ['colcon_pkg']
[0.103s] Level 1:colcon.colcon_core.package_identification:_identify(utils/tracks) by extension 'colcon_pkg'
[0.103s] Level 1:colcon.colcon_core.package_identification:_identify(utils/tracks) by extensions ['colcon_meta']
[0.103s] Level 1:colcon.colcon_core.package_identification:_identify(utils/tracks) by extension 'colcon_meta'
[0.104s] Level 1:colcon.colcon_core.package_identification:_identify(utils/tracks) by extensions ['ros']
[0.104s] Level 1:colcon.colcon_core.package_identification:_identify(utils/tracks) by extension 'ros'
[0.104s] Level 1:colcon.colcon_core.package_identification:_identify(utils/tracks) by extensions ['cmake', 'python']
[0.104s] Level 1:colcon.colcon_core.package_identification:_identify(utils/tracks) by extension 'cmake'
[0.104s] Level 1:colcon.colcon_core.package_identification:_identify(utils/tracks) by extension 'python'
[0.104s] Level 1:colcon.colcon_core.package_identification:_identify(utils/tracks) by extensions ['python_setup_py']
[0.104s] Level 1:colcon.colcon_core.package_identification:_identify(utils/tracks) by extension 'python_setup_py'
[0.104s] Level 1:colcon.colcon_core.package_discovery:discover_packages(recursive) using defaults
[0.104s] Level 1:colcon.colcon_core.package_discovery:discover_packages(ignore) discover
[0.104s] Level 1:colcon.colcon_core.package_discovery:discover_packages(ignore) using defaults
[0.104s] Level 1:colcon.colcon_core.package_discovery:discover_packages(path) discover
[0.104s] Level 1:colcon.colcon_core.package_discovery:discover_packages(path) using defaults
[0.114s] INFO:colcon.colcon_core.package_selection:Skipping not selected package 'alien_gazebo_resources' in 'src/alien_gazebo_resources'
[0.114s] INFO:colcon.colcon_core.package_selection:Skipping not selected package 'lvhr_controller' in 'src/lvhr_controller'
[0.114s] INFO:colcon.colcon_core.package_selection:Skipping not selected package 'mrs_uav_px4_api' in 'src/mrs_uav_px4_api'
[0.114s] INFO:colcon.colcon_core.package_selection:Skipping not selected package 'srt_controller' in 'src/srt_controller'
[0.114s] Level 1:colcon.colcon_core.package_discovery:discover_packages(prefix_path) check parameters
[0.114s] Level 1:colcon.colcon_core.package_discovery:discover_packages(prefix_path) discover
[0.115s] DEBUG:colcon.colcon_installed_package_information.package_discovery:Found 5 installed packages in /home/adamgb/phd/gazebo_ws/install
[0.116s] DEBUG:colcon.colcon_installed_package_information.package_discovery:Found 423 installed packages in /opt/ros/jazzy
[0.117s] Level 1:colcon.colcon_core.package_discovery:discover_packages(prefix_path) using defaults
[0.144s] Level 5:colcon.colcon_core.verb:set package 'px4' build argument 'cmake_args' from command line to '['-DCMAKE_BUILD_TYPE=Release']'
[0.144s] Level 5:colcon.colcon_core.verb:set package 'px4' build argument 'cmake_target' from command line to 'None'
[0.144s] Level 5:colcon.colcon_core.verb:set package 'px4' build argument 'cmake_target_skip_unavailable' from command line to 'False'
[0.144s] Level 5:colcon.colcon_core.verb:set package 'px4' build argument 'cmake_clean_cache' from command line to 'False'
[0.144s] Level 5:colcon.colcon_core.verb:set package 'px4' build argument 'cmake_clean_first' from command line to 'False'
[0.144s] Level 5:colcon.colcon_core.verb:set package 'px4' build argument 'cmake_force_configure' from command line to 'False'
[0.144s] Level 5:colcon.colcon_core.verb:set package 'px4' build argument 'ament_cmake_args' from command line to 'None'
[0.144s] Level 5:colcon.colcon_core.verb:set package 'px4' build argument 'catkin_cmake_args' from command line to 'None'
[0.144s] Level 5:colcon.colcon_core.verb:set package 'px4' build argument 'catkin_skip_building_tests' from command line to 'False'
[0.144s] DEBUG:colcon.colcon_core.verb:Building package 'px4' with the following arguments: {'ament_cmake_args': None, 'build_base': '/home/adamgb/phd/gazebo_ws/build/px4', 'catkin_cmake_args': None, 'catkin_skip_building_tests': False, 'cmake_args': ['-DCMAKE_BUILD_TYPE=Release'], 'cmake_clean_cache': False, 'cmake_clean_first': False, 'cmake_force_configure': False, 'cmake_target': None, 'cmake_target_skip_unavailable': False, 'install_base': '/home/adamgb/phd/gazebo_ws/install/px4', 'merge_install': False, 'path': '/home/adamgb/phd/gazebo_ws/src/px4_firmware', 'symlink_install': False, 'test_result_base': None}
[0.144s] INFO:colcon.colcon_core.executor:Executing jobs using 'parallel' executor
[0.145s] DEBUG:colcon.colcon_parallel_executor.executor.parallel:run_until_complete
[0.145s] INFO:colcon.colcon_ros.task.ament_cmake.build:Building ROS package in '/home/adamgb/phd/gazebo_ws/src/px4_firmware' with build type 'ament_cmake'
[0.145s] INFO:colcon.colcon_cmake.task.cmake.build:Building CMake package in '/home/adamgb/phd/gazebo_ws/src/px4_firmware'
[0.146s] INFO:colcon.colcon_core.plugin_system:Skipping extension 'colcon_core.shell.bat': Not used on non-Windows systems
[0.146s] INFO:colcon.colcon_core.shell:Skip shell extension 'powershell' for command environment: Not usable outside of PowerShell
[0.146s] DEBUG:colcon.colcon_core.shell:Skip shell extension 'dsv' for command environment
[0.152s] DEBUG:colcon.colcon_core.event_handler.log_command:Invoking command in '/home/adamgb/phd/gazebo_ws/build/px4': /usr/bin/cmake /home/adamgb/phd/gazebo_ws/src/px4_firmware -DCMAKE_BUILD_TYPE=Release -DCMAKE_INSTALL_PREFIX=/home/adamgb/phd/gazebo_ws/install/px4
[13.872s] DEBUG:colcon.colcon_core.event_handler.log_command:Invoked command in '/home/adamgb/phd/gazebo_ws/build/px4' returned '0': /usr/bin/cmake /home/adamgb/phd/gazebo_ws/src/px4_firmware -DCMAKE_BUILD_TYPE=Release -DCMAKE_INSTALL_PREFIX=/home/adamgb/phd/gazebo_ws/install/px4
[13.873s] DEBUG:colcon.colcon_core.event_handler.log_command:Invoking command in '/home/adamgb/phd/gazebo_ws/build/px4': /usr/bin/cmake --build /home/adamgb/phd/gazebo_ws/build/px4 -- -j32 -l32
[37.073s] DEBUG:colcon.colcon_core.event_handler.log_command:Invoked command in '/home/adamgb/phd/gazebo_ws/build/px4' returned '0': /usr/bin/cmake --build /home/adamgb/phd/gazebo_ws/build/px4 -- -j32 -l32
[37.083s] DEBUG:colcon.colcon_core.event_handler.log_command:Invoking command in '/home/adamgb/phd/gazebo_ws/build/px4': /usr/bin/cmake --install /home/adamgb/phd/gazebo_ws/build/px4
[37.166s] Level 1:colcon.colcon_core.environment:create_environment_scripts_only(px4)
[37.167s] DEBUG:colcon.colcon_core.event_handler.log_command:Invoked command in '/home/adamgb/phd/gazebo_ws/build/px4' returned '0': /usr/bin/cmake --install /home/adamgb/phd/gazebo_ws/build/px4
[37.168s] Level 1:colcon.colcon_core.environment:checking '/home/adamgb/phd/gazebo_ws/install/px4' for CMake module files
[37.169s] Level 1:colcon.colcon_core.environment:checking '/home/adamgb/phd/gazebo_ws/install/px4' for CMake config files
[37.169s] Level 1:colcon.colcon_core.shell:create_environment_hook('px4', 'cmake_prefix_path')
[37.169s] INFO:colcon.colcon_core.shell:Creating environment hook '/home/adamgb/phd/gazebo_ws/install/px4/share/px4/hook/cmake_prefix_path.ps1'
[37.170s] INFO:colcon.colcon_core.shell:Creating environment descriptor '/home/adamgb/phd/gazebo_ws/install/px4/share/px4/hook/cmake_prefix_path.dsv'
[37.170s] INFO:colcon.colcon_core.shell:Creating environment hook '/home/adamgb/phd/gazebo_ws/install/px4/share/px4/hook/cmake_prefix_path.sh'
[37.170s] Level 1:colcon.colcon_core.environment:checking '/home/adamgb/phd/gazebo_ws/install/px4/lib'
[37.170s] Level 1:colcon.colcon_core.environment:checking '/home/adamgb/phd/gazebo_ws/install/px4/bin'
[37.170s] Level 1:colcon.colcon_core.environment:checking '/home/adamgb/phd/gazebo_ws/install/px4/lib/pkgconfig/px4.pc'
[37.170s] Level 1:colcon.colcon_core.environment:checking '/home/adamgb/phd/gazebo_ws/install/px4/lib/python3.12/site-packages'
[37.171s] Level 1:colcon.colcon_core.environment:checking '/home/adamgb/phd/gazebo_ws/install/px4/bin'
[37.171s] INFO:colcon.colcon_core.shell:Creating package script '/home/adamgb/phd/gazebo_ws/install/px4/share/px4/package.ps1'
[37.171s] INFO:colcon.colcon_core.shell:Creating package descriptor '/home/adamgb/phd/gazebo_ws/install/px4/share/px4/package.dsv'
[37.172s] INFO:colcon.colcon_core.shell:Creating package script '/home/adamgb/phd/gazebo_ws/install/px4/share/px4/package.sh'
[37.172s] INFO:colcon.colcon_core.shell:Creating package script '/home/adamgb/phd/gazebo_ws/install/px4/share/px4/package.bash'
[37.172s] INFO:colcon.colcon_core.shell:Creating package script '/home/adamgb/phd/gazebo_ws/install/px4/share/px4/package.zsh'
[37.172s] Level 1:colcon.colcon_core.environment:create_file_with_runtime_dependencies(/home/adamgb/phd/gazebo_ws/install/px4/share/colcon-core/packages/px4)
[37.175s] Level 1:colcon.colcon_core.environment:create_environment_scripts_only(px4)
[37.175s] Level 1:colcon.colcon_core.environment:checking '/home/adamgb/phd/gazebo_ws/install/px4' for CMake module files
[37.176s] Level 1:colcon.colcon_core.environment:checking '/home/adamgb/phd/gazebo_ws/install/px4' for CMake config files
[37.176s] Level 1:colcon.colcon_core.shell:create_environment_hook('px4', 'cmake_prefix_path')
[37.176s] INFO:colcon.colcon_core.shell:Creating environment hook '/home/adamgb/phd/gazebo_ws/install/px4/share/px4/hook/cmake_prefix_path.ps1'
[37.176s] INFO:colcon.colcon_core.shell:Creating environment descriptor '/home/adamgb/phd/gazebo_ws/install/px4/share/px4/hook/cmake_prefix_path.dsv'
[37.176s] INFO:colcon.colcon_core.shell:Creating environment hook '/home/adamgb/phd/gazebo_ws/install/px4/share/px4/hook/cmake_prefix_path.sh'
[37.177s] Level 1:colcon.colcon_core.environment:checking '/home/adamgb/phd/gazebo_ws/install/px4/lib'
[37.177s] Level 1:colcon.colcon_core.environment:checking '/home/adamgb/phd/gazebo_ws/install/px4/bin'
[37.177s] Level 1:colcon.colcon_core.environment:checking '/home/adamgb/phd/gazebo_ws/install/px4/lib/pkgconfig/px4.pc'
[37.177s] Level 1:colcon.colcon_core.environment:checking '/home/adamgb/phd/gazebo_ws/install/px4/lib/python3.12/site-packages'
[37.177s] Level 1:colcon.colcon_core.environment:checking '/home/adamgb/phd/gazebo_ws/install/px4/bin'
[37.177s] INFO:colcon.colcon_core.shell:Creating package script '/home/adamgb/phd/gazebo_ws/install/px4/share/px4/package.ps1'
[37.177s] INFO:colcon.colcon_core.shell:Creating package descriptor '/home/adamgb/phd/gazebo_ws/install/px4/share/px4/package.dsv'
[37.178s] INFO:colcon.colcon_core.shell:Creating package script '/home/adamgb/phd/gazebo_ws/install/px4/share/px4/package.sh'
[37.178s] INFO:colcon.colcon_core.shell:Creating package script '/home/adamgb/phd/gazebo_ws/install/px4/share/px4/package.bash'
[37.178s] INFO:colcon.colcon_core.shell:Creating package script '/home/adamgb/phd/gazebo_ws/install/px4/share/px4/package.zsh'
[37.178s] Level 1:colcon.colcon_core.environment:create_file_with_runtime_dependencies(/home/adamgb/phd/gazebo_ws/install/px4/share/colcon-core/packages/px4)
[37.178s] DEBUG:colcon.colcon_parallel_executor.executor.parallel:closing loop
[37.179s] DEBUG:colcon.colcon_parallel_executor.executor.parallel:loop closed
[37.179s] DEBUG:colcon.colcon_parallel_executor.executor.parallel:run_until_complete finished with '0'
[37.179s] DEBUG:colcon.colcon_core.event_reactor:joining thread
[37.187s] INFO:colcon.colcon_core.plugin_system:Skipping extension 'colcon_notification.desktop_notification.terminal_notifier': Not used on non-Darwin systems
[37.187s] INFO:colcon.colcon_core.plugin_system:Skipping extension 'colcon_notification.desktop_notification.win32': Not used on non-Windows systems
[37.187s] INFO:colcon.colcon_notification.desktop_notification:Sending desktop notification using 'notify2'
[37.197s] DEBUG:colcon.colcon_core.event_reactor:joined thread
[37.197s] INFO:colcon.colcon_core.shell:Creating prefix script '/home/adamgb/phd/gazebo_ws/install/local_setup.ps1'
[37.198s] INFO:colcon.colcon_core.shell:Creating prefix util module '/home/adamgb/phd/gazebo_ws/install/_local_setup_util_ps1.py'
[37.198s] INFO:colcon.colcon_core.shell:Creating prefix chain script '/home/adamgb/phd/gazebo_ws/install/setup.ps1'
[37.199s] INFO:colcon.colcon_core.shell:Creating prefix script '/home/adamgb/phd/gazebo_ws/install/local_setup.sh'
[37.199s] INFO:colcon.colcon_core.shell:Creating prefix util module '/home/adamgb/phd/gazebo_ws/install/_local_setup_util_sh.py'
[37.199s] INFO:colcon.colcon_core.shell:Creating prefix chain script '/home/adamgb/phd/gazebo_ws/install/setup.sh'
[37.200s] INFO:colcon.colcon_core.shell:Creating prefix script '/home/adamgb/phd/gazebo_ws/install/local_setup.bash'
[37.200s] INFO:colcon.colcon_core.shell:Creating prefix chain script '/home/adamgb/phd/gazebo_ws/install/setup.bash'
[37.201s] INFO:colcon.colcon_core.shell:Creating prefix script '/home/adamgb/phd/gazebo_ws/install/local_setup.zsh'
[37.201s] INFO:colcon.colcon_core.shell:Creating prefix chain script '/home/adamgb/phd/gazebo_ws/install/setup.zsh'
