[0.050s] DEBUG:colcon:Command line arguments: ['/usr/bin/colcon', 'build', '--packages-select', 'srt_controller']
[0.050s] DEBUG:colcon:Parsed command line arguments: Namespace(log_base=None, log_level=None, verb_name='build', build_base='build', install_base='install', merge_install=False, symlink_install=False, test_result_base=None, continue_on_error=False, executor='parallel', parallel_workers=32, event_handlers=None, ignore_user_meta=False, metas=['./colcon.meta'], base_paths=['.'], packages_ignore=None, packages_ignore_regex=None, paths=None, packages_up_to=None, packages_up_to_regex=None, packages_above=None, packages_above_and_dependencies=None, packages_above_depth=None, packages_select_by_dep=None, packages_skip_by_dep=None, packages_skip_up_to=None, packages_select_build_failed=False, packages_skip_build_finished=False, packages_select_test_failures=False, packages_skip_test_passed=False, packages_select=['srt_controller'], packages_skip=None, packages_select_regex=None, packages_skip_regex=None, packages_start=None, packages_end=None, allow_overriding=[], cmake_args=None, cmake_target=None, cmake_target_skip_unavailable=False, cmake_clean_cache=False, cmake_clean_first=False, cmake_force_configure=False, ament_cmake_args=None, catkin_cmake_args=None, catkin_skip_building_tests=False, mixin_files=None, mixin=None, verb_parser=<colcon_mixin.mixin.mixin_argument.MixinArgumentDecorator object at 0x7e5a05c94c50>, verb_extension=<colcon_core.verb.build.BuildVerb object at 0x7e5a063391f0>, main=<bound method BuildVerb.main of <colcon_core.verb.build.BuildVerb object at 0x7e5a063391f0>>, mixin_verb=('build',))
[0.068s] Level 1:colcon.colcon_core.package_discovery:discover_packages(colcon_meta) check parameters
[0.068s] Level 1:colcon.colcon_core.package_discovery:discover_packages(recursive) check parameters
[0.068s] Level 1:colcon.colcon_core.package_discovery:discover_packages(ignore) check parameters
[0.068s] Level 1:colcon.colcon_core.package_discovery:discover_packages(path) check parameters
[0.068s] Level 1:colcon.colcon_core.package_discovery:discover_packages(colcon_meta) discover
[0.068s] Level 1:colcon.colcon_core.package_discovery:discover_packages(recursive) discover
[0.068s] INFO:colcon.colcon_core.package_discovery:Crawling recursively for packages in '/home/adamgb/phd/gazebo_ws'
[0.068s] Level 1:colcon.colcon_core.package_identification:_identify(.) by extensions ['ignore', 'ignore_ament_install']
[0.068s] Level 1:colcon.colcon_core.package_identification:_identify(.) by extension 'ignore'
[0.068s] Level 1:colcon.colcon_core.package_identification:_identify(.) by extension 'ignore_ament_install'
[0.068s] Level 1:colcon.colcon_core.package_identification:_identify(.) by extensions ['colcon_pkg']
[0.068s] Level 1:colcon.colcon_core.package_identification:_identify(.) by extension 'colcon_pkg'
[0.068s] Level 1:colcon.colcon_core.package_identification:_identify(.) by extensions ['colcon_meta']
[0.068s] Level 1:colcon.colcon_core.package_identification:_identify(.) by extension 'colcon_meta'
[0.068s] Level 1:colcon.colcon_core.package_identification:_identify(.) by extensions ['ros']
[0.068s] Level 1:colcon.colcon_core.package_identification:_identify(.) by extension 'ros'
[0.081s] Level 1:colcon.colcon_core.package_identification:_identify(.) by extensions ['cmake', 'python']
[0.081s] Level 1:colcon.colcon_core.package_identification:_identify(.) by extension 'cmake'
[0.081s] Level 1:colcon.colcon_core.package_identification:_identify(.) by extension 'python'
[0.081s] Level 1:colcon.colcon_core.package_identification:_identify(.) by extensions ['python_setup_py']
[0.081s] Level 1:colcon.colcon_core.package_identification:_identify(.) by extension 'python_setup_py'
[0.081s] Level 1:colcon.colcon_core.package_identification:_identify(build) by extensions ['ignore', 'ignore_ament_install']
[0.081s] Level 1:colcon.colcon_core.package_identification:_identify(build) by extension 'ignore'
[0.081s] Level 1:colcon.colcon_core.package_identification:_identify(build) ignored
[0.081s] Level 1:colcon.colcon_core.package_identification:_identify(install) by extensions ['ignore', 'ignore_ament_install']
[0.081s] Level 1:colcon.colcon_core.package_identification:_identify(install) by extension 'ignore'
[0.081s] Level 1:colcon.colcon_core.package_identification:_identify(install) ignored
[0.081s] Level 1:colcon.colcon_core.package_identification:_identify(log) by extensions ['ignore', 'ignore_ament_install']
[0.082s] Level 1:colcon.colcon_core.package_identification:_identify(log) by extension 'ignore'
[0.082s] Level 1:colcon.colcon_core.package_identification:_identify(log) ignored
[0.082s] Level 1:colcon.colcon_core.package_identification:_identify(src) by extensions ['ignore', 'ignore_ament_install']
[0.082s] Level 1:colcon.colcon_core.package_identification:_identify(src) by extension 'ignore'
[0.082s] Level 1:colcon.colcon_core.package_identification:_identify(src) by extension 'ignore_ament_install'
[0.082s] Level 1:colcon.colcon_core.package_identification:_identify(src) by extensions ['colcon_pkg']
[0.082s] Level 1:colcon.colcon_core.package_identification:_identify(src) by extension 'colcon_pkg'
[0.082s] Level 1:colcon.colcon_core.package_identification:_identify(src) by extensions ['colcon_meta']
[0.082s] Level 1:colcon.colcon_core.package_identification:_identify(src) by extension 'colcon_meta'
[0.082s] Level 1:colcon.colcon_core.package_identification:_identify(src) by extensions ['ros']
[0.082s] Level 1:colcon.colcon_core.package_identification:_identify(src) by extension 'ros'
[0.082s] Level 1:colcon.colcon_core.package_identification:_identify(src) by extensions ['cmake', 'python']
[0.082s] Level 1:colcon.colcon_core.package_identification:_identify(src) by extension 'cmake'
[0.082s] Level 1:colcon.colcon_core.package_identification:_identify(src) by extension 'python'
[0.082s] Level 1:colcon.colcon_core.package_identification:_identify(src) by extensions ['python_setup_py']
[0.082s] Level 1:colcon.colcon_core.package_identification:_identify(src) by extension 'python_setup_py'
[0.082s] Level 1:colcon.colcon_core.package_identification:_identify(src/alien_gazebo_resources) by extensions ['ignore', 'ignore_ament_install']
[0.082s] Level 1:colcon.colcon_core.package_identification:_identify(src/alien_gazebo_resources) by extension 'ignore'
[0.082s] Level 1:colcon.colcon_core.package_identification:_identify(src/alien_gazebo_resources) by extension 'ignore_ament_install'
[0.082s] Level 1:colcon.colcon_core.package_identification:_identify(src/alien_gazebo_resources) by extensions ['colcon_pkg']
[0.082s] Level 1:colcon.colcon_core.package_identification:_identify(src/alien_gazebo_resources) by extension 'colcon_pkg'
[0.082s] Level 1:colcon.colcon_core.package_identification:_identify(src/alien_gazebo_resources) by extensions ['colcon_meta']
[0.082s] Level 1:colcon.colcon_core.package_identification:_identify(src/alien_gazebo_resources) by extension 'colcon_meta'
[0.082s] Level 1:colcon.colcon_core.package_identification:_identify(src/alien_gazebo_resources) by extensions ['ros']
[0.082s] Level 1:colcon.colcon_core.package_identification:_identify(src/alien_gazebo_resources) by extension 'ros'
[0.083s] DEBUG:colcon.colcon_core.package_identification:Package 'src/alien_gazebo_resources' with type 'ros.ament_cmake' and name 'alien_gazebo_resources'
[0.083s] Level 1:colcon.colcon_core.package_identification:_identify(src/example_controller_plugin) by extensions ['ignore', 'ignore_ament_install']
[0.083s] Level 1:colcon.colcon_core.package_identification:_identify(src/example_controller_plugin) by extension 'ignore'
[0.083s] Level 1:colcon.colcon_core.package_identification:_identify(src/example_controller_plugin) ignored
[0.083s] Level 1:colcon.colcon_core.package_identification:_identify(src/lvhr_controller) by extensions ['ignore', 'ignore_ament_install']
[0.083s] Level 1:colcon.colcon_core.package_identification:_identify(src/lvhr_controller) by extension 'ignore'
[0.083s] Level 1:colcon.colcon_core.package_identification:_identify(src/lvhr_controller) by extension 'ignore_ament_install'
[0.083s] Level 1:colcon.colcon_core.package_identification:_identify(src/lvhr_controller) by extensions ['colcon_pkg']
[0.083s] Level 1:colcon.colcon_core.package_identification:_identify(src/lvhr_controller) by extension 'colcon_pkg'
[0.083s] Level 1:colcon.colcon_core.package_identification:_identify(src/lvhr_controller) by extensions ['colcon_meta']
[0.083s] Level 1:colcon.colcon_core.package_identification:_identify(src/lvhr_controller) by extension 'colcon_meta'
[0.084s] Level 1:colcon.colcon_core.package_identification:_identify(src/lvhr_controller) by extensions ['ros']
[0.084s] Level 1:colcon.colcon_core.package_identification:_identify(src/lvhr_controller) by extension 'ros'
[0.084s] DEBUG:colcon.colcon_core.package_identification:Package 'src/lvhr_controller' with type 'ros.ament_cmake' and name 'lvhr_controller'
[0.084s] Level 1:colcon.colcon_core.package_identification:_identify(src/mrs_uav_px4_api) by extensions ['ignore', 'ignore_ament_install']
[0.084s] Level 1:colcon.colcon_core.package_identification:_identify(src/mrs_uav_px4_api) by extension 'ignore'
[0.084s] Level 1:colcon.colcon_core.package_identification:_identify(src/mrs_uav_px4_api) by extension 'ignore_ament_install'
[0.084s] Level 1:colcon.colcon_core.package_identification:_identify(src/mrs_uav_px4_api) by extensions ['colcon_pkg']
[0.084s] Level 1:colcon.colcon_core.package_identification:_identify(src/mrs_uav_px4_api) by extension 'colcon_pkg'
[0.084s] Level 1:colcon.colcon_core.package_identification:_identify(src/mrs_uav_px4_api) by extensions ['colcon_meta']
[0.084s] Level 1:colcon.colcon_core.package_identification:_identify(src/mrs_uav_px4_api) by extension 'colcon_meta'
[0.084s] Level 1:colcon.colcon_core.package_identification:_identify(src/mrs_uav_px4_api) by extensions ['ros']
[0.084s] Level 1:colcon.colcon_core.package_identification:_identify(src/mrs_uav_px4_api) by extension 'ros'
[0.085s] DEBUG:colcon.colcon_core.package_identification:Package 'src/mrs_uav_px4_api' with type 'ros.ament_cmake' and name 'mrs_uav_px4_api'
[0.085s] Level 1:colcon.colcon_core.package_identification:_identify(src/px4_firmware) by extensions ['ignore', 'ignore_ament_install']
[0.085s] Level 1:colcon.colcon_core.package_identification:_identify(src/px4_firmware) by extension 'ignore'
[0.085s] Level 1:colcon.colcon_core.package_identification:_identify(src/px4_firmware) by extension 'ignore_ament_install'
[0.085s] Level 1:colcon.colcon_core.package_identification:_identify(src/px4_firmware) by extensions ['colcon_pkg']
[0.085s] Level 1:colcon.colcon_core.package_identification:_identify(src/px4_firmware) by extension 'colcon_pkg'
[0.085s] Level 1:colcon.colcon_core.package_identification:_identify(src/px4_firmware) by extensions ['colcon_meta']
[0.085s] Level 1:colcon.colcon_core.package_identification:_identify(src/px4_firmware) by extension 'colcon_meta'
[0.085s] Level 1:colcon.colcon_core.package_identification:_identify(src/px4_firmware) by extensions ['ros']
[0.085s] Level 1:colcon.colcon_core.package_identification:_identify(src/px4_firmware) by extension 'ros'
[0.085s] DEBUG:colcon.colcon_core.package_identification:Package 'src/px4_firmware' with type 'ros.ament_cmake' and name 'px4'
[0.085s] Level 1:colcon.colcon_core.package_identification:_identify(src/srt_controller) by extensions ['ignore', 'ignore_ament_install']
[0.086s] Level 1:colcon.colcon_core.package_identification:_identify(src/srt_controller) by extension 'ignore'
[0.086s] Level 1:colcon.colcon_core.package_identification:_identify(src/srt_controller) by extension 'ignore_ament_install'
[0.086s] Level 1:colcon.colcon_core.package_identification:_identify(src/srt_controller) by extensions ['colcon_pkg']
[0.086s] Level 1:colcon.colcon_core.package_identification:_identify(src/srt_controller) by extension 'colcon_pkg'
[0.086s] Level 1:colcon.colcon_core.package_identification:_identify(src/srt_controller) by extensions ['colcon_meta']
[0.086s] Level 1:colcon.colcon_core.package_identification:_identify(src/srt_controller) by extension 'colcon_meta'
[0.086s] Level 1:colcon.colcon_core.package_identification:_identify(src/srt_controller) by extensions ['ros']
[0.086s] Level 1:colcon.colcon_core.package_identification:_identify(src/srt_controller) by extension 'ros'
[0.086s] DEBUG:colcon.colcon_core.package_identification:Package 'src/srt_controller' with type 'ros.ament_cmake' and name 'srt_controller'
[0.086s] Level 1:colcon.colcon_core.package_identification:_identify(tmux) by extensions ['ignore', 'ignore_ament_install']
[0.086s] Level 1:colcon.colcon_core.package_identification:_identify(tmux) by extension 'ignore'
[0.086s] Level 1:colcon.colcon_core.package_identification:_identify(tmux) by extension 'ignore_ament_install'
[0.086s] Level 1:colcon.colcon_core.package_identification:_identify(tmux) by extensions ['colcon_pkg']
[0.086s] Level 1:colcon.colcon_core.package_identification:_identify(tmux) by extension 'colcon_pkg'
[0.086s] Level 1:colcon.colcon_core.package_identification:_identify(tmux) by extensions ['colcon_meta']
[0.086s] Level 1:colcon.colcon_core.package_identification:_identify(tmux) by extension 'colcon_meta'
[0.086s] Level 1:colcon.colcon_core.package_identification:_identify(tmux) by extensions ['ros']
[0.086s] Level 1:colcon.colcon_core.package_identification:_identify(tmux) by extension 'ros'
[0.086s] Level 1:colcon.colcon_core.package_identification:_identify(tmux) by extensions ['cmake', 'python']
[0.086s] Level 1:colcon.colcon_core.package_identification:_identify(tmux) by extension 'cmake'
[0.086s] Level 1:colcon.colcon_core.package_identification:_identify(tmux) by extension 'python'
[0.086s] Level 1:colcon.colcon_core.package_identification:_identify(tmux) by extensions ['python_setup_py']
[0.086s] Level 1:colcon.colcon_core.package_identification:_identify(tmux) by extension 'python_setup_py'
[0.086s] Level 1:colcon.colcon_core.package_identification:_identify(tmux/position_control) by extensions ['ignore', 'ignore_ament_install']
[0.086s] Level 1:colcon.colcon_core.package_identification:_identify(tmux/position_control) by extension 'ignore'
[0.086s] Level 1:colcon.colcon_core.package_identification:_identify(tmux/position_control) by extension 'ignore_ament_install'
[0.086s] Level 1:colcon.colcon_core.package_identification:_identify(tmux/position_control) by extensions ['colcon_pkg']
[0.086s] Level 1:colcon.colcon_core.package_identification:_identify(tmux/position_control) by extension 'colcon_pkg'
[0.086s] Level 1:colcon.colcon_core.package_identification:_identify(tmux/position_control) by extensions ['colcon_meta']
[0.086s] Level 1:colcon.colcon_core.package_identification:_identify(tmux/position_control) by extension 'colcon_meta'
[0.086s] Level 1:colcon.colcon_core.package_identification:_identify(tmux/position_control) by extensions ['ros']
[0.086s] Level 1:colcon.colcon_core.package_identification:_identify(tmux/position_control) by extension 'ros'
[0.087s] Level 1:colcon.colcon_core.package_identification:_identify(tmux/position_control) by extensions ['cmake', 'python']
[0.087s] Level 1:colcon.colcon_core.package_identification:_identify(tmux/position_control) by extension 'cmake'
[0.087s] Level 1:colcon.colcon_core.package_identification:_identify(tmux/position_control) by extension 'python'
[0.087s] Level 1:colcon.colcon_core.package_identification:_identify(tmux/position_control) by extensions ['python_setup_py']
[0.087s] Level 1:colcon.colcon_core.package_identification:_identify(tmux/position_control) by extension 'python_setup_py'
[0.087s] Level 1:colcon.colcon_core.package_identification:_identify(tmux/position_control/config) by extensions ['ignore', 'ignore_ament_install']
[0.087s] Level 1:colcon.colcon_core.package_identification:_identify(tmux/position_control/config) by extension 'ignore'
[0.087s] Level 1:colcon.colcon_core.package_identification:_identify(tmux/position_control/config) by extension 'ignore_ament_install'
[0.087s] Level 1:colcon.colcon_core.package_identification:_identify(tmux/position_control/config) by extensions ['colcon_pkg']
[0.087s] Level 1:colcon.colcon_core.package_identification:_identify(tmux/position_control/config) by extension 'colcon_pkg'
[0.087s] Level 1:colcon.colcon_core.package_identification:_identify(tmux/position_control/config) by extensions ['colcon_meta']
[0.087s] Level 1:colcon.colcon_core.package_identification:_identify(tmux/position_control/config) by extension 'colcon_meta'
[0.087s] Level 1:colcon.colcon_core.package_identification:_identify(tmux/position_control/config) by extensions ['ros']
[0.087s] Level 1:colcon.colcon_core.package_identification:_identify(tmux/position_control/config) by extension 'ros'
[0.087s] Level 1:colcon.colcon_core.package_identification:_identify(tmux/position_control/config) by extensions ['cmake', 'python']
[0.087s] Level 1:colcon.colcon_core.package_identification:_identify(tmux/position_control/config) by extension 'cmake'
[0.087s] Level 1:colcon.colcon_core.package_identification:_identify(tmux/position_control/config) by extension 'python'
[0.087s] Level 1:colcon.colcon_core.package_identification:_identify(tmux/position_control/config) by extensions ['python_setup_py']
[0.087s] Level 1:colcon.colcon_core.package_identification:_identify(tmux/position_control/config) by extension 'python_setup_py'
[0.087s] Level 1:colcon.colcon_core.package_identification:_identify(tmux/racing) by extensions ['ignore', 'ignore_ament_install']
[0.087s] Level 1:colcon.colcon_core.package_identification:_identify(tmux/racing) by extension 'ignore'
[0.087s] Level 1:colcon.colcon_core.package_identification:_identify(tmux/racing) by extension 'ignore_ament_install'
[0.087s] Level 1:colcon.colcon_core.package_identification:_identify(tmux/racing) by extensions ['colcon_pkg']
[0.087s] Level 1:colcon.colcon_core.package_identification:_identify(tmux/racing) by extension 'colcon_pkg'
[0.087s] Level 1:colcon.colcon_core.package_identification:_identify(tmux/racing) by extensions ['colcon_meta']
[0.087s] Level 1:colcon.colcon_core.package_identification:_identify(tmux/racing) by extension 'colcon_meta'
[0.087s] Level 1:colcon.colcon_core.package_identification:_identify(tmux/racing) by extensions ['ros']
[0.087s] Level 1:colcon.colcon_core.package_identification:_identify(tmux/racing) by extension 'ros'
[0.087s] Level 1:colcon.colcon_core.package_identification:_identify(tmux/racing) by extensions ['cmake', 'python']
[0.087s] Level 1:colcon.colcon_core.package_identification:_identify(tmux/racing) by extension 'cmake'
[0.087s] Level 1:colcon.colcon_core.package_identification:_identify(tmux/racing) by extension 'python'
[0.087s] Level 1:colcon.colcon_core.package_identification:_identify(tmux/racing) by extensions ['python_setup_py']
[0.087s] Level 1:colcon.colcon_core.package_identification:_identify(tmux/racing) by extension 'python_setup_py'
[0.087s] Level 1:colcon.colcon_core.package_identification:_identify(tmux/racing/config) by extensions ['ignore', 'ignore_ament_install']
[0.087s] Level 1:colcon.colcon_core.package_identification:_identify(tmux/racing/config) by extension 'ignore'
[0.087s] Level 1:colcon.colcon_core.package_identification:_identify(tmux/racing/config) by extension 'ignore_ament_install'
[0.087s] Level 1:colcon.colcon_core.package_identification:_identify(tmux/racing/config) by extensions ['colcon_pkg']
[0.087s] Level 1:colcon.colcon_core.package_identification:_identify(tmux/racing/config) by extension 'colcon_pkg'
[0.087s] Level 1:colcon.colcon_core.package_identification:_identify(tmux/racing/config) by extensions ['colcon_meta']
[0.087s] Level 1:colcon.colcon_core.package_identification:_identify(tmux/racing/config) by extension 'colcon_meta'
[0.087s] Level 1:colcon.colcon_core.package_identification:_identify(tmux/racing/config) by extensions ['ros']
[0.087s] Level 1:colcon.colcon_core.package_identification:_identify(tmux/racing/config) by extension 'ros'
[0.087s] Level 1:colcon.colcon_core.package_identification:_identify(tmux/racing/config) by extensions ['cmake', 'python']
[0.087s] Level 1:colcon.colcon_core.package_identification:_identify(tmux/racing/config) by extension 'cmake'
[0.087s] Level 1:colcon.colcon_core.package_identification:_identify(tmux/racing/config) by extension 'python'
[0.087s] Level 1:colcon.colcon_core.package_identification:_identify(tmux/racing/config) by extensions ['python_setup_py']
[0.087s] Level 1:colcon.colcon_core.package_identification:_identify(tmux/racing/config) by extension 'python_setup_py'
[0.087s] Level 1:colcon.colcon_core.package_identification:_identify(utils) by extensions ['ignore', 'ignore_ament_install']
[0.087s] Level 1:colcon.colcon_core.package_identification:_identify(utils) by extension 'ignore'
[0.087s] Level 1:colcon.colcon_core.package_identification:_identify(utils) by extension 'ignore_ament_install'
[0.088s] Level 1:colcon.colcon_core.package_identification:_identify(utils) by extensions ['colcon_pkg']
[0.088s] Level 1:colcon.colcon_core.package_identification:_identify(utils) by extension 'colcon_pkg'
[0.088s] Level 1:colcon.colcon_core.package_identification:_identify(utils) by extensions ['colcon_meta']
[0.088s] Level 1:colcon.colcon_core.package_identification:_identify(utils) by extension 'colcon_meta'
[0.088s] Level 1:colcon.colcon_core.package_identification:_identify(utils) by extensions ['ros']
[0.088s] Level 1:colcon.colcon_core.package_identification:_identify(utils) by extension 'ros'
[0.088s] Level 1:colcon.colcon_core.package_identification:_identify(utils) by extensions ['cmake', 'python']
[0.088s] Level 1:colcon.colcon_core.package_identification:_identify(utils) by extension 'cmake'
[0.088s] Level 1:colcon.colcon_core.package_identification:_identify(utils) by extension 'python'
[0.088s] Level 1:colcon.colcon_core.package_identification:_identify(utils) by extensions ['python_setup_py']
[0.088s] Level 1:colcon.colcon_core.package_identification:_identify(utils) by extension 'python_setup_py'
[0.088s] Level 1:colcon.colcon_core.package_identification:_identify(utils/tracks) by extensions ['ignore', 'ignore_ament_install']
[0.088s] Level 1:colcon.colcon_core.package_identification:_identify(utils/tracks) by extension 'ignore'
[0.088s] Level 1:colcon.colcon_core.package_identification:_identify(utils/tracks) by extension 'ignore_ament_install'
[0.088s] Level 1:colcon.colcon_core.package_identification:_identify(utils/tracks) by extensions ['colcon_pkg']
[0.088s] Level 1:colcon.colcon_core.package_identification:_identify(utils/tracks) by extension 'colcon_pkg'
[0.088s] Level 1:colcon.colcon_core.package_identification:_identify(utils/tracks) by extensions ['colcon_meta']
[0.088s] Level 1:colcon.colcon_core.package_identification:_identify(utils/tracks) by extension 'colcon_meta'
[0.088s] Level 1:colcon.colcon_core.package_identification:_identify(utils/tracks) by extensions ['ros']
[0.088s] Level 1:colcon.colcon_core.package_identification:_identify(utils/tracks) by extension 'ros'
[0.088s] Level 1:colcon.colcon_core.package_identification:_identify(utils/tracks) by extensions ['cmake', 'python']
[0.088s] Level 1:colcon.colcon_core.package_identification:_identify(utils/tracks) by extension 'cmake'
[0.088s] Level 1:colcon.colcon_core.package_identification:_identify(utils/tracks) by extension 'python'
[0.088s] Level 1:colcon.colcon_core.package_identification:_identify(utils/tracks) by extensions ['python_setup_py']
[0.088s] Level 1:colcon.colcon_core.package_identification:_identify(utils/tracks) by extension 'python_setup_py'
[0.088s] Level 1:colcon.colcon_core.package_discovery:discover_packages(recursive) using defaults
[0.088s] Level 1:colcon.colcon_core.package_discovery:discover_packages(ignore) discover
[0.088s] Level 1:colcon.colcon_core.package_discovery:discover_packages(ignore) using defaults
[0.088s] Level 1:colcon.colcon_core.package_discovery:discover_packages(path) discover
[0.088s] Level 1:colcon.colcon_core.package_discovery:discover_packages(path) using defaults
[0.097s] INFO:colcon.colcon_core.package_selection:Skipping not selected package 'alien_gazebo_resources' in 'src/alien_gazebo_resources'
[0.097s] INFO:colcon.colcon_core.package_selection:Skipping not selected package 'lvhr_controller' in 'src/lvhr_controller'
[0.097s] INFO:colcon.colcon_core.package_selection:Skipping not selected package 'mrs_uav_px4_api' in 'src/mrs_uav_px4_api'
[0.097s] INFO:colcon.colcon_core.package_selection:Skipping not selected package 'px4' in 'src/px4_firmware'
[0.098s] Level 1:colcon.colcon_core.package_discovery:discover_packages(prefix_path) check parameters
[0.098s] Level 1:colcon.colcon_core.package_discovery:discover_packages(prefix_path) discover
[0.099s] DEBUG:colcon.colcon_installed_package_information.package_discovery:Found 423 installed packages in /opt/ros/jazzy
[0.100s] Level 1:colcon.colcon_core.package_discovery:discover_packages(prefix_path) using defaults
[0.122s] Level 5:colcon.colcon_core.verb:set package 'srt_controller' build argument 'cmake_args' from command line to 'None'
[0.122s] Level 5:colcon.colcon_core.verb:set package 'srt_controller' build argument 'cmake_target' from command line to 'None'
[0.122s] Level 5:colcon.colcon_core.verb:set package 'srt_controller' build argument 'cmake_target_skip_unavailable' from command line to 'False'
[0.122s] Level 5:colcon.colcon_core.verb:set package 'srt_controller' build argument 'cmake_clean_cache' from command line to 'False'
[0.122s] Level 5:colcon.colcon_core.verb:set package 'srt_controller' build argument 'cmake_clean_first' from command line to 'False'
[0.122s] Level 5:colcon.colcon_core.verb:set package 'srt_controller' build argument 'cmake_force_configure' from command line to 'False'
[0.122s] Level 5:colcon.colcon_core.verb:set package 'srt_controller' build argument 'ament_cmake_args' from command line to 'None'
[0.122s] Level 5:colcon.colcon_core.verb:set package 'srt_controller' build argument 'catkin_cmake_args' from command line to 'None'
[0.122s] Level 5:colcon.colcon_core.verb:set package 'srt_controller' build argument 'catkin_skip_building_tests' from command line to 'False'
[0.122s] DEBUG:colcon.colcon_core.verb:Building package 'srt_controller' with the following arguments: {'ament_cmake_args': None, 'build_base': '/home/adamgb/phd/gazebo_ws/build/srt_controller', 'catkin_cmake_args': None, 'catkin_skip_building_tests': False, 'cmake_args': None, 'cmake_clean_cache': False, 'cmake_clean_first': False, 'cmake_force_configure': False, 'cmake_target': None, 'cmake_target_skip_unavailable': False, 'install_base': '/home/adamgb/phd/gazebo_ws/install/srt_controller', 'merge_install': False, 'path': '/home/adamgb/phd/gazebo_ws/src/srt_controller', 'symlink_install': False, 'test_result_base': None}
[0.122s] INFO:colcon.colcon_core.executor:Executing jobs using 'parallel' executor
[0.123s] DEBUG:colcon.colcon_parallel_executor.executor.parallel:run_until_complete
[0.123s] INFO:colcon.colcon_ros.task.ament_cmake.build:Building ROS package in '/home/adamgb/phd/gazebo_ws/src/srt_controller' with build type 'ament_cmake'
[0.123s] INFO:colcon.colcon_cmake.task.cmake.build:Building CMake package in '/home/adamgb/phd/gazebo_ws/src/srt_controller'
[0.124s] INFO:colcon.colcon_core.plugin_system:Skipping extension 'colcon_core.shell.bat': Not used on non-Windows systems
[0.124s] INFO:colcon.colcon_core.shell:Skip shell extension 'powershell' for command environment: Not usable outside of PowerShell
[0.124s] DEBUG:colcon.colcon_core.shell:Skip shell extension 'dsv' for command environment
[0.130s] DEBUG:colcon.colcon_core.event_handler.log_command:Invoking command in '/home/adamgb/phd/gazebo_ws/build/srt_controller': /usr/bin/cmake --build /home/adamgb/phd/gazebo_ws/build/srt_controller -- -j32 -l32
[0.211s] DEBUG:colcon.colcon_core.event_handler.log_command:Invoked command in '/home/adamgb/phd/gazebo_ws/build/srt_controller' returned '0': /usr/bin/cmake --build /home/adamgb/phd/gazebo_ws/build/srt_controller -- -j32 -l32
[0.229s] DEBUG:colcon.colcon_core.event_handler.log_command:Invoking command in '/home/adamgb/phd/gazebo_ws/build/srt_controller': /usr/bin/cmake --install /home/adamgb/phd/gazebo_ws/build/srt_controller
[0.243s] Level 1:colcon.colcon_core.environment:create_environment_scripts_only(srt_controller)
[0.248s] Level 1:colcon.colcon_core.environment:checking '/home/adamgb/phd/gazebo_ws/install/srt_controller' for CMake module files
[0.249s] DEBUG:colcon.colcon_core.event_handler.log_command:Invoked command in '/home/adamgb/phd/gazebo_ws/build/srt_controller' returned '0': /usr/bin/cmake --install /home/adamgb/phd/gazebo_ws/build/srt_controller
[0.250s] Level 1:colcon.colcon_core.environment:checking '/home/adamgb/phd/gazebo_ws/install/srt_controller' for CMake config files
[0.250s] Level 1:colcon.colcon_core.shell:create_environment_hook('srt_controller', 'cmake_prefix_path')
[0.250s] INFO:colcon.colcon_core.shell:Creating environment hook '/home/adamgb/phd/gazebo_ws/install/srt_controller/share/srt_controller/hook/cmake_prefix_path.ps1'
[0.251s] INFO:colcon.colcon_core.shell:Creating environment descriptor '/home/adamgb/phd/gazebo_ws/install/srt_controller/share/srt_controller/hook/cmake_prefix_path.dsv'
[0.252s] INFO:colcon.colcon_core.shell:Creating environment hook '/home/adamgb/phd/gazebo_ws/install/srt_controller/share/srt_controller/hook/cmake_prefix_path.sh'
[0.253s] Level 1:colcon.colcon_core.environment:checking '/home/adamgb/phd/gazebo_ws/install/srt_controller/lib'
[0.253s] Level 1:colcon.colcon_core.shell:create_environment_hook('srt_controller', 'ld_library_path_lib')
[0.254s] INFO:colcon.colcon_core.shell:Creating environment hook '/home/adamgb/phd/gazebo_ws/install/srt_controller/share/srt_controller/hook/ld_library_path_lib.ps1'
[0.254s] INFO:colcon.colcon_core.shell:Creating environment descriptor '/home/adamgb/phd/gazebo_ws/install/srt_controller/share/srt_controller/hook/ld_library_path_lib.dsv'
[0.255s] INFO:colcon.colcon_core.shell:Creating environment hook '/home/adamgb/phd/gazebo_ws/install/srt_controller/share/srt_controller/hook/ld_library_path_lib.sh'
[0.255s] Level 1:colcon.colcon_core.environment:checking '/home/adamgb/phd/gazebo_ws/install/srt_controller/bin'
[0.255s] Level 1:colcon.colcon_core.environment:checking '/home/adamgb/phd/gazebo_ws/install/srt_controller/lib/pkgconfig/srt_controller.pc'
[0.256s] Level 1:colcon.colcon_core.environment:checking '/home/adamgb/phd/gazebo_ws/install/srt_controller/lib/python3.12/site-packages'
[0.256s] Level 1:colcon.colcon_core.environment:checking '/home/adamgb/phd/gazebo_ws/install/srt_controller/bin'
[0.256s] INFO:colcon.colcon_core.shell:Creating package script '/home/adamgb/phd/gazebo_ws/install/srt_controller/share/srt_controller/package.ps1'
[0.258s] INFO:colcon.colcon_core.shell:Creating package descriptor '/home/adamgb/phd/gazebo_ws/install/srt_controller/share/srt_controller/package.dsv'
[0.258s] INFO:colcon.colcon_core.shell:Creating package script '/home/adamgb/phd/gazebo_ws/install/srt_controller/share/srt_controller/package.sh'
[0.259s] INFO:colcon.colcon_core.shell:Creating package script '/home/adamgb/phd/gazebo_ws/install/srt_controller/share/srt_controller/package.bash'
[0.259s] INFO:colcon.colcon_core.shell:Creating package script '/home/adamgb/phd/gazebo_ws/install/srt_controller/share/srt_controller/package.zsh'
[0.259s] Level 1:colcon.colcon_core.environment:create_file_with_runtime_dependencies(/home/adamgb/phd/gazebo_ws/install/srt_controller/share/colcon-core/packages/srt_controller)
[0.260s] Level 1:colcon.colcon_core.environment:create_environment_scripts_only(srt_controller)
[0.260s] Level 1:colcon.colcon_core.environment:checking '/home/adamgb/phd/gazebo_ws/install/srt_controller' for CMake module files
[0.260s] Level 1:colcon.colcon_core.environment:checking '/home/adamgb/phd/gazebo_ws/install/srt_controller' for CMake config files
[0.260s] Level 1:colcon.colcon_core.shell:create_environment_hook('srt_controller', 'cmake_prefix_path')
[0.261s] INFO:colcon.colcon_core.shell:Creating environment hook '/home/adamgb/phd/gazebo_ws/install/srt_controller/share/srt_controller/hook/cmake_prefix_path.ps1'
[0.261s] INFO:colcon.colcon_core.shell:Creating environment descriptor '/home/adamgb/phd/gazebo_ws/install/srt_controller/share/srt_controller/hook/cmake_prefix_path.dsv'
[0.261s] INFO:colcon.colcon_core.shell:Creating environment hook '/home/adamgb/phd/gazebo_ws/install/srt_controller/share/srt_controller/hook/cmake_prefix_path.sh'
[0.261s] Level 1:colcon.colcon_core.environment:checking '/home/adamgb/phd/gazebo_ws/install/srt_controller/lib'
[0.261s] Level 1:colcon.colcon_core.shell:create_environment_hook('srt_controller', 'ld_library_path_lib')
[0.262s] INFO:colcon.colcon_core.shell:Creating environment hook '/home/adamgb/phd/gazebo_ws/install/srt_controller/share/srt_controller/hook/ld_library_path_lib.ps1'
[0.262s] INFO:colcon.colcon_core.shell:Creating environment descriptor '/home/adamgb/phd/gazebo_ws/install/srt_controller/share/srt_controller/hook/ld_library_path_lib.dsv'
[0.262s] INFO:colcon.colcon_core.shell:Creating environment hook '/home/adamgb/phd/gazebo_ws/install/srt_controller/share/srt_controller/hook/ld_library_path_lib.sh'
[0.262s] Level 1:colcon.colcon_core.environment:checking '/home/adamgb/phd/gazebo_ws/install/srt_controller/bin'
[0.262s] Level 1:colcon.colcon_core.environment:checking '/home/adamgb/phd/gazebo_ws/install/srt_controller/lib/pkgconfig/srt_controller.pc'
[0.262s] Level 1:colcon.colcon_core.environment:checking '/home/adamgb/phd/gazebo_ws/install/srt_controller/lib/python3.12/site-packages'
[0.263s] Level 1:colcon.colcon_core.environment:checking '/home/adamgb/phd/gazebo_ws/install/srt_controller/bin'
[0.263s] INFO:colcon.colcon_core.shell:Creating package script '/home/adamgb/phd/gazebo_ws/install/srt_controller/share/srt_controller/package.ps1'
[0.263s] INFO:colcon.colcon_core.shell:Creating package descriptor '/home/adamgb/phd/gazebo_ws/install/srt_controller/share/srt_controller/package.dsv'
[0.263s] INFO:colcon.colcon_core.shell:Creating package script '/home/adamgb/phd/gazebo_ws/install/srt_controller/share/srt_controller/package.sh'
[0.264s] INFO:colcon.colcon_core.shell:Creating package script '/home/adamgb/phd/gazebo_ws/install/srt_controller/share/srt_controller/package.bash'
[0.264s] INFO:colcon.colcon_core.shell:Creating package script '/home/adamgb/phd/gazebo_ws/install/srt_controller/share/srt_controller/package.zsh'
[0.264s] Level 1:colcon.colcon_core.environment:create_file_with_runtime_dependencies(/home/adamgb/phd/gazebo_ws/install/srt_controller/share/colcon-core/packages/srt_controller)
[0.264s] DEBUG:colcon.colcon_parallel_executor.executor.parallel:closing loop
[0.264s] DEBUG:colcon.colcon_parallel_executor.executor.parallel:loop closed
[0.264s] DEBUG:colcon.colcon_parallel_executor.executor.parallel:run_until_complete finished with '0'
[0.264s] DEBUG:colcon.colcon_core.event_reactor:joining thread
[0.267s] INFO:colcon.colcon_core.plugin_system:Skipping extension 'colcon_notification.desktop_notification.terminal_notifier': Not used on non-Darwin systems
[0.267s] INFO:colcon.colcon_core.plugin_system:Skipping extension 'colcon_notification.desktop_notification.win32': Not used on non-Windows systems
[0.267s] INFO:colcon.colcon_notification.desktop_notification:Sending desktop notification using 'notify2'
[0.281s] DEBUG:colcon.colcon_core.event_reactor:joined thread
[0.281s] INFO:colcon.colcon_core.shell:Creating prefix script '/home/adamgb/phd/gazebo_ws/install/local_setup.ps1'
[0.282s] INFO:colcon.colcon_core.shell:Creating prefix util module '/home/adamgb/phd/gazebo_ws/install/_local_setup_util_ps1.py'
[0.283s] INFO:colcon.colcon_core.shell:Creating prefix chain script '/home/adamgb/phd/gazebo_ws/install/setup.ps1'
[0.284s] INFO:colcon.colcon_core.shell:Creating prefix script '/home/adamgb/phd/gazebo_ws/install/local_setup.sh'
[0.284s] INFO:colcon.colcon_core.shell:Creating prefix util module '/home/adamgb/phd/gazebo_ws/install/_local_setup_util_sh.py'
[0.284s] INFO:colcon.colcon_core.shell:Creating prefix chain script '/home/adamgb/phd/gazebo_ws/install/setup.sh'
[0.285s] INFO:colcon.colcon_core.shell:Creating prefix script '/home/adamgb/phd/gazebo_ws/install/local_setup.bash'
[0.285s] INFO:colcon.colcon_core.shell:Creating prefix chain script '/home/adamgb/phd/gazebo_ws/install/setup.bash'
[0.286s] INFO:colcon.colcon_core.shell:Creating prefix script '/home/adamgb/phd/gazebo_ws/install/local_setup.zsh'
[0.286s] INFO:colcon.colcon_core.shell:Creating prefix chain script '/home/adamgb/phd/gazebo_ws/install/setup.zsh'
