[100%] Built target LvhrController_VelocityController
-- Install configuration: ""
-- Up-to-date: /home/adamgb/phd/gazebo_ws/install/lvhr_controller/share/lvhr_controller/plugins.xml
-- Up-to-date: /home/adamgb/phd/gazebo_ws/install/lvhr_controller/lib/libLvhrController_VelocityController.so
-- Up-to-date: /home/adamgb/phd/gazebo_ws/install/lvhr_controller/share/lvhr_controller/config
-- Up-to-date: /home/adamgb/phd/gazebo_ws/install/lvhr_controller/share/lvhr_controller/config/velocity_controller.yaml
-- Up-to-date: /home/adamgb/phd/gazebo_ws/install/lvhr_controller/share/lvhr_controller/environment/library_path.sh
-- Up-to-date: /home/adamgb/phd/gazebo_ws/install/lvhr_controller/share/lvhr_controller/environment/library_path.dsv
-- Up-to-date: /home/adamgb/phd/gazebo_ws/install/lvhr_controller/share/ament_index/resource_index/package_run_dependencies/lvhr_controller
-- Up-to-date: /home/adamgb/phd/gazebo_ws/install/lvhr_controller/share/ament_index/resource_index/parent_prefix_path/lvhr_controller
-- Up-to-date: /home/adamgb/phd/gazebo_ws/install/lvhr_controller/share/lvhr_controller/environment/ament_prefix_path.sh
-- Up-to-date: /home/adamgb/phd/gazebo_ws/install/lvhr_controller/share/lvhr_controller/environment/ament_prefix_path.dsv
-- Up-to-date: /home/adamgb/phd/gazebo_ws/install/lvhr_controller/share/lvhr_controller/environment/path.sh
-- Up-to-date: /home/adamgb/phd/gazebo_ws/install/lvhr_controller/share/lvhr_controller/environment/path.dsv
-- Up-to-date: /home/adamgb/phd/gazebo_ws/install/lvhr_controller/share/lvhr_controller/local_setup.bash
-- Up-to-date: /home/adamgb/phd/gazebo_ws/install/lvhr_controller/share/lvhr_controller/local_setup.sh
-- Up-to-date: /home/adamgb/phd/gazebo_ws/install/lvhr_controller/share/lvhr_controller/local_setup.zsh
-- Up-to-date: /home/adamgb/phd/gazebo_ws/install/lvhr_controller/share/lvhr_controller/local_setup.dsv
-- Installing: /home/adamgb/phd/gazebo_ws/install/lvhr_controller/share/lvhr_controller/package.dsv
-- Up-to-date: /home/adamgb/phd/gazebo_ws/install/lvhr_controller/share/ament_index/resource_index/packages/lvhr_controller
-- Up-to-date: /home/adamgb/phd/gazebo_ws/install/lvhr_controller/share/ament_index/resource_index/mrs_uav_managers__pluginlib__plugin/lvhr_controller
-- Up-to-date: /home/adamgb/phd/gazebo_ws/install/lvhr_controller/share/lvhr_controller/cmake/export_lvhr_controllerExport.cmake
-- Up-to-date: /home/adamgb/phd/gazebo_ws/install/lvhr_controller/share/lvhr_controller/cmake/export_lvhr_controllerExport-noconfig.cmake
-- Up-to-date: /home/adamgb/phd/gazebo_ws/install/lvhr_controller/share/lvhr_controller/cmake/ament_cmake_export_targets-extras.cmake
-- Up-to-date: /home/adamgb/phd/gazebo_ws/install/lvhr_controller/share/lvhr_controller/cmake/lvhr_controllerConfig.cmake
-- Up-to-date: /home/adamgb/phd/gazebo_ws/install/lvhr_controller/share/lvhr_controller/cmake/lvhr_controllerConfig-version.cmake
-- Up-to-date: /home/adamgb/phd/gazebo_ws/install/lvhr_controller/share/lvhr_controller/package.xml
