[ 50%] [32mBuilding CXX object CMakeFiles/SrtController_ActuatorsController.dir/src/actuators_controller.cpp.o[0m
[100%] [32m[1mLinking CXX shared library libSrtController_ActuatorsController.so[0m
[100%] Built target SrtController_ActuatorsController
-- Install configuration: ""
-- Up-to-date: /home/adamgb/phd/gazebo_ws/install/srt_controller/share/srt_controller/plugins.xml
-- Installing: /home/adamgb/phd/gazebo_ws/install/srt_controller/lib/libSrtController_ActuatorsController.so
-- Set non-toolchain portion of runtime path of "/home/adamgb/phd/gazebo_ws/install/srt_controller/lib/libSrtController_ActuatorsController.so" to ""
-- Up-to-date: /home/adamgb/phd/gazebo_ws/install/srt_controller/share/srt_controller/config
-- Up-to-date: /home/adamgb/phd/gazebo_ws/install/srt_controller/share/srt_controller/config/actuators_controller.yaml
-- Up-to-date: /home/adamgb/phd/gazebo_ws/install/srt_controller/share/srt_controller/environment/library_path.sh
-- Up-to-date: /home/adamgb/phd/gazebo_ws/install/srt_controller/share/srt_controller/environment/library_path.dsv
-- Up-to-date: /home/adamgb/phd/gazebo_ws/install/srt_controller/share/ament_index/resource_index/package_run_dependencies/srt_controller
-- Up-to-date: /home/adamgb/phd/gazebo_ws/install/srt_controller/share/ament_index/resource_index/parent_prefix_path/srt_controller
-- Up-to-date: /home/adamgb/phd/gazebo_ws/install/srt_controller/share/srt_controller/environment/ament_prefix_path.sh
-- Up-to-date: /home/adamgb/phd/gazebo_ws/install/srt_controller/share/srt_controller/environment/ament_prefix_path.dsv
-- Up-to-date: /home/adamgb/phd/gazebo_ws/install/srt_controller/share/srt_controller/environment/path.sh
-- Up-to-date: /home/adamgb/phd/gazebo_ws/install/srt_controller/share/srt_controller/environment/path.dsv
-- Up-to-date: /home/adamgb/phd/gazebo_ws/install/srt_controller/share/srt_controller/local_setup.bash
-- Up-to-date: /home/adamgb/phd/gazebo_ws/install/srt_controller/share/srt_controller/local_setup.sh
-- Up-to-date: /home/adamgb/phd/gazebo_ws/install/srt_controller/share/srt_controller/local_setup.zsh
-- Up-to-date: /home/adamgb/phd/gazebo_ws/install/srt_controller/share/srt_controller/local_setup.dsv
-- Installing: /home/adamgb/phd/gazebo_ws/install/srt_controller/share/srt_controller/package.dsv
-- Up-to-date: /home/adamgb/phd/gazebo_ws/install/srt_controller/share/ament_index/resource_index/packages/srt_controller
-- Up-to-date: /home/adamgb/phd/gazebo_ws/install/srt_controller/share/ament_index/resource_index/mrs_uav_managers__pluginlib__plugin/srt_controller
-- Up-to-date: /home/adamgb/phd/gazebo_ws/install/srt_controller/share/srt_controller/cmake/export_srt_controllerExport.cmake
-- Up-to-date: /home/adamgb/phd/gazebo_ws/install/srt_controller/share/srt_controller/cmake/export_srt_controllerExport-noconfig.cmake
-- Up-to-date: /home/adamgb/phd/gazebo_ws/install/srt_controller/share/srt_controller/cmake/ament_cmake_export_targets-extras.cmake
-- Up-to-date: /home/adamgb/phd/gazebo_ws/install/srt_controller/share/srt_controller/cmake/srt_controllerConfig.cmake
-- Up-to-date: /home/adamgb/phd/gazebo_ws/install/srt_controller/share/srt_controller/cmake/srt_controllerConfig-version.cmake
-- Up-to-date: /home/adamgb/phd/gazebo_ws/install/srt_controller/share/srt_controller/package.xml
