[0.006s] Invoking command in '/home/adamgb/phd/gazebo_ws/build/mrs_uav_px4_api': /usr/bin/cmake /home/adamgb/phd/gazebo_ws/src/mrs_uav_px4_api -DCMAKE_INSTALL_PREFIX=/home/adamgb/phd/gazebo_ws/install/mrs_uav_px4_api
[0.050s] -- The C compiler identification is GNU 13.3.0
[0.086s] -- The CXX compiler identification is GNU 13.3.0
[0.099s] -- Detecting C compiler ABI info
[0.159s] -- Detecting C compiler ABI info - done
[0.164s] -- Check for working C compiler: /usr/bin/cc - skipped
[0.164s] -- Detecting C compile features
[0.164s] -- Detecting C compile features - done
[0.172s] -- Detecting CXX compiler ABI info
[0.247s] -- Detecting CXX compiler ABI info - done
[0.254s] -- Check for working CXX compiler: /usr/bin/c++ - skipped
[0.254s] -- Detecting CXX compile features
[0.254s] -- Detecting CXX compile features - done
[0.255s] -- Found rclcpp: 28.1.22 (/opt/ros/jazzy/share/rclcpp/cmake)
[0.354s] -- Found Python3: /usr/bin/python3 (found version "3.12.3") found components: Interpreter 
[0.451s] -- Found rosidl_generator_c: 4.6.9 (/opt/ros/jazzy/share/rosidl_generator_c/cmake)
[0.458s] -- Found rosidl_generator_cpp: 4.6.9 (/opt/ros/jazzy/share/rosidl_generator_cpp/cmake)
[0.470s] -- Using all available rosidl_typesupport_c: rosidl_typesupport_fastrtps_c;rosidl_typesupport_introspection_c
[0.484s] -- Using all available rosidl_typesupport_cpp: rosidl_typesupport_fastrtps_cpp;rosidl_typesupport_introspection_cpp
[0.526s] -- Found rmw_implementation_cmake: 7.3.3 (/opt/ros/jazzy/share/rmw_implementation_cmake/cmake)
[0.527s] -- Found rmw_fastrtps_cpp: 8.4.4 (/opt/ros/jazzy/share/rmw_fastrtps_cpp/cmake)
[0.589s] -- Found OpenSSL: /usr/lib/x86_64-linux-gnu/libcrypto.so (found version "3.0.13")  
[0.610s] -- Found FastRTPS: /opt/ros/jazzy/include (Required is at least version "2.13") 
[0.627s] -- Using RMW implementation 'rmw_fastrtps_cpp' as default
[0.671s] -- Found rclcpp_components: 28.1.22 (/opt/ros/jazzy/share/rclcpp_components/cmake)
[0.691s] -- Found geometry_msgs: 5.3.8 (/opt/ros/jazzy/share/geometry_msgs/cmake)
[0.709s] -- Found mavros: 2.14.0 (/opt/ros/jazzy/share/mavros/cmake)
[0.725s] -- Found mavros_msgs: 2.14.0 (/opt/ros/jazzy/share/mavros_msgs/cmake)
[0.819s] -- Found mrs_lib: 2.0.0 (/opt/ros/jazzy/share/mrs_lib/cmake)
[0.896s] -- Found Eigen3: TRUE (found version "3.4.0") 
[0.896s] -- Ensuring Eigen3 include directory is part of orocos-kdl CMake target
[0.972s] -- Found mrs_uav_hw_api: 2.0.0 (/opt/ros/jazzy/share/mrs_uav_hw_api/cmake)
[1.057s] -- Configuring done (1.0s)
[1.068s] -- Generating done (0.0s)
[1.070s] -- Build files have been written to: /home/adamgb/phd/gazebo_ws/build/mrs_uav_px4_api
[1.078s] Invoked command in '/home/adamgb/phd/gazebo_ws/build/mrs_uav_px4_api' returned '0': /usr/bin/cmake /home/adamgb/phd/gazebo_ws/src/mrs_uav_px4_api -DCMAKE_INSTALL_PREFIX=/home/adamgb/phd/gazebo_ws/install/mrs_uav_px4_api
[1.078s] Invoking command in '/home/adamgb/phd/gazebo_ws/build/mrs_uav_px4_api': /usr/bin/cmake --build /home/adamgb/phd/gazebo_ws/build/mrs_uav_px4_api -- -j32 -l32
[1.118s] [ 50%] Building CXX object CMakeFiles/MrsUavPx4Api_Api.dir/src/api.cpp.o
[23.225s] [100%] Linking CXX shared library libMrsUavPx4Api_Api.so
[24.272s] [100%] Built target MrsUavPx4Api_Api
