[0.104s] DEBUG:colcon:Command line arguments: ['/usr/bin/colcon', 'build', '--packages-select', 'mrs_uav_px4_api', 'srt_controller', '--allow-overriding', 'mrs_uav_px4_api']
[0.104s] DEBUG:colcon:Parsed command line arguments: Namespace(log_base=None, log_level=None, verb_name='build', build_base='build', install_base='install', merge_install=False, symlink_install=False, test_result_base=None, continue_on_error=False, executor='parallel', parallel_workers=32, event_handlers=None, ignore_user_meta=False, metas=['./colcon.meta'], base_paths=['.'], packages_ignore=None, packages_ignore_regex=None, paths=None, packages_up_to=None, packages_up_to_regex=None, packages_above=None, packages_above_and_dependencies=None, packages_above_depth=None, packages_select_by_dep=None, packages_skip_by_dep=None, packages_skip_up_to=None, packages_select_build_failed=False, packages_skip_build_finished=False, packages_select_test_failures=False, packages_skip_test_passed=False, packages_select=['mrs_uav_px4_api', 'srt_controller'], packages_skip=None, packages_select_regex=None, packages_skip_regex=None, packages_start=None, packages_end=None, allow_overriding=['mrs_uav_px4_api'], cmake_args=None, cmake_target=None, cmake_target_skip_unavailable=False, cmake_clean_cache=False, cmake_clean_first=False, cmake_force_configure=False, ament_cmake_args=None, catkin_cmake_args=None, catkin_skip_building_tests=False, mixin_files=None, mixin=None, verb_parser=<colcon_mixin.mixin.mixin_argument.MixinArgumentDecorator object at 0x76fb15cc86b0>, verb_extension=<colcon_core.verb.build.BuildVerb object at 0x76fb15df16a0>, main=<bound method BuildVerb.main of <colcon_core.verb.build.BuildVerb object at 0x76fb15df16a0>>, mixin_verb=('build',))
[0.139s] Level 1:colcon.colcon_core.package_discovery:discover_packages(colcon_meta) check parameters
[0.139s] Level 1:colcon.colcon_core.package_discovery:discover_packages(recursive) check parameters
[0.139s] Level 1:colcon.colcon_core.package_discovery:discover_packages(ignore) check parameters
[0.139s] Level 1:colcon.colcon_core.package_discovery:discover_packages(path) check parameters
[0.139s] Level 1:colcon.colcon_core.package_discovery:discover_packages(colcon_meta) discover
[0.139s] Level 1:colcon.colcon_core.package_discovery:discover_packages(recursive) discover
[0.139s] INFO:colcon.colcon_core.package_discovery:Crawling recursively for packages in '/home/adamgb/phd/gazebo_ws'
[0.139s] Level 1:colcon.colcon_core.package_identification:_identify(.) by extensions ['ignore', 'ignore_ament_install']
[0.139s] Level 1:colcon.colcon_core.package_identification:_identify(.) by extension 'ignore'
[0.140s] Level 1:colcon.colcon_core.package_identification:_identify(.) by extension 'ignore_ament_install'
[0.140s] Level 1:colcon.colcon_core.package_identification:_identify(.) by extensions ['colcon_pkg']
[0.140s] Level 1:colcon.colcon_core.package_identification:_identify(.) by extension 'colcon_pkg'
[0.140s] Level 1:colcon.colcon_core.package_identification:_identify(.) by extensions ['colcon_meta']
[0.140s] Level 1:colcon.colcon_core.package_identification:_identify(.) by extension 'colcon_meta'
[0.140s] Level 1:colcon.colcon_core.package_identification:_identify(.) by extensions ['ros']
[0.140s] Level 1:colcon.colcon_core.package_identification:_identify(.) by extension 'ros'
[0.164s] Level 1:colcon.colcon_core.package_identification:_identify(.) by extensions ['cmake', 'python']
[0.164s] Level 1:colcon.colcon_core.package_identification:_identify(.) by extension 'cmake'
[0.164s] Level 1:colcon.colcon_core.package_identification:_identify(.) by extension 'python'
[0.164s] Level 1:colcon.colcon_core.package_identification:_identify(.) by extensions ['python_setup_py']
[0.164s] Level 1:colcon.colcon_core.package_identification:_identify(.) by extension 'python_setup_py'
[0.164s] Level 1:colcon.colcon_core.package_identification:_identify(build) by extensions ['ignore', 'ignore_ament_install']
[0.164s] Level 1:colcon.colcon_core.package_identification:_identify(build) by extension 'ignore'
[0.164s] Level 1:colcon.colcon_core.package_identification:_identify(build) ignored
[0.164s] Level 1:colcon.colcon_core.package_identification:_identify(install) by extensions ['ignore', 'ignore_ament_install']
[0.164s] Level 1:colcon.colcon_core.package_identification:_identify(install) by extension 'ignore'
[0.164s] Level 1:colcon.colcon_core.package_identification:_identify(install) ignored
[0.164s] Level 1:colcon.colcon_core.package_identification:_identify(log) by extensions ['ignore', 'ignore_ament_install']
[0.165s] Level 1:colcon.colcon_core.package_identification:_identify(log) by extension 'ignore'
[0.165s] Level 1:colcon.colcon_core.package_identification:_identify(log) ignored
[0.165s] Level 1:colcon.colcon_core.package_identification:_identify(src) by extensions ['ignore', 'ignore_ament_install']
[0.165s] Level 1:colcon.colcon_core.package_identification:_identify(src) by extension 'ignore'
[0.165s] Level 1:colcon.colcon_core.package_identification:_identify(src) by extension 'ignore_ament_install'
[0.165s] Level 1:colcon.colcon_core.package_identification:_identify(src) by extensions ['colcon_pkg']
[0.165s] Level 1:colcon.colcon_core.package_identification:_identify(src) by extension 'colcon_pkg'
[0.165s] Level 1:colcon.colcon_core.package_identification:_identify(src) by extensions ['colcon_meta']
[0.165s] Level 1:colcon.colcon_core.package_identification:_identify(src) by extension 'colcon_meta'
[0.165s] Level 1:colcon.colcon_core.package_identification:_identify(src) by extensions ['ros']
[0.165s] Level 1:colcon.colcon_core.package_identification:_identify(src) by extension 'ros'
[0.165s] Level 1:colcon.colcon_core.package_identification:_identify(src) by extensions ['cmake', 'python']
[0.165s] Level 1:colcon.colcon_core.package_identification:_identify(src) by extension 'cmake'
[0.165s] Level 1:colcon.colcon_core.package_identification:_identify(src) by extension 'python'
[0.165s] Level 1:colcon.colcon_core.package_identification:_identify(src) by extensions ['python_setup_py']
[0.165s] Level 1:colcon.colcon_core.package_identification:_identify(src) by extension 'python_setup_py'
[0.165s] Level 1:colcon.colcon_core.package_identification:_identify(src/alien_gazebo_resources) by extensions ['ignore', 'ignore_ament_install']
[0.165s] Level 1:colcon.colcon_core.package_identification:_identify(src/alien_gazebo_resources) by extension 'ignore'
[0.165s] Level 1:colcon.colcon_core.package_identification:_identify(src/alien_gazebo_resources) by extension 'ignore_ament_install'
[0.166s] Level 1:colcon.colcon_core.package_identification:_identify(src/alien_gazebo_resources) by extensions ['colcon_pkg']
[0.166s] Level 1:colcon.colcon_core.package_identification:_identify(src/alien_gazebo_resources) by extension 'colcon_pkg'
[0.166s] Level 1:colcon.colcon_core.package_identification:_identify(src/alien_gazebo_resources) by extensions ['colcon_meta']
[0.166s] Level 1:colcon.colcon_core.package_identification:_identify(src/alien_gazebo_resources) by extension 'colcon_meta'
[0.166s] Level 1:colcon.colcon_core.package_identification:_identify(src/alien_gazebo_resources) by extensions ['ros']
[0.166s] Level 1:colcon.colcon_core.package_identification:_identify(src/alien_gazebo_resources) by extension 'ros'
[0.168s] DEBUG:colcon.colcon_core.package_identification:Package 'src/alien_gazebo_resources' with type 'ros.ament_cmake' and name 'alien_gazebo_resources'
[0.168s] Level 1:colcon.colcon_core.package_identification:_identify(src/lvhr_controller) by extensions ['ignore', 'ignore_ament_install']
[0.168s] Level 1:colcon.colcon_core.package_identification:_identify(src/lvhr_controller) by extension 'ignore'
[0.168s] Level 1:colcon.colcon_core.package_identification:_identify(src/lvhr_controller) by extension 'ignore_ament_install'
[0.168s] Level 1:colcon.colcon_core.package_identification:_identify(src/lvhr_controller) by extensions ['colcon_pkg']
[0.168s] Level 1:colcon.colcon_core.package_identification:_identify(src/lvhr_controller) by extension 'colcon_pkg'
[0.168s] Level 1:colcon.colcon_core.package_identification:_identify(src/lvhr_controller) by extensions ['colcon_meta']
[0.168s] Level 1:colcon.colcon_core.package_identification:_identify(src/lvhr_controller) by extension 'colcon_meta'
[0.168s] Level 1:colcon.colcon_core.package_identification:_identify(src/lvhr_controller) by extensions ['ros']
[0.168s] Level 1:colcon.colcon_core.package_identification:_identify(src/lvhr_controller) by extension 'ros'
[0.169s] DEBUG:colcon.colcon_core.package_identification:Package 'src/lvhr_controller' with type 'ros.ament_cmake' and name 'lvhr_controller'
[0.169s] Level 1:colcon.colcon_core.package_identification:_identify(src/mrs_uav_px4_api) by extensions ['ignore', 'ignore_ament_install']
[0.169s] Level 1:colcon.colcon_core.package_identification:_identify(src/mrs_uav_px4_api) by extension 'ignore'
[0.169s] Level 1:colcon.colcon_core.package_identification:_identify(src/mrs_uav_px4_api) by extension 'ignore_ament_install'
[0.169s] Level 1:colcon.colcon_core.package_identification:_identify(src/mrs_uav_px4_api) by extensions ['colcon_pkg']
[0.169s] Level 1:colcon.colcon_core.package_identification:_identify(src/mrs_uav_px4_api) by extension 'colcon_pkg'
[0.169s] Level 1:colcon.colcon_core.package_identification:_identify(src/mrs_uav_px4_api) by extensions ['colcon_meta']
[0.170s] Level 1:colcon.colcon_core.package_identification:_identify(src/mrs_uav_px4_api) by extension 'colcon_meta'
[0.170s] Level 1:colcon.colcon_core.package_identification:_identify(src/mrs_uav_px4_api) by extensions ['ros']
[0.170s] Level 1:colcon.colcon_core.package_identification:_identify(src/mrs_uav_px4_api) by extension 'ros'
[0.171s] DEBUG:colcon.colcon_core.package_identification:Package 'src/mrs_uav_px4_api' with type 'ros.ament_cmake' and name 'mrs_uav_px4_api'
[0.171s] Level 1:colcon.colcon_core.package_identification:_identify(src/px4_firmware) by extensions ['ignore', 'ignore_ament_install']
[0.171s] Level 1:colcon.colcon_core.package_identification:_identify(src/px4_firmware) by extension 'ignore'
[0.171s] Level 1:colcon.colcon_core.package_identification:_identify(src/px4_firmware) by extension 'ignore_ament_install'
[0.171s] Level 1:colcon.colcon_core.package_identification:_identify(src/px4_firmware) by extensions ['colcon_pkg']
[0.171s] Level 1:colcon.colcon_core.package_identification:_identify(src/px4_firmware) by extension 'colcon_pkg'
[0.171s] Level 1:colcon.colcon_core.package_identification:_identify(src/px4_firmware) by extensions ['colcon_meta']
[0.171s] Level 1:colcon.colcon_core.package_identification:_identify(src/px4_firmware) by extension 'colcon_meta'
[0.171s] Level 1:colcon.colcon_core.package_identification:_identify(src/px4_firmware) by extensions ['ros']
[0.171s] Level 1:colcon.colcon_core.package_identification:_identify(src/px4_firmware) by extension 'ros'
[0.172s] DEBUG:colcon.colcon_core.package_identification:Package 'src/px4_firmware' with type 'ros.ament_cmake' and name 'px4'
[0.172s] Level 1:colcon.colcon_core.package_identification:_identify(src/srt_controller) by extensions ['ignore', 'ignore_ament_install']
[0.172s] Level 1:colcon.colcon_core.package_identification:_identify(src/srt_controller) by extension 'ignore'
[0.172s] Level 1:colcon.colcon_core.package_identification:_identify(src/srt_controller) by extension 'ignore_ament_install'
[0.172s] Level 1:colcon.colcon_core.package_identification:_identify(src/srt_controller) by extensions ['colcon_pkg']
[0.172s] Level 1:colcon.colcon_core.package_identification:_identify(src/srt_controller) by extension 'colcon_pkg'
[0.172s] Level 1:colcon.colcon_core.package_identification:_identify(src/srt_controller) by extensions ['colcon_meta']
[0.172s] Level 1:colcon.colcon_core.package_identification:_identify(src/srt_controller) by extension 'colcon_meta'
[0.172s] Level 1:colcon.colcon_core.package_identification:_identify(src/srt_controller) by extensions ['ros']
[0.172s] Level 1:colcon.colcon_core.package_identification:_identify(src/srt_controller) by extension 'ros'
[0.173s] DEBUG:colcon.colcon_core.package_identification:Package 'src/srt_controller' with type 'ros.ament_cmake' and name 'srt_controller'
[0.173s] Level 1:colcon.colcon_core.package_identification:_identify(tmux) by extensions ['ignore', 'ignore_ament_install']
[0.173s] Level 1:colcon.colcon_core.package_identification:_identify(tmux) by extension 'ignore'
[0.173s] Level 1:colcon.colcon_core.package_identification:_identify(tmux) by extension 'ignore_ament_install'
[0.173s] Level 1:colcon.colcon_core.package_identification:_identify(tmux) by extensions ['colcon_pkg']
[0.173s] Level 1:colcon.colcon_core.package_identification:_identify(tmux) by extension 'colcon_pkg'
[0.173s] Level 1:colcon.colcon_core.package_identification:_identify(tmux) by extensions ['colcon_meta']
[0.173s] Level 1:colcon.colcon_core.package_identification:_identify(tmux) by extension 'colcon_meta'
[0.173s] Level 1:colcon.colcon_core.package_identification:_identify(tmux) by extensions ['ros']
[0.173s] Level 1:colcon.colcon_core.package_identification:_identify(tmux) by extension 'ros'
[0.173s] Level 1:colcon.colcon_core.package_identification:_identify(tmux) by extensions ['cmake', 'python']
[0.173s] Level 1:colcon.colcon_core.package_identification:_identify(tmux) by extension 'cmake'
[0.173s] Level 1:colcon.colcon_core.package_identification:_identify(tmux) by extension 'python'
[0.174s] Level 1:colcon.colcon_core.package_identification:_identify(tmux) by extensions ['python_setup_py']
[0.174s] Level 1:colcon.colcon_core.package_identification:_identify(tmux) by extension 'python_setup_py'
[0.174s] Level 1:colcon.colcon_core.package_identification:_identify(tmux/position_control) by extensions ['ignore', 'ignore_ament_install']
[0.174s] Level 1:colcon.colcon_core.package_identification:_identify(tmux/position_control) by extension 'ignore'
[0.174s] Level 1:colcon.colcon_core.package_identification:_identify(tmux/position_control) by extension 'ignore_ament_install'
[0.174s] Level 1:colcon.colcon_core.package_identification:_identify(tmux/position_control) by extensions ['colcon_pkg']
[0.174s] Level 1:colcon.colcon_core.package_identification:_identify(tmux/position_control) by extension 'colcon_pkg'
[0.174s] Level 1:colcon.colcon_core.package_identification:_identify(tmux/position_control) by extensions ['colcon_meta']
[0.174s] Level 1:colcon.colcon_core.package_identification:_identify(tmux/position_control) by extension 'colcon_meta'
[0.174s] Level 1:colcon.colcon_core.package_identification:_identify(tmux/position_control) by extensions ['ros']
[0.174s] Level 1:colcon.colcon_core.package_identification:_identify(tmux/position_control) by extension 'ros'
[0.174s] Level 1:colcon.colcon_core.package_identification:_identify(tmux/position_control) by extensions ['cmake', 'python']
[0.174s] Level 1:colcon.colcon_core.package_identification:_identify(tmux/position_control) by extension 'cmake'
[0.174s] Level 1:colcon.colcon_core.package_identification:_identify(tmux/position_control) by extension 'python'
[0.174s] Level 1:colcon.colcon_core.package_identification:_identify(tmux/position_control) by extensions ['python_setup_py']
[0.174s] Level 1:colcon.colcon_core.package_identification:_identify(tmux/position_control) by extension 'python_setup_py'
[0.174s] Level 1:colcon.colcon_core.package_identification:_identify(tmux/position_control/config) by extensions ['ignore', 'ignore_ament_install']
[0.174s] Level 1:colcon.colcon_core.package_identification:_identify(tmux/position_control/config) by extension 'ignore'
[0.174s] Level 1:colcon.colcon_core.package_identification:_identify(tmux/position_control/config) by extension 'ignore_ament_install'
[0.174s] Level 1:colcon.colcon_core.package_identification:_identify(tmux/position_control/config) by extensions ['colcon_pkg']
[0.174s] Level 1:colcon.colcon_core.package_identification:_identify(tmux/position_control/config) by extension 'colcon_pkg'
[0.174s] Level 1:colcon.colcon_core.package_identification:_identify(tmux/position_control/config) by extensions ['colcon_meta']
[0.174s] Level 1:colcon.colcon_core.package_identification:_identify(tmux/position_control/config) by extension 'colcon_meta'
[0.175s] Level 1:colcon.colcon_core.package_identification:_identify(tmux/position_control/config) by extensions ['ros']
[0.175s] Level 1:colcon.colcon_core.package_identification:_identify(tmux/position_control/config) by extension 'ros'
[0.175s] Level 1:colcon.colcon_core.package_identification:_identify(tmux/position_control/config) by extensions ['cmake', 'python']
[0.175s] Level 1:colcon.colcon_core.package_identification:_identify(tmux/position_control/config) by extension 'cmake'
[0.175s] Level 1:colcon.colcon_core.package_identification:_identify(tmux/position_control/config) by extension 'python'
[0.175s] Level 1:colcon.colcon_core.package_identification:_identify(tmux/position_control/config) by extensions ['python_setup_py']
[0.175s] Level 1:colcon.colcon_core.package_identification:_identify(tmux/position_control/config) by extension 'python_setup_py'
[0.175s] Level 1:colcon.colcon_core.package_identification:_identify(tmux/racing) by extensions ['ignore', 'ignore_ament_install']
[0.175s] Level 1:colcon.colcon_core.package_identification:_identify(tmux/racing) by extension 'ignore'
[0.175s] Level 1:colcon.colcon_core.package_identification:_identify(tmux/racing) by extension 'ignore_ament_install'
[0.175s] Level 1:colcon.colcon_core.package_identification:_identify(tmux/racing) by extensions ['colcon_pkg']
[0.175s] Level 1:colcon.colcon_core.package_identification:_identify(tmux/racing) by extension 'colcon_pkg'
[0.175s] Level 1:colcon.colcon_core.package_identification:_identify(tmux/racing) by extensions ['colcon_meta']
[0.175s] Level 1:colcon.colcon_core.package_identification:_identify(tmux/racing) by extension 'colcon_meta'
[0.175s] Level 1:colcon.colcon_core.package_identification:_identify(tmux/racing) by extensions ['ros']
[0.175s] Level 1:colcon.colcon_core.package_identification:_identify(tmux/racing) by extension 'ros'
[0.175s] Level 1:colcon.colcon_core.package_identification:_identify(tmux/racing) by extensions ['cmake', 'python']
[0.175s] Level 1:colcon.colcon_core.package_identification:_identify(tmux/racing) by extension 'cmake'
[0.175s] Level 1:colcon.colcon_core.package_identification:_identify(tmux/racing) by extension 'python'
[0.175s] Level 1:colcon.colcon_core.package_identification:_identify(tmux/racing) by extensions ['python_setup_py']
[0.175s] Level 1:colcon.colcon_core.package_identification:_identify(tmux/racing) by extension 'python_setup_py'
[0.175s] Level 1:colcon.colcon_core.package_identification:_identify(tmux/racing/config) by extensions ['ignore', 'ignore_ament_install']
[0.176s] Level 1:colcon.colcon_core.package_identification:_identify(tmux/racing/config) by extension 'ignore'
[0.176s] Level 1:colcon.colcon_core.package_identification:_identify(tmux/racing/config) by extension 'ignore_ament_install'
[0.176s] Level 1:colcon.colcon_core.package_identification:_identify(tmux/racing/config) by extensions ['colcon_pkg']
[0.176s] Level 1:colcon.colcon_core.package_identification:_identify(tmux/racing/config) by extension 'colcon_pkg'
[0.176s] Level 1:colcon.colcon_core.package_identification:_identify(tmux/racing/config) by extensions ['colcon_meta']
[0.176s] Level 1:colcon.colcon_core.package_identification:_identify(tmux/racing/config) by extension 'colcon_meta'
[0.176s] Level 1:colcon.colcon_core.package_identification:_identify(tmux/racing/config) by extensions ['ros']
[0.176s] Level 1:colcon.colcon_core.package_identification:_identify(tmux/racing/config) by extension 'ros'
[0.176s] Level 1:colcon.colcon_core.package_identification:_identify(tmux/racing/config) by extensions ['cmake', 'python']
[0.176s] Level 1:colcon.colcon_core.package_identification:_identify(tmux/racing/config) by extension 'cmake'
[0.176s] Level 1:colcon.colcon_core.package_identification:_identify(tmux/racing/config) by extension 'python'
[0.176s] Level 1:colcon.colcon_core.package_identification:_identify(tmux/racing/config) by extensions ['python_setup_py']
[0.176s] Level 1:colcon.colcon_core.package_identification:_identify(tmux/racing/config) by extension 'python_setup_py'
[0.176s] Level 1:colcon.colcon_core.package_identification:_identify(tmux/template) by extensions ['ignore', 'ignore_ament_install']
[0.176s] Level 1:colcon.colcon_core.package_identification:_identify(tmux/template) by extension 'ignore'
[0.176s] Level 1:colcon.colcon_core.package_identification:_identify(tmux/template) by extension 'ignore_ament_install'
[0.176s] Level 1:colcon.colcon_core.package_identification:_identify(tmux/template) by extensions ['colcon_pkg']
[0.176s] Level 1:colcon.colcon_core.package_identification:_identify(tmux/template) by extension 'colcon_pkg'
[0.176s] Level 1:colcon.colcon_core.package_identification:_identify(tmux/template) by extensions ['colcon_meta']
[0.176s] Level 1:colcon.colcon_core.package_identification:_identify(tmux/template) by extension 'colcon_meta'
[0.176s] Level 1:colcon.colcon_core.package_identification:_identify(tmux/template) by extensions ['ros']
[0.176s] Level 1:colcon.colcon_core.package_identification:_identify(tmux/template) by extension 'ros'
[0.176s] Level 1:colcon.colcon_core.package_identification:_identify(tmux/template) by extensions ['cmake', 'python']
[0.176s] Level 1:colcon.colcon_core.package_identification:_identify(tmux/template) by extension 'cmake'
[0.177s] Level 1:colcon.colcon_core.package_identification:_identify(tmux/template) by extension 'python'
[0.177s] Level 1:colcon.colcon_core.package_identification:_identify(tmux/template) by extensions ['python_setup_py']
[0.177s] Level 1:colcon.colcon_core.package_identification:_identify(tmux/template) by extension 'python_setup_py'
[0.177s] Level 1:colcon.colcon_core.package_identification:_identify(utils) by extensions ['ignore', 'ignore_ament_install']
[0.177s] Level 1:colcon.colcon_core.package_identification:_identify(utils) by extension 'ignore'
[0.177s] Level 1:colcon.colcon_core.package_identification:_identify(utils) by extension 'ignore_ament_install'
[0.177s] Level 1:colcon.colcon_core.package_identification:_identify(utils) by extensions ['colcon_pkg']
[0.177s] Level 1:colcon.colcon_core.package_identification:_identify(utils) by extension 'colcon_pkg'
[0.177s] Level 1:colcon.colcon_core.package_identification:_identify(utils) by extensions ['colcon_meta']
[0.177s] Level 1:colcon.colcon_core.package_identification:_identify(utils) by extension 'colcon_meta'
[0.177s] Level 1:colcon.colcon_core.package_identification:_identify(utils) by extensions ['ros']
[0.177s] Level 1:colcon.colcon_core.package_identification:_identify(utils) by extension 'ros'
[0.177s] Level 1:colcon.colcon_core.package_identification:_identify(utils) by extensions ['cmake', 'python']
[0.177s] Level 1:colcon.colcon_core.package_identification:_identify(utils) by extension 'cmake'
[0.177s] Level 1:colcon.colcon_core.package_identification:_identify(utils) by extension 'python'
[0.177s] Level 1:colcon.colcon_core.package_identification:_identify(utils) by extensions ['python_setup_py']
[0.177s] Level 1:colcon.colcon_core.package_identification:_identify(utils) by extension 'python_setup_py'
[0.177s] Level 1:colcon.colcon_core.package_identification:_identify(utils/tracks) by extensions ['ignore', 'ignore_ament_install']
[0.177s] Level 1:colcon.colcon_core.package_identification:_identify(utils/tracks) by extension 'ignore'
[0.177s] Level 1:colcon.colcon_core.package_identification:_identify(utils/tracks) by extension 'ignore_ament_install'
[0.177s] Level 1:colcon.colcon_core.package_identification:_identify(utils/tracks) by extensions ['colcon_pkg']
[0.177s] Level 1:colcon.colcon_core.package_identification:_identify(utils/tracks) by extension 'colcon_pkg'
[0.177s] Level 1:colcon.colcon_core.package_identification:_identify(utils/tracks) by extensions ['colcon_meta']
[0.178s] Level 1:colcon.colcon_core.package_identification:_identify(utils/tracks) by extension 'colcon_meta'
[0.178s] Level 1:colcon.colcon_core.package_identification:_identify(utils/tracks) by extensions ['ros']
[0.178s] Level 1:colcon.colcon_core.package_identification:_identify(utils/tracks) by extension 'ros'
[0.178s] Level 1:colcon.colcon_core.package_identification:_identify(utils/tracks) by extensions ['cmake', 'python']
[0.178s] Level 1:colcon.colcon_core.package_identification:_identify(utils/tracks) by extension 'cmake'
[0.178s] Level 1:colcon.colcon_core.package_identification:_identify(utils/tracks) by extension 'python'
[0.178s] Level 1:colcon.colcon_core.package_identification:_identify(utils/tracks) by extensions ['python_setup_py']
[0.178s] Level 1:colcon.colcon_core.package_identification:_identify(utils/tracks) by extension 'python_setup_py'
[0.178s] Level 1:colcon.colcon_core.package_discovery:discover_packages(recursive) using defaults
[0.178s] Level 1:colcon.colcon_core.package_discovery:discover_packages(ignore) discover
[0.178s] Level 1:colcon.colcon_core.package_discovery:discover_packages(ignore) using defaults
[0.178s] Level 1:colcon.colcon_core.package_discovery:discover_packages(path) discover
[0.178s] Level 1:colcon.colcon_core.package_discovery:discover_packages(path) using defaults
[0.195s] INFO:colcon.colcon_core.package_selection:Skipping not selected package 'alien_gazebo_resources' in 'src/alien_gazebo_resources'
[0.195s] INFO:colcon.colcon_core.package_selection:Skipping not selected package 'lvhr_controller' in 'src/lvhr_controller'
[0.195s] INFO:colcon.colcon_core.package_selection:Skipping not selected package 'px4' in 'src/px4_firmware'
[0.195s] Level 1:colcon.colcon_core.package_discovery:discover_packages(prefix_path) check parameters
[0.195s] Level 1:colcon.colcon_core.package_discovery:discover_packages(prefix_path) discover
[0.198s] DEBUG:colcon.colcon_installed_package_information.package_discovery:Found 423 installed packages in /opt/ros/jazzy
[0.200s] Level 1:colcon.colcon_core.package_discovery:discover_packages(prefix_path) using defaults
[0.253s] Level 5:colcon.colcon_core.verb:set package 'mrs_uav_px4_api' build argument 'cmake_args' from command line to 'None'
[0.253s] Level 5:colcon.colcon_core.verb:set package 'mrs_uav_px4_api' build argument 'cmake_target' from command line to 'None'
[0.253s] Level 5:colcon.colcon_core.verb:set package 'mrs_uav_px4_api' build argument 'cmake_target_skip_unavailable' from command line to 'False'
[0.253s] Level 5:colcon.colcon_core.verb:set package 'mrs_uav_px4_api' build argument 'cmake_clean_cache' from command line to 'False'
[0.253s] Level 5:colcon.colcon_core.verb:set package 'mrs_uav_px4_api' build argument 'cmake_clean_first' from command line to 'False'
[0.253s] Level 5:colcon.colcon_core.verb:set package 'mrs_uav_px4_api' build argument 'cmake_force_configure' from command line to 'False'
[0.253s] Level 5:colcon.colcon_core.verb:set package 'mrs_uav_px4_api' build argument 'ament_cmake_args' from command line to 'None'
[0.253s] Level 5:colcon.colcon_core.verb:set package 'mrs_uav_px4_api' build argument 'catkin_cmake_args' from command line to 'None'
[0.253s] Level 5:colcon.colcon_core.verb:set package 'mrs_uav_px4_api' build argument 'catkin_skip_building_tests' from command line to 'False'
[0.253s] DEBUG:colcon.colcon_core.verb:Building package 'mrs_uav_px4_api' with the following arguments: {'ament_cmake_args': None, 'build_base': '/home/adamgb/phd/gazebo_ws/build/mrs_uav_px4_api', 'catkin_cmake_args': None, 'catkin_skip_building_tests': False, 'cmake_args': None, 'cmake_clean_cache': False, 'cmake_clean_first': False, 'cmake_force_configure': False, 'cmake_target': None, 'cmake_target_skip_unavailable': False, 'install_base': '/home/adamgb/phd/gazebo_ws/install/mrs_uav_px4_api', 'merge_install': False, 'path': '/home/adamgb/phd/gazebo_ws/src/mrs_uav_px4_api', 'symlink_install': False, 'test_result_base': None}
[0.253s] Level 5:colcon.colcon_core.verb:set package 'srt_controller' build argument 'cmake_args' from command line to 'None'
[0.253s] Level 5:colcon.colcon_core.verb:set package 'srt_controller' build argument 'cmake_target' from command line to 'None'
[0.253s] Level 5:colcon.colcon_core.verb:set package 'srt_controller' build argument 'cmake_target_skip_unavailable' from command line to 'False'
[0.253s] Level 5:colcon.colcon_core.verb:set package 'srt_controller' build argument 'cmake_clean_cache' from command line to 'False'
[0.253s] Level 5:colcon.colcon_core.verb:set package 'srt_controller' build argument 'cmake_clean_first' from command line to 'False'
[0.253s] Level 5:colcon.colcon_core.verb:set package 'srt_controller' build argument 'cmake_force_configure' from command line to 'False'
[0.253s] Level 5:colcon.colcon_core.verb:set package 'srt_controller' build argument 'ament_cmake_args' from command line to 'None'
[0.253s] Level 5:colcon.colcon_core.verb:set package 'srt_controller' build argument 'catkin_cmake_args' from command line to 'None'
[0.253s] Level 5:colcon.colcon_core.verb:set package 'srt_controller' build argument 'catkin_skip_building_tests' from command line to 'False'
[0.254s] DEBUG:colcon.colcon_core.verb:Building package 'srt_controller' with the following arguments: {'ament_cmake_args': None, 'build_base': '/home/adamgb/phd/gazebo_ws/build/srt_controller', 'catkin_cmake_args': None, 'catkin_skip_building_tests': False, 'cmake_args': None, 'cmake_clean_cache': False, 'cmake_clean_first': False, 'cmake_force_configure': False, 'cmake_target': None, 'cmake_target_skip_unavailable': False, 'install_base': '/home/adamgb/phd/gazebo_ws/install/srt_controller', 'merge_install': False, 'path': '/home/adamgb/phd/gazebo_ws/src/srt_controller', 'symlink_install': False, 'test_result_base': None}
[0.254s] INFO:colcon.colcon_core.executor:Executing jobs using 'parallel' executor
[0.254s] DEBUG:colcon.colcon_parallel_executor.executor.parallel:run_until_complete
[0.255s] INFO:colcon.colcon_ros.task.ament_cmake.build:Building ROS package in '/home/adamgb/phd/gazebo_ws/src/mrs_uav_px4_api' with build type 'ament_cmake'
[0.255s] INFO:colcon.colcon_cmake.task.cmake.build:Building CMake package in '/home/adamgb/phd/gazebo_ws/src/mrs_uav_px4_api'
[0.256s] INFO:colcon.colcon_core.plugin_system:Skipping extension 'colcon_core.shell.bat': Not used on non-Windows systems
[0.257s] INFO:colcon.colcon_core.shell:Skip shell extension 'powershell' for command environment: Not usable outside of PowerShell
[0.257s] DEBUG:colcon.colcon_core.shell:Skip shell extension 'dsv' for command environment
[0.260s] INFO:colcon.colcon_ros.task.ament_cmake.build:Building ROS package in '/home/adamgb/phd/gazebo_ws/src/srt_controller' with build type 'ament_cmake'
[0.260s] INFO:colcon.colcon_cmake.task.cmake.build:Building CMake package in '/home/adamgb/phd/gazebo_ws/src/srt_controller'
[0.260s] INFO:colcon.colcon_core.shell:Skip shell extension 'powershell' for command environment: Not usable outside of PowerShell
[0.260s] DEBUG:colcon.colcon_core.shell:Skip shell extension 'dsv' for command environment
[0.267s] DEBUG:colcon.colcon_core.event_handler.log_command:Invoking command in '/home/adamgb/phd/gazebo_ws/build/mrs_uav_px4_api': /usr/bin/cmake --build /home/adamgb/phd/gazebo_ws/build/mrs_uav_px4_api -- -j32 -l32
[0.268s] DEBUG:colcon.colcon_core.event_handler.log_command:Invoking command in '/home/adamgb/phd/gazebo_ws/build/srt_controller': /usr/bin/cmake --build /home/adamgb/phd/gazebo_ws/build/srt_controller -- -j32 -l32
[0.342s] DEBUG:colcon.colcon_core.event_handler.log_command:Invoked command in '/home/adamgb/phd/gazebo_ws/build/mrs_uav_px4_api' returned '0': /usr/bin/cmake --build /home/adamgb/phd/gazebo_ws/build/mrs_uav_px4_api -- -j32 -l32
[0.352s] DEBUG:colcon.colcon_core.event_handler.log_command:Invoking command in '/home/adamgb/phd/gazebo_ws/build/mrs_uav_px4_api': /usr/bin/cmake --install /home/adamgb/phd/gazebo_ws/build/mrs_uav_px4_api
[0.379s] Level 1:colcon.colcon_core.environment:create_environment_scripts_only(mrs_uav_px4_api)
[0.381s] Level 1:colcon.colcon_core.environment:checking '/home/adamgb/phd/gazebo_ws/install/mrs_uav_px4_api' for CMake module files
[0.382s] DEBUG:colcon.colcon_core.event_handler.log_command:Invoked command in '/home/adamgb/phd/gazebo_ws/build/mrs_uav_px4_api' returned '0': /usr/bin/cmake --install /home/adamgb/phd/gazebo_ws/build/mrs_uav_px4_api
[0.382s] Level 1:colcon.colcon_core.environment:checking '/home/adamgb/phd/gazebo_ws/install/mrs_uav_px4_api' for CMake config files
[0.382s] Level 1:colcon.colcon_core.shell:create_environment_hook('mrs_uav_px4_api', 'cmake_prefix_path')
[0.382s] INFO:colcon.colcon_core.shell:Creating environment hook '/home/adamgb/phd/gazebo_ws/install/mrs_uav_px4_api/share/mrs_uav_px4_api/hook/cmake_prefix_path.ps1'
[0.383s] INFO:colcon.colcon_core.shell:Creating environment descriptor '/home/adamgb/phd/gazebo_ws/install/mrs_uav_px4_api/share/mrs_uav_px4_api/hook/cmake_prefix_path.dsv'
[0.383s] INFO:colcon.colcon_core.shell:Creating environment hook '/home/adamgb/phd/gazebo_ws/install/mrs_uav_px4_api/share/mrs_uav_px4_api/hook/cmake_prefix_path.sh'
[0.384s] Level 1:colcon.colcon_core.environment:checking '/home/adamgb/phd/gazebo_ws/install/mrs_uav_px4_api/lib'
[0.384s] Level 1:colcon.colcon_core.shell:create_environment_hook('mrs_uav_px4_api', 'ld_library_path_lib')
[0.384s] INFO:colcon.colcon_core.shell:Creating environment hook '/home/adamgb/phd/gazebo_ws/install/mrs_uav_px4_api/share/mrs_uav_px4_api/hook/ld_library_path_lib.ps1'
[0.385s] INFO:colcon.colcon_core.shell:Creating environment descriptor '/home/adamgb/phd/gazebo_ws/install/mrs_uav_px4_api/share/mrs_uav_px4_api/hook/ld_library_path_lib.dsv'
[0.385s] INFO:colcon.colcon_core.shell:Creating environment hook '/home/adamgb/phd/gazebo_ws/install/mrs_uav_px4_api/share/mrs_uav_px4_api/hook/ld_library_path_lib.sh'
[0.385s] Level 1:colcon.colcon_core.environment:checking '/home/adamgb/phd/gazebo_ws/install/mrs_uav_px4_api/bin'
[0.385s] Level 1:colcon.colcon_core.environment:checking '/home/adamgb/phd/gazebo_ws/install/mrs_uav_px4_api/lib/pkgconfig/mrs_uav_px4_api.pc'
[0.385s] Level 1:colcon.colcon_core.environment:checking '/home/adamgb/phd/gazebo_ws/install/mrs_uav_px4_api/lib/python3.12/site-packages'
[0.386s] Level 1:colcon.colcon_core.environment:checking '/home/adamgb/phd/gazebo_ws/install/mrs_uav_px4_api/bin'
[0.386s] INFO:colcon.colcon_core.shell:Creating package script '/home/adamgb/phd/gazebo_ws/install/mrs_uav_px4_api/share/mrs_uav_px4_api/package.ps1'
[0.387s] INFO:colcon.colcon_core.shell:Creating package descriptor '/home/adamgb/phd/gazebo_ws/install/mrs_uav_px4_api/share/mrs_uav_px4_api/package.dsv'
[0.387s] INFO:colcon.colcon_core.shell:Creating package script '/home/adamgb/phd/gazebo_ws/install/mrs_uav_px4_api/share/mrs_uav_px4_api/package.sh'
[0.388s] INFO:colcon.colcon_core.shell:Creating package script '/home/adamgb/phd/gazebo_ws/install/mrs_uav_px4_api/share/mrs_uav_px4_api/package.bash'
[0.388s] INFO:colcon.colcon_core.shell:Creating package script '/home/adamgb/phd/gazebo_ws/install/mrs_uav_px4_api/share/mrs_uav_px4_api/package.zsh'
[0.389s] Level 1:colcon.colcon_core.environment:create_file_with_runtime_dependencies(/home/adamgb/phd/gazebo_ws/install/mrs_uav_px4_api/share/colcon-core/packages/mrs_uav_px4_api)
[0.389s] Level 1:colcon.colcon_core.environment:create_environment_scripts_only(mrs_uav_px4_api)
[0.389s] Level 1:colcon.colcon_core.environment:checking '/home/adamgb/phd/gazebo_ws/install/mrs_uav_px4_api' for CMake module files
[0.390s] Level 1:colcon.colcon_core.environment:checking '/home/adamgb/phd/gazebo_ws/install/mrs_uav_px4_api' for CMake config files
[0.390s] Level 1:colcon.colcon_core.shell:create_environment_hook('mrs_uav_px4_api', 'cmake_prefix_path')
[0.390s] INFO:colcon.colcon_core.shell:Creating environment hook '/home/adamgb/phd/gazebo_ws/install/mrs_uav_px4_api/share/mrs_uav_px4_api/hook/cmake_prefix_path.ps1'
[0.390s] INFO:colcon.colcon_core.shell:Creating environment descriptor '/home/adamgb/phd/gazebo_ws/install/mrs_uav_px4_api/share/mrs_uav_px4_api/hook/cmake_prefix_path.dsv'
[0.391s] INFO:colcon.colcon_core.shell:Creating environment hook '/home/adamgb/phd/gazebo_ws/install/mrs_uav_px4_api/share/mrs_uav_px4_api/hook/cmake_prefix_path.sh'
[0.391s] Level 1:colcon.colcon_core.environment:checking '/home/adamgb/phd/gazebo_ws/install/mrs_uav_px4_api/lib'
[0.391s] Level 1:colcon.colcon_core.shell:create_environment_hook('mrs_uav_px4_api', 'ld_library_path_lib')
[0.391s] INFO:colcon.colcon_core.shell:Creating environment hook '/home/adamgb/phd/gazebo_ws/install/mrs_uav_px4_api/share/mrs_uav_px4_api/hook/ld_library_path_lib.ps1'
[0.392s] INFO:colcon.colcon_core.shell:Creating environment descriptor '/home/adamgb/phd/gazebo_ws/install/mrs_uav_px4_api/share/mrs_uav_px4_api/hook/ld_library_path_lib.dsv'
[0.392s] INFO:colcon.colcon_core.shell:Creating environment hook '/home/adamgb/phd/gazebo_ws/install/mrs_uav_px4_api/share/mrs_uav_px4_api/hook/ld_library_path_lib.sh'
[0.392s] Level 1:colcon.colcon_core.environment:checking '/home/adamgb/phd/gazebo_ws/install/mrs_uav_px4_api/bin'
[0.392s] Level 1:colcon.colcon_core.environment:checking '/home/adamgb/phd/gazebo_ws/install/mrs_uav_px4_api/lib/pkgconfig/mrs_uav_px4_api.pc'
[0.392s] Level 1:colcon.colcon_core.environment:checking '/home/adamgb/phd/gazebo_ws/install/mrs_uav_px4_api/lib/python3.12/site-packages'
[0.393s] Level 1:colcon.colcon_core.environment:checking '/home/adamgb/phd/gazebo_ws/install/mrs_uav_px4_api/bin'
[0.393s] INFO:colcon.colcon_core.shell:Creating package script '/home/adamgb/phd/gazebo_ws/install/mrs_uav_px4_api/share/mrs_uav_px4_api/package.ps1'
[0.394s] INFO:colcon.colcon_core.shell:Creating package descriptor '/home/adamgb/phd/gazebo_ws/install/mrs_uav_px4_api/share/mrs_uav_px4_api/package.dsv'
[0.394s] INFO:colcon.colcon_core.shell:Creating package script '/home/adamgb/phd/gazebo_ws/install/mrs_uav_px4_api/share/mrs_uav_px4_api/package.sh'
[0.395s] INFO:colcon.colcon_core.shell:Creating package script '/home/adamgb/phd/gazebo_ws/install/mrs_uav_px4_api/share/mrs_uav_px4_api/package.bash'
[0.395s] INFO:colcon.colcon_core.shell:Creating package script '/home/adamgb/phd/gazebo_ws/install/mrs_uav_px4_api/share/mrs_uav_px4_api/package.zsh'
[0.395s] Level 1:colcon.colcon_core.environment:create_file_with_runtime_dependencies(/home/adamgb/phd/gazebo_ws/install/mrs_uav_px4_api/share/colcon-core/packages/mrs_uav_px4_api)
[1.141s] DEBUG:colcon.colcon_core.event_handler.log_command:Invoked command in '/home/adamgb/phd/gazebo_ws/build/srt_controller' returned '0': /usr/bin/cmake --build /home/adamgb/phd/gazebo_ws/build/srt_controller -- -j32 -l32
[1.141s] DEBUG:colcon.colcon_core.event_handler.log_command:Invoking command in '/home/adamgb/phd/gazebo_ws/build/srt_controller': /usr/bin/cmake --install /home/adamgb/phd/gazebo_ws/build/srt_controller
[1.151s] Level 1:colcon.colcon_core.environment:create_environment_scripts_only(srt_controller)
[1.151s] Level 1:colcon.colcon_core.environment:checking '/home/adamgb/phd/gazebo_ws/install/srt_controller' for CMake module files
[1.152s] Level 1:colcon.colcon_core.environment:checking '/home/adamgb/phd/gazebo_ws/install/srt_controller' for CMake config files
[1.153s] DEBUG:colcon.colcon_core.event_handler.log_command:Invoked command in '/home/adamgb/phd/gazebo_ws/build/srt_controller' returned '0': /usr/bin/cmake --install /home/adamgb/phd/gazebo_ws/build/srt_controller
[1.153s] Level 1:colcon.colcon_core.shell:create_environment_hook('srt_controller', 'cmake_prefix_path')
[1.153s] INFO:colcon.colcon_core.shell:Creating environment hook '/home/adamgb/phd/gazebo_ws/install/srt_controller/share/srt_controller/hook/cmake_prefix_path.ps1'
[1.154s] INFO:colcon.colcon_core.shell:Creating environment descriptor '/home/adamgb/phd/gazebo_ws/install/srt_controller/share/srt_controller/hook/cmake_prefix_path.dsv'
[1.154s] INFO:colcon.colcon_core.shell:Creating environment hook '/home/adamgb/phd/gazebo_ws/install/srt_controller/share/srt_controller/hook/cmake_prefix_path.sh'
[1.154s] Level 1:colcon.colcon_core.environment:checking '/home/adamgb/phd/gazebo_ws/install/srt_controller/lib'
[1.155s] Level 1:colcon.colcon_core.shell:create_environment_hook('srt_controller', 'ld_library_path_lib')
[1.155s] INFO:colcon.colcon_core.shell:Creating environment hook '/home/adamgb/phd/gazebo_ws/install/srt_controller/share/srt_controller/hook/ld_library_path_lib.ps1'
[1.155s] INFO:colcon.colcon_core.shell:Creating environment descriptor '/home/adamgb/phd/gazebo_ws/install/srt_controller/share/srt_controller/hook/ld_library_path_lib.dsv'
[1.155s] INFO:colcon.colcon_core.shell:Creating environment hook '/home/adamgb/phd/gazebo_ws/install/srt_controller/share/srt_controller/hook/ld_library_path_lib.sh'
[1.156s] Level 1:colcon.colcon_core.environment:checking '/home/adamgb/phd/gazebo_ws/install/srt_controller/bin'
[1.156s] Level 1:colcon.colcon_core.environment:checking '/home/adamgb/phd/gazebo_ws/install/srt_controller/lib/pkgconfig/srt_controller.pc'
[1.156s] Level 1:colcon.colcon_core.environment:checking '/home/adamgb/phd/gazebo_ws/install/srt_controller/lib/python3.12/site-packages'
[1.156s] Level 1:colcon.colcon_core.environment:checking '/home/adamgb/phd/gazebo_ws/install/srt_controller/bin'
[1.156s] INFO:colcon.colcon_core.shell:Creating package script '/home/adamgb/phd/gazebo_ws/install/srt_controller/share/srt_controller/package.ps1'
[1.157s] INFO:colcon.colcon_core.shell:Creating package descriptor '/home/adamgb/phd/gazebo_ws/install/srt_controller/share/srt_controller/package.dsv'
[1.157s] INFO:colcon.colcon_core.shell:Creating package script '/home/adamgb/phd/gazebo_ws/install/srt_controller/share/srt_controller/package.sh'
[1.158s] INFO:colcon.colcon_core.shell:Creating package script '/home/adamgb/phd/gazebo_ws/install/srt_controller/share/srt_controller/package.bash'
[1.158s] INFO:colcon.colcon_core.shell:Creating package script '/home/adamgb/phd/gazebo_ws/install/srt_controller/share/srt_controller/package.zsh'
[1.158s] Level 1:colcon.colcon_core.environment:create_file_with_runtime_dependencies(/home/adamgb/phd/gazebo_ws/install/srt_controller/share/colcon-core/packages/srt_controller)
[1.158s] Level 1:colcon.colcon_core.environment:create_environment_scripts_only(srt_controller)
[1.159s] Level 1:colcon.colcon_core.environment:checking '/home/adamgb/phd/gazebo_ws/install/srt_controller' for CMake module files
[1.159s] Level 1:colcon.colcon_core.environment:checking '/home/adamgb/phd/gazebo_ws/install/srt_controller' for CMake config files
[1.159s] Level 1:colcon.colcon_core.shell:create_environment_hook('srt_controller', 'cmake_prefix_path')
[1.159s] INFO:colcon.colcon_core.shell:Creating environment hook '/home/adamgb/phd/gazebo_ws/install/srt_controller/share/srt_controller/hook/cmake_prefix_path.ps1'
[1.160s] INFO:colcon.colcon_core.shell:Creating environment descriptor '/home/adamgb/phd/gazebo_ws/install/srt_controller/share/srt_controller/hook/cmake_prefix_path.dsv'
[1.160s] INFO:colcon.colcon_core.shell:Creating environment hook '/home/adamgb/phd/gazebo_ws/install/srt_controller/share/srt_controller/hook/cmake_prefix_path.sh'
[1.161s] Level 1:colcon.colcon_core.environment:checking '/home/adamgb/phd/gazebo_ws/install/srt_controller/lib'
[1.161s] Level 1:colcon.colcon_core.shell:create_environment_hook('srt_controller', 'ld_library_path_lib')
[1.161s] INFO:colcon.colcon_core.shell:Creating environment hook '/home/adamgb/phd/gazebo_ws/install/srt_controller/share/srt_controller/hook/ld_library_path_lib.ps1'
[1.161s] INFO:colcon.colcon_core.shell:Creating environment descriptor '/home/adamgb/phd/gazebo_ws/install/srt_controller/share/srt_controller/hook/ld_library_path_lib.dsv'
[1.161s] INFO:colcon.colcon_core.shell:Creating environment hook '/home/adamgb/phd/gazebo_ws/install/srt_controller/share/srt_controller/hook/ld_library_path_lib.sh'
[1.162s] Level 1:colcon.colcon_core.environment:checking '/home/adamgb/phd/gazebo_ws/install/srt_controller/bin'
[1.162s] Level 1:colcon.colcon_core.environment:checking '/home/adamgb/phd/gazebo_ws/install/srt_controller/lib/pkgconfig/srt_controller.pc'
[1.162s] Level 1:colcon.colcon_core.environment:checking '/home/adamgb/phd/gazebo_ws/install/srt_controller/lib/python3.12/site-packages'
[1.162s] Level 1:colcon.colcon_core.environment:checking '/home/adamgb/phd/gazebo_ws/install/srt_controller/bin'
[1.162s] INFO:colcon.colcon_core.shell:Creating package script '/home/adamgb/phd/gazebo_ws/install/srt_controller/share/srt_controller/package.ps1'
[1.163s] INFO:colcon.colcon_core.shell:Creating package descriptor '/home/adamgb/phd/gazebo_ws/install/srt_controller/share/srt_controller/package.dsv'
[1.163s] INFO:colcon.colcon_core.shell:Creating package script '/home/adamgb/phd/gazebo_ws/install/srt_controller/share/srt_controller/package.sh'
[1.163s] INFO:colcon.colcon_core.shell:Creating package script '/home/adamgb/phd/gazebo_ws/install/srt_controller/share/srt_controller/package.bash'
[1.164s] INFO:colcon.colcon_core.shell:Creating package script '/home/adamgb/phd/gazebo_ws/install/srt_controller/share/srt_controller/package.zsh'
[1.164s] Level 1:colcon.colcon_core.environment:create_file_with_runtime_dependencies(/home/adamgb/phd/gazebo_ws/install/srt_controller/share/colcon-core/packages/srt_controller)
[1.164s] DEBUG:colcon.colcon_parallel_executor.executor.parallel:closing loop
[1.165s] DEBUG:colcon.colcon_parallel_executor.executor.parallel:loop closed
[1.165s] DEBUG:colcon.colcon_parallel_executor.executor.parallel:run_until_complete finished with '0'
[1.165s] DEBUG:colcon.colcon_core.event_reactor:joining thread
[1.168s] INFO:colcon.colcon_core.plugin_system:Skipping extension 'colcon_notification.desktop_notification.terminal_notifier': Not used on non-Darwin systems
[1.168s] INFO:colcon.colcon_core.plugin_system:Skipping extension 'colcon_notification.desktop_notification.win32': Not used on non-Windows systems
[1.168s] INFO:colcon.colcon_notification.desktop_notification:Sending desktop notification using 'notify2'
[1.177s] DEBUG:colcon.colcon_core.event_reactor:joined thread
[1.177s] INFO:colcon.colcon_core.shell:Creating prefix script '/home/adamgb/phd/gazebo_ws/install/local_setup.ps1'
[1.178s] INFO:colcon.colcon_core.shell:Creating prefix util module '/home/adamgb/phd/gazebo_ws/install/_local_setup_util_ps1.py'
[1.179s] INFO:colcon.colcon_core.shell:Creating prefix chain script '/home/adamgb/phd/gazebo_ws/install/setup.ps1'
[1.179s] INFO:colcon.colcon_core.shell:Creating prefix script '/home/adamgb/phd/gazebo_ws/install/local_setup.sh'
[1.180s] INFO:colcon.colcon_core.shell:Creating prefix util module '/home/adamgb/phd/gazebo_ws/install/_local_setup_util_sh.py'
[1.180s] INFO:colcon.colcon_core.shell:Creating prefix chain script '/home/adamgb/phd/gazebo_ws/install/setup.sh'
[1.181s] INFO:colcon.colcon_core.shell:Creating prefix script '/home/adamgb/phd/gazebo_ws/install/local_setup.bash'
[1.182s] INFO:colcon.colcon_core.shell:Creating prefix chain script '/home/adamgb/phd/gazebo_ws/install/setup.bash'
[1.182s] INFO:colcon.colcon_core.shell:Creating prefix script '/home/adamgb/phd/gazebo_ws/install/local_setup.zsh'
[1.182s] INFO:colcon.colcon_core.shell:Creating prefix chain script '/home/adamgb/phd/gazebo_ws/install/setup.zsh'
