-- Install configuration: ""
-- Up-to-date: /home/adamgb/phd/gazebo_ws/install/alien_gazebo_resources/share/alien_gazebo_resources/models
-- Up-to-date: /home/adamgb/phd/gazebo_ws/install/alien_gazebo_resources/share/alien_gazebo_resources/models/gate
-- Up-to-date: /home/adamgb/phd/gazebo_ws/install/alien_gazebo_resources/share/alien_gazebo_resources/models/gate/model.sdf
-- Up-to-date: /home/adamgb/phd/gazebo_ws/install/alien_gazebo_resources/share/alien_gazebo_resources/models/gate/meshes
-- Up-to-date: /home/adamgb/phd/gazebo_ws/install/alien_gazebo_resources/share/alien_gazebo_resources/models/gate/meshes/gate.dae
-- Up-to-date: /home/adamgb/phd/gazebo_ws/install/alien_gazebo_resources/share/alien_gazebo_resources/models/gate/meshes/MRSGate.png
-- Up-to-date: /home/adamgb/phd/gazebo_ws/install/alien_gazebo_resources/share/alien_gazebo_resources/models/gate/model.config
-- Up-to-date: /home/adamgb/phd/gazebo_ws/install/alien_gazebo_resources/share/alien_gazebo_resources/models/a300_resources
-- Up-to-date: /home/adamgb/phd/gazebo_ws/install/alien_gazebo_resources/share/alien_gazebo_resources/models/a300_resources/sdf
-- Installing: /home/adamgb/phd/gazebo_ws/install/alien_gazebo_resources/share/alien_gazebo_resources/models/a300_resources/sdf/a300.sdf.jinja
-- Up-to-date: /home/adamgb/phd/gazebo_ws/install/alien_gazebo_resources/share/alien_gazebo_resources/models/a300_resources/meshes
-- Up-to-date: /home/adamgb/phd/gazebo_ws/install/alien_gazebo_resources/share/alien_gazebo_resources/models/a300_resources/meshes/a300
-- Up-to-date: /home/adamgb/phd/gazebo_ws/install/alien_gazebo_resources/share/alien_gazebo_resources/models/a300_resources/meshes/a300/battery_mount_mesh_file.stl
-- Up-to-date: /home/adamgb/phd/gazebo_ws/install/alien_gazebo_resources/share/alien_gazebo_resources/models/a300_resources/meshes/a300/prop_mesh_file.dae
-- Up-to-date: /home/adamgb/phd/gazebo_ws/install/alien_gazebo_resources/share/alien_gazebo_resources/models/a300_resources/meshes/a300/motor_middle_mesh_file_orig.stl
-- Up-to-date: /home/adamgb/phd/gazebo_ws/install/alien_gazebo_resources/share/alien_gazebo_resources/models/a300_resources/meshes/a300/motor_top_mesh_file.stl
-- Up-to-date: /home/adamgb/phd/gazebo_ws/install/alien_gazebo_resources/share/alien_gazebo_resources/models/a300_resources/meshes/a300/leg_3d_print_mesh_file.stl
-- Up-to-date: /home/adamgb/phd/gazebo_ws/install/alien_gazebo_resources/share/alien_gazebo_resources/models/a300_resources/meshes/a300/motor_middle_mesh_file.stl
-- Up-to-date: /home/adamgb/phd/gazebo_ws/install/alien_gazebo_resources/share/alien_gazebo_resources/models/a300_resources/meshes/a300/carbon_light.jpg
-- Up-to-date: /home/adamgb/phd/gazebo_ws/install/alien_gazebo_resources/share/alien_gazebo_resources/models/a300_resources/meshes/a300/motor_bottom_mesh_file.stl
-- Up-to-date: /home/adamgb/phd/gazebo_ws/install/alien_gazebo_resources/share/alien_gazebo_resources/models/a300_resources/meshes/a300/frame_mesh_file.stl
-- Up-to-date: /home/adamgb/phd/gazebo_ws/install/alien_gazebo_resources/share/alien_gazebo_resources/models/a300_resources/meshes/sensors
-- Up-to-date: /home/adamgb/phd/gazebo_ws/install/alien_gazebo_resources/share/alien_gazebo_resources/models/a300_resources/meshes/sensors/realsense_glass.stl
-- Up-to-date: /home/adamgb/phd/gazebo_ws/install/alien_gazebo_resources/share/alien_gazebo_resources/models/a300_resources/meshes/sensors/realsense_body.stl
-- Up-to-date: /home/adamgb/phd/gazebo_ws/install/alien_gazebo_resources/share/alien_gazebo_resources/models/a300_resources/meshes/sensors/garmin_lidar_v3.stl
-- Up-to-date: /home/adamgb/phd/gazebo_ws/install/alien_gazebo_resources/share/alien_gazebo_resources/models/a300_resources/model.config
-- Up-to-date: /home/adamgb/phd/gazebo_ws/install/alien_gazebo_resources/share/alien_gazebo_resources/models/warehouse
-- Up-to-date: /home/adamgb/phd/gazebo_ws/install/alien_gazebo_resources/share/alien_gazebo_resources/models/warehouse/model.sdf
-- Up-to-date: /home/adamgb/phd/gazebo_ws/install/alien_gazebo_resources/share/alien_gazebo_resources/models/warehouse/meshes
-- Up-to-date: /home/adamgb/phd/gazebo_ws/install/alien_gazebo_resources/share/alien_gazebo_resources/models/warehouse/meshes/wall.png
-- Up-to-date: /home/adamgb/phd/gazebo_ws/install/alien_gazebo_resources/share/alien_gazebo_resources/models/warehouse/meshes/pathway.png
-- Up-to-date: /home/adamgb/phd/gazebo_ws/install/alien_gazebo_resources/share/alien_gazebo_resources/models/warehouse/meshes/floor.png
-- Up-to-date: /home/adamgb/phd/gazebo_ws/install/alien_gazebo_resources/share/alien_gazebo_resources/models/warehouse/meshes/ceiling.png.001.png
-- Up-to-date: /home/adamgb/phd/gazebo_ws/install/alien_gazebo_resources/share/alien_gazebo_resources/models/warehouse/meshes/warehouse.dae
-- Up-to-date: /home/adamgb/phd/gazebo_ws/install/alien_gazebo_resources/share/alien_gazebo_resources/models/warehouse/model.config
-- Up-to-date: /home/adamgb/phd/gazebo_ws/install/alien_gazebo_resources/share/alien_gazebo_resources/models/checkerboard_plane
-- Up-to-date: /home/adamgb/phd/gazebo_ws/install/alien_gazebo_resources/share/alien_gazebo_resources/models/checkerboard_plane/model.sdf
-- Up-to-date: /home/adamgb/phd/gazebo_ws/install/alien_gazebo_resources/share/alien_gazebo_resources/models/checkerboard_plane/materials
-- Up-to-date: /home/adamgb/phd/gazebo_ws/install/alien_gazebo_resources/share/alien_gazebo_resources/models/checkerboard_plane/materials/textures
-- Up-to-date: /home/adamgb/phd/gazebo_ws/install/alien_gazebo_resources/share/alien_gazebo_resources/models/checkerboard_plane/materials/textures/checker.png
-- Up-to-date: /home/adamgb/phd/gazebo_ws/install/alien_gazebo_resources/share/alien_gazebo_resources/models/checkerboard_plane/model.config
-- Up-to-date: /home/adamgb/phd/gazebo_ws/install/alien_gazebo_resources/share/alien_gazebo_resources/worlds
-- Up-to-date: /home/adamgb/phd/gazebo_ws/install/alien_gazebo_resources/share/alien_gazebo_resources/worlds/checkerboard.sdf
-- Up-to-date: /home/adamgb/phd/gazebo_ws/install/alien_gazebo_resources/share/alien_gazebo_resources/worlds/8-track.world
-- Up-to-date: /home/adamgb/phd/gazebo_ws/install/alien_gazebo_resources/share/alien_gazebo_resources/ROMFS
-- Up-to-date: /home/adamgb/phd/gazebo_ws/install/alien_gazebo_resources/share/alien_gazebo_resources/ROMFS/px4fmu_common
-- Up-to-date: /home/adamgb/phd/gazebo_ws/install/alien_gazebo_resources/share/alien_gazebo_resources/ROMFS/px4fmu_common/init.d-posix
-- Up-to-date: /home/adamgb/phd/gazebo_ws/install/alien_gazebo_resources/share/alien_gazebo_resources/ROMFS/px4fmu_common/init.d-posix/rc.replay
-- Up-to-date: /home/adamgb/phd/gazebo_ws/install/alien_gazebo_resources/share/alien_gazebo_resources/ROMFS/px4fmu_common/init.d-posix/airframes
-- Up-to-date: /home/adamgb/phd/gazebo_ws/install/alien_gazebo_resources/share/alien_gazebo_resources/ROMFS/px4fmu_common/init.d-posix/airframes/4001_a300
-- Up-to-date: /home/adamgb/phd/gazebo_ws/install/alien_gazebo_resources/share/alien_gazebo_resources/ROMFS/px4fmu_common/init.d-posix/px4-rc.gzsim
-- Up-to-date: /home/adamgb/phd/gazebo_ws/install/alien_gazebo_resources/share/alien_gazebo_resources/ROMFS/px4fmu_common/init.d-posix/px4-rc.mavlink
-- Up-to-date: /home/adamgb/phd/gazebo_ws/install/alien_gazebo_resources/share/alien_gazebo_resources/ROMFS/px4fmu_common/init.d-posix/px4-rc.simulator
-- Up-to-date: /home/adamgb/phd/gazebo_ws/install/alien_gazebo_resources/share/alien_gazebo_resources/ROMFS/px4fmu_common/init.d-posix/px4-rc.mavlink_qgc
-- Up-to-date: /home/adamgb/phd/gazebo_ws/install/alien_gazebo_resources/share/alien_gazebo_resources/ROMFS/px4fmu_common/init.d-posix/rcS
-- Up-to-date: /home/adamgb/phd/gazebo_ws/install/alien_gazebo_resources/share/alien_gazebo_resources/ROMFS/px4fmu_common/init.d-posix/px4-rc.params
-- Up-to-date: /home/adamgb/phd/gazebo_ws/install/alien_gazebo_resources/share/alien_gazebo_resources/ROMFS/px4fmu_common/mixers
-- Up-to-date: /home/adamgb/phd/gazebo_ws/install/alien_gazebo_resources/share/alien_gazebo_resources/ROMFS/px4fmu_common/mixers/quad_x.main.mix
-- Up-to-date: /home/adamgb/phd/gazebo_ws/install/alien_gazebo_resources/share/alien_gazebo_resources/ROMFS/px4fmu_common/init.d
-- Up-to-date: /home/adamgb/phd/gazebo_ws/install/alien_gazebo_resources/share/alien_gazebo_resources/ROMFS/px4fmu_common/init.d/rc.mc_apps
-- Up-to-date: /home/adamgb/phd/gazebo_ws/install/alien_gazebo_resources/share/alien_gazebo_resources/ROMFS/px4fmu_common/init.d/rc.mc_defaults
-- Up-to-date: /home/adamgb/phd/gazebo_ws/install/alien_gazebo_resources/share/alien_gazebo_resources/ROMFS/px4fmu_common/init.d/rc.logging
-- Up-to-date: /home/adamgb/phd/gazebo_ws/install/alien_gazebo_resources/share/alien_gazebo_resources/ROMFS/px4fmu_common/init.d/rc.vehicle_setup
-- Up-to-date: /home/adamgb/phd/gazebo_ws/install/alien_gazebo_resources/share/alien_gazebo_resources/config
-- Up-to-date: /home/adamgb/phd/gazebo_ws/install/alien_gazebo_resources/share/alien_gazebo_resources/config/mrs_uav_system
-- Installing: /home/adamgb/phd/gazebo_ws/install/alien_gazebo_resources/share/alien_gazebo_resources/config/mrs_uav_system/a300.yaml
-- Up-to-date: /home/adamgb/phd/gazebo_ws/install/alien_gazebo_resources/share/ament_index/resource_index/package_run_dependencies/alien_gazebo_resources
-- Up-to-date: /home/adamgb/phd/gazebo_ws/install/alien_gazebo_resources/share/ament_index/resource_index/parent_prefix_path/alien_gazebo_resources
-- Up-to-date: /home/adamgb/phd/gazebo_ws/install/alien_gazebo_resources/share/alien_gazebo_resources/environment/ament_prefix_path.sh
-- Up-to-date: /home/adamgb/phd/gazebo_ws/install/alien_gazebo_resources/share/alien_gazebo_resources/environment/ament_prefix_path.dsv
-- Up-to-date: /home/adamgb/phd/gazebo_ws/install/alien_gazebo_resources/share/alien_gazebo_resources/environment/path.sh
-- Up-to-date: /home/adamgb/phd/gazebo_ws/install/alien_gazebo_resources/share/alien_gazebo_resources/environment/path.dsv
-- Up-to-date: /home/adamgb/phd/gazebo_ws/install/alien_gazebo_resources/share/alien_gazebo_resources/local_setup.bash
-- Up-to-date: /home/adamgb/phd/gazebo_ws/install/alien_gazebo_resources/share/alien_gazebo_resources/local_setup.sh
-- Up-to-date: /home/adamgb/phd/gazebo_ws/install/alien_gazebo_resources/share/alien_gazebo_resources/local_setup.zsh
-- Up-to-date: /home/adamgb/phd/gazebo_ws/install/alien_gazebo_resources/share/alien_gazebo_resources/local_setup.dsv
-- Installing: /home/adamgb/phd/gazebo_ws/install/alien_gazebo_resources/share/alien_gazebo_resources/package.dsv
-- Up-to-date: /home/adamgb/phd/gazebo_ws/install/alien_gazebo_resources/share/ament_index/resource_index/packages/alien_gazebo_resources
-- Up-to-date: /home/adamgb/phd/gazebo_ws/install/alien_gazebo_resources/share/alien_gazebo_resources/cmake/alien_gazebo_resourcesConfig.cmake
-- Up-to-date: /home/adamgb/phd/gazebo_ws/install/alien_gazebo_resources/share/alien_gazebo_resources/cmake/alien_gazebo_resourcesConfig-version.cmake
-- Up-to-date: /home/adamgb/phd/gazebo_ws/install/alien_gazebo_resources/share/alien_gazebo_resources/package.xml
