[0.017s] Invoking command in '/home/adamgb/phd/gazebo_ws/build/lvhr_controller': /usr/bin/cmake --build /home/adamgb/phd/gazebo_ws/build/lvhr_controller -- -j32 -l32
[0.119s] [100%] Built target LvhrController_VelocityController
[0.129s] Invoked command in '/home/adamgb/phd/gazebo_ws/build/lvhr_controller' returned '0': /usr/bin/cmake --build /home/adamgb/phd/gazebo_ws/build/lvhr_controller -- -j32 -l32
[0.130s] Invoking command in '/home/adamgb/phd/gazebo_ws/build/lvhr_controller': /usr/bin/cmake --install /home/adamgb/phd/gazebo_ws/build/lvhr_controller
[0.135s] -- Install configuration: ""
[0.135s] -- Up-to-date: /home/adamgb/phd/gazebo_ws/install/lvhr_controller/share/lvhr_controller/plugins.xml
[0.135s] -- Up-to-date: /home/adamgb/phd/gazebo_ws/install/lvhr_controller/lib/libLvhrController_VelocityController.so
[0.135s] -- Up-to-date: /home/adamgb/phd/gazebo_ws/install/lvhr_controller/share/lvhr_controller/config
[0.135s] -- Up-to-date: /home/adamgb/phd/gazebo_ws/install/lvhr_controller/share/lvhr_controller/config/velocity_controller.yaml
[0.135s] -- Up-to-date: /home/adamgb/phd/gazebo_ws/install/lvhr_controller/share/lvhr_controller/environment/library_path.sh
[0.136s] -- Up-to-date: /home/adamgb/phd/gazebo_ws/install/lvhr_controller/share/lvhr_controller/environment/library_path.dsv
[0.136s] -- Up-to-date: /home/adamgb/phd/gazebo_ws/install/lvhr_controller/share/ament_index/resource_index/package_run_dependencies/lvhr_controller
[0.136s] -- Up-to-date: /home/adamgb/phd/gazebo_ws/install/lvhr_controller/share/ament_index/resource_index/parent_prefix_path/lvhr_controller
[0.136s] -- Up-to-date: /home/adamgb/phd/gazebo_ws/install/lvhr_controller/share/lvhr_controller/environment/ament_prefix_path.sh
[0.137s] -- Up-to-date: /home/adamgb/phd/gazebo_ws/install/lvhr_controller/share/lvhr_controller/environment/ament_prefix_path.dsv
[0.137s] -- Up-to-date: /home/adamgb/phd/gazebo_ws/install/lvhr_controller/share/lvhr_controller/environment/path.sh
[0.137s] -- Up-to-date: /home/adamgb/phd/gazebo_ws/install/lvhr_controller/share/lvhr_controller/environment/path.dsv
[0.137s] -- Up-to-date: /home/adamgb/phd/gazebo_ws/install/lvhr_controller/share/lvhr_controller/local_setup.bash
[0.137s] -- Up-to-date: /home/adamgb/phd/gazebo_ws/install/lvhr_controller/share/lvhr_controller/local_setup.sh
[0.137s] -- Up-to-date: /home/adamgb/phd/gazebo_ws/install/lvhr_controller/share/lvhr_controller/local_setup.zsh
[0.137s] -- Up-to-date: /home/adamgb/phd/gazebo_ws/install/lvhr_controller/share/lvhr_controller/local_setup.dsv
[0.138s] -- Installing: /home/adamgb/phd/gazebo_ws/install/lvhr_controller/share/lvhr_controller/package.dsv
[0.138s] -- Up-to-date: /home/adamgb/phd/gazebo_ws/install/lvhr_controller/share/ament_index/resource_index/packages/lvhr_controller
[0.138s] -- Up-to-date: /home/adamgb/phd/gazebo_ws/install/lvhr_controller/share/ament_index/resource_index/mrs_uav_managers__pluginlib__plugin/lvhr_controller
[0.138s] -- Up-to-date: /home/adamgb/phd/gazebo_ws/install/lvhr_controller/share/lvhr_controller/cmake/export_lvhr_controllerExport.cmake
[0.138s] -- Up-to-date: /home/adamgb/phd/gazebo_ws/install/lvhr_controller/share/lvhr_controller/cmake/export_lvhr_controllerExport-noconfig.cmake
[0.138s] -- Up-to-date: /home/adamgb/phd/gazebo_ws/install/lvhr_controller/share/lvhr_controller/cmake/ament_cmake_export_targets-extras.cmake
[0.138s] -- Up-to-date: /home/adamgb/phd/gazebo_ws/install/lvhr_controller/share/lvhr_controller/cmake/lvhr_controllerConfig.cmake
[0.138s] -- Up-to-date: /home/adamgb/phd/gazebo_ws/install/lvhr_controller/share/lvhr_controller/cmake/lvhr_controllerConfig-version.cmake
[0.138s] -- Up-to-date: /home/adamgb/phd/gazebo_ws/install/lvhr_controller/share/lvhr_controller/package.xml
[0.139s] Invoked command in '/home/adamgb/phd/gazebo_ws/build/lvhr_controller' returned '0': /usr/bin/cmake --install /home/adamgb/phd/gazebo_ws/build/lvhr_controller
