[0.008s] Invoking command in '/home/adamgb/phd/gazebo_ws/build/srt_controller': /usr/bin/cmake --build /home/adamgb/phd/gazebo_ws/build/srt_controller -- -j32 -l32
[0.030s] -- Found rclcpp: 28.1.22 (/opt/ros/jazzy/share/rclcpp/cmake)
[0.234s] -- Found rosidl_generator_c: 4.6.9 (/opt/ros/jazzy/share/rosidl_generator_c/cmake)
[0.240s] -- Found rosidl_generator_cpp: 4.6.9 (/opt/ros/jazzy/share/rosidl_generator_cpp/cmake)
[0.248s] -- Using all available rosidl_typesupport_c: rosidl_typesupport_fastrtps_c;rosidl_typesupport_introspection_c
[0.257s] -- Using all available rosidl_typesupport_cpp: rosidl_typesupport_fastrtps_cpp;rosidl_typesupport_introspection_cpp
[0.299s] -- Found rmw_implementation_cmake: 7.3.3 (/opt/ros/jazzy/share/rmw_implementation_cmake/cmake)
[0.300s] -- Found rmw_fastrtps_cpp: 8.4.4 (/opt/ros/jazzy/share/rmw_fastrtps_cpp/cmake)
[0.362s] -- Using RMW implementation 'rmw_fastrtps_cpp' as default
[0.448s] -- Found pluginlib: 5.4.6 (/opt/ros/jazzy/share/pluginlib/cmake)
[0.452s] -- Found mrs_lib: 2.0.0 (/opt/ros/jazzy/share/mrs_lib/cmake)
[0.614s] -- Found eigen3_cmake_module: 0.3.1 (/opt/ros/jazzy/share/eigen3_cmake_module/cmake)
[0.615s] -- Ensuring Eigen3 include directory is part of orocos-kdl CMake target
[0.707s] -- Found mrs_uav_managers: 2.0.0 (/opt/ros/jazzy/share/mrs_uav_managers/cmake)
[0.805s] -- Configuring done (0.8s)
[0.820s] -- Generating done (0.0s)
[0.825s] -- Build files have been written to: /home/adamgb/phd/gazebo_ws/build/srt_controller
[0.870s] [100%] Built target SrtController_ActuatorsController
[0.880s] Invoked command in '/home/adamgb/phd/gazebo_ws/build/srt_controller' returned '0': /usr/bin/cmake --build /home/adamgb/phd/gazebo_ws/build/srt_controller -- -j32 -l32
[0.881s] Invoking command in '/home/adamgb/phd/gazebo_ws/build/srt_controller': /usr/bin/cmake --install /home/adamgb/phd/gazebo_ws/build/srt_controller
[0.889s] -- Install configuration: ""
[0.889s] -- Up-to-date: /home/adamgb/phd/gazebo_ws/install/srt_controller/share/srt_controller/plugins.xml
[0.889s] -- Up-to-date: /home/adamgb/phd/gazebo_ws/install/srt_controller/lib/libSrtController_ActuatorsController.so
[0.890s] -- Up-to-date: /home/adamgb/phd/gazebo_ws/install/srt_controller/share/srt_controller/config
[0.890s] -- Up-to-date: /home/adamgb/phd/gazebo_ws/install/srt_controller/share/srt_controller/config/actuators_controller.yaml
[0.890s] -- Up-to-date: /home/adamgb/phd/gazebo_ws/install/srt_controller/share/srt_controller/environment/library_path.sh
[0.890s] -- Up-to-date: /home/adamgb/phd/gazebo_ws/install/srt_controller/share/srt_controller/environment/library_path.dsv
[0.890s] -- Up-to-date: /home/adamgb/phd/gazebo_ws/install/srt_controller/share/ament_index/resource_index/package_run_dependencies/srt_controller
[0.890s] -- Installing: /home/adamgb/phd/gazebo_ws/install/srt_controller/share/ament_index/resource_index/parent_prefix_path/srt_controller
[0.890s] -- Up-to-date: /home/adamgb/phd/gazebo_ws/install/srt_controller/share/srt_controller/environment/ament_prefix_path.sh
[0.890s] -- Up-to-date: /home/adamgb/phd/gazebo_ws/install/srt_controller/share/srt_controller/environment/ament_prefix_path.dsv
[0.890s] -- Up-to-date: /home/adamgb/phd/gazebo_ws/install/srt_controller/share/srt_controller/environment/path.sh
[0.890s] -- Up-to-date: /home/adamgb/phd/gazebo_ws/install/srt_controller/share/srt_controller/environment/path.dsv
[0.890s] -- Up-to-date: /home/adamgb/phd/gazebo_ws/install/srt_controller/share/srt_controller/local_setup.bash
[0.890s] -- Up-to-date: /home/adamgb/phd/gazebo_ws/install/srt_controller/share/srt_controller/local_setup.sh
[0.891s] -- Up-to-date: /home/adamgb/phd/gazebo_ws/install/srt_controller/share/srt_controller/local_setup.zsh
[0.891s] -- Up-to-date: /home/adamgb/phd/gazebo_ws/install/srt_controller/share/srt_controller/local_setup.dsv
[0.891s] -- Installing: /home/adamgb/phd/gazebo_ws/install/srt_controller/share/srt_controller/package.dsv
[0.891s] -- Up-to-date: /home/adamgb/phd/gazebo_ws/install/srt_controller/share/ament_index/resource_index/packages/srt_controller
[0.892s] -- Up-to-date: /home/adamgb/phd/gazebo_ws/install/srt_controller/share/ament_index/resource_index/mrs_uav_managers__pluginlib__plugin/srt_controller
[0.892s] -- Up-to-date: /home/adamgb/phd/gazebo_ws/install/srt_controller/share/srt_controller/cmake/export_srt_controllerExport.cmake
[0.892s] -- Up-to-date: /home/adamgb/phd/gazebo_ws/install/srt_controller/share/srt_controller/cmake/export_srt_controllerExport-noconfig.cmake
[0.892s] -- Up-to-date: /home/adamgb/phd/gazebo_ws/install/srt_controller/share/srt_controller/cmake/ament_cmake_export_targets-extras.cmake
[0.892s] -- Up-to-date: /home/adamgb/phd/gazebo_ws/install/srt_controller/share/srt_controller/cmake/srt_controllerConfig.cmake
[0.892s] -- Up-to-date: /home/adamgb/phd/gazebo_ws/install/srt_controller/share/srt_controller/cmake/srt_controllerConfig-version.cmake
[0.892s] -- Up-to-date: /home/adamgb/phd/gazebo_ws/install/srt_controller/share/srt_controller/package.xml
[0.893s] Invoked command in '/home/adamgb/phd/gazebo_ws/build/srt_controller' returned '0': /usr/bin/cmake --install /home/adamgb/phd/gazebo_ws/build/srt_controller
