[0.015s] Invoking command in '/home/adamgb/phd/gazebo_ws/build/alien_gazebo_resources': /usr/bin/cmake --build /home/adamgb/phd/gazebo_ws/build/alien_gazebo_resources -- -j32 -l32
[0.045s] Invoked command in '/home/adamgb/phd/gazebo_ws/build/alien_gazebo_resources' returned '0': /usr/bin/cmake --build /home/adamgb/phd/gazebo_ws/build/alien_gazebo_resources -- -j32 -l32
[0.053s] Invoking command in '/home/adamgb/phd/gazebo_ws/build/alien_gazebo_resources': /usr/bin/cmake --install /home/adamgb/phd/gazebo_ws/build/alien_gazebo_resources
[0.059s] -- Install configuration: ""
[0.059s] -- Up-to-date: /home/adamgb/phd/gazebo_ws/install/alien_gazebo_resources/share/alien_gazebo_resources/models
[0.059s] -- Up-to-date: /home/adamgb/phd/gazebo_ws/install/alien_gazebo_resources/share/alien_gazebo_resources/models/gate
[0.059s] -- Up-to-date: /home/adamgb/phd/gazebo_ws/install/alien_gazebo_resources/share/alien_gazebo_resources/models/gate/model.sdf
[0.059s] -- Up-to-date: /home/adamgb/phd/gazebo_ws/install/alien_gazebo_resources/share/alien_gazebo_resources/models/gate/meshes
[0.060s] -- Up-to-date: /home/adamgb/phd/gazebo_ws/install/alien_gazebo_resources/share/alien_gazebo_resources/models/gate/meshes/gate.dae
[0.060s] -- Up-to-date: /home/adamgb/phd/gazebo_ws/install/alien_gazebo_resources/share/alien_gazebo_resources/models/gate/meshes/MRSGate.png
[0.060s] -- Up-to-date: /home/adamgb/phd/gazebo_ws/install/alien_gazebo_resources/share/alien_gazebo_resources/models/gate/model.config
[0.060s] -- Up-to-date: /home/adamgb/phd/gazebo_ws/install/alien_gazebo_resources/share/alien_gazebo_resources/models/a300_resources
[0.060s] -- Up-to-date: /home/adamgb/phd/gazebo_ws/install/alien_gazebo_resources/share/alien_gazebo_resources/models/a300_resources/sdf
[0.060s] -- Up-to-date: /home/adamgb/phd/gazebo_ws/install/alien_gazebo_resources/share/alien_gazebo_resources/models/a300_resources/sdf/a300.sdf.jinja
[0.060s] -- Up-to-date: /home/adamgb/phd/gazebo_ws/install/alien_gazebo_resources/share/alien_gazebo_resources/models/a300_resources/meshes
[0.060s] -- Up-to-date: /home/adamgb/phd/gazebo_ws/install/alien_gazebo_resources/share/alien_gazebo_resources/models/a300_resources/meshes/a300
[0.060s] -- Up-to-date: /home/adamgb/phd/gazebo_ws/install/alien_gazebo_resources/share/alien_gazebo_resources/models/a300_resources/meshes/a300/battery_mount_mesh_file.stl
[0.060s] -- Up-to-date: /home/adamgb/phd/gazebo_ws/install/alien_gazebo_resources/share/alien_gazebo_resources/models/a300_resources/meshes/a300/prop_mesh_file.dae
[0.060s] -- Up-to-date: /home/adamgb/phd/gazebo_ws/install/alien_gazebo_resources/share/alien_gazebo_resources/models/a300_resources/meshes/a300/motor_middle_mesh_file_orig.stl
[0.060s] -- Up-to-date: /home/adamgb/phd/gazebo_ws/install/alien_gazebo_resources/share/alien_gazebo_resources/models/a300_resources/meshes/a300/motor_top_mesh_file.stl
[0.061s] -- Up-to-date: /home/adamgb/phd/gazebo_ws/install/alien_gazebo_resources/share/alien_gazebo_resources/models/a300_resources/meshes/a300/leg_3d_print_mesh_file.stl
[0.061s] -- Up-to-date: /home/adamgb/phd/gazebo_ws/install/alien_gazebo_resources/share/alien_gazebo_resources/models/a300_resources/meshes/a300/motor_middle_mesh_file.stl
[0.061s] -- Up-to-date: /home/adamgb/phd/gazebo_ws/install/alien_gazebo_resources/share/alien_gazebo_resources/models/a300_resources/meshes/a300/carbon_light.jpg
[0.062s] -- Up-to-date: /home/adamgb/phd/gazebo_ws/install/alien_gazebo_resources/share/alien_gazebo_resources/models/a300_resources/meshes/a300/motor_bottom_mesh_file.stl
[0.062s] -- Up-to-date: /home/adamgb/phd/gazebo_ws/install/alien_gazebo_resources/share/alien_gazebo_resources/models/a300_resources/meshes/a300/frame_mesh_file.stl
[0.062s] -- Up-to-date: /home/adamgb/phd/gazebo_ws/install/alien_gazebo_resources/share/alien_gazebo_resources/models/a300_resources/meshes/sensors
[0.062s] -- Up-to-date: /home/adamgb/phd/gazebo_ws/install/alien_gazebo_resources/share/alien_gazebo_resources/models/a300_resources/meshes/sensors/realsense_glass.stl
[0.062s] -- Up-to-date: /home/adamgb/phd/gazebo_ws/install/alien_gazebo_resources/share/alien_gazebo_resources/models/a300_resources/meshes/sensors/realsense_body.stl
[0.062s] -- Up-to-date: /home/adamgb/phd/gazebo_ws/install/alien_gazebo_resources/share/alien_gazebo_resources/models/a300_resources/meshes/sensors/garmin_lidar_v3.stl
[0.062s] -- Up-to-date: /home/adamgb/phd/gazebo_ws/install/alien_gazebo_resources/share/alien_gazebo_resources/models/a300_resources/model.config
[0.063s] -- Up-to-date: /home/adamgb/phd/gazebo_ws/install/alien_gazebo_resources/share/alien_gazebo_resources/models/warehouse
[0.063s] -- Up-to-date: /home/adamgb/phd/gazebo_ws/install/alien_gazebo_resources/share/alien_gazebo_resources/models/warehouse/model.sdf
[0.063s] -- Up-to-date: /home/adamgb/phd/gazebo_ws/install/alien_gazebo_resources/share/alien_gazebo_resources/models/warehouse/meshes
[0.063s] -- Up-to-date: /home/adamgb/phd/gazebo_ws/install/alien_gazebo_resources/share/alien_gazebo_resources/models/warehouse/meshes/wall.png
[0.064s] -- Up-to-date: /home/adamgb/phd/gazebo_ws/install/alien_gazebo_resources/share/alien_gazebo_resources/models/warehouse/meshes/pathway.png
[0.064s] -- Up-to-date: /home/adamgb/phd/gazebo_ws/install/alien_gazebo_resources/share/alien_gazebo_resources/models/warehouse/meshes/floor.png
[0.064s] -- Up-to-date: /home/adamgb/phd/gazebo_ws/install/alien_gazebo_resources/share/alien_gazebo_resources/models/warehouse/meshes/ceiling.png.001.png
[0.064s] -- Up-to-date: /home/adamgb/phd/gazebo_ws/install/alien_gazebo_resources/share/alien_gazebo_resources/models/warehouse/meshes/warehouse.dae
[0.064s] -- Up-to-date: /home/adamgb/phd/gazebo_ws/install/alien_gazebo_resources/share/alien_gazebo_resources/models/warehouse/model.config
[0.064s] -- Up-to-date: /home/adamgb/phd/gazebo_ws/install/alien_gazebo_resources/share/alien_gazebo_resources/models/checkerboard_plane
[0.065s] -- Up-to-date: /home/adamgb/phd/gazebo_ws/install/alien_gazebo_resources/share/alien_gazebo_resources/models/checkerboard_plane/model.sdf
[0.065s] -- Up-to-date: /home/adamgb/phd/gazebo_ws/install/alien_gazebo_resources/share/alien_gazebo_resources/models/checkerboard_plane/materials
[0.065s] -- Up-to-date: /home/adamgb/phd/gazebo_ws/install/alien_gazebo_resources/share/alien_gazebo_resources/models/checkerboard_plane/materials/textures
[0.065s] -- Up-to-date: /home/adamgb/phd/gazebo_ws/install/alien_gazebo_resources/share/alien_gazebo_resources/models/checkerboard_plane/materials/textures/checker.png
[0.065s] -- Up-to-date: /home/adamgb/phd/gazebo_ws/install/alien_gazebo_resources/share/alien_gazebo_resources/models/checkerboard_plane/model.config
[0.065s] -- Up-to-date: /home/adamgb/phd/gazebo_ws/install/alien_gazebo_resources/share/alien_gazebo_resources/worlds
[0.065s] -- Up-to-date: /home/adamgb/phd/gazebo_ws/install/alien_gazebo_resources/share/alien_gazebo_resources/worlds/checkerboard.sdf
[0.065s] -- Up-to-date: /home/adamgb/phd/gazebo_ws/install/alien_gazebo_resources/share/alien_gazebo_resources/worlds/8-track.world
[0.066s] -- Up-to-date: /home/adamgb/phd/gazebo_ws/install/alien_gazebo_resources/share/alien_gazebo_resources/ROMFS
[0.066s] -- Up-to-date: /home/adamgb/phd/gazebo_ws/install/alien_gazebo_resources/share/alien_gazebo_resources/ROMFS/px4fmu_common
[0.067s] -- Up-to-date: /home/adamgb/phd/gazebo_ws/install/alien_gazebo_resources/share/alien_gazebo_resources/ROMFS/px4fmu_common/init.d-posix
[0.067s] -- Up-to-date: /home/adamgb/phd/gazebo_ws/install/alien_gazebo_resources/share/alien_gazebo_resources/ROMFS/px4fmu_common/init.d-posix/rc.replay
[0.067s] -- Up-to-date: /home/adamgb/phd/gazebo_ws/install/alien_gazebo_resources/share/alien_gazebo_resources/ROMFS/px4fmu_common/init.d-posix/airframes
[0.067s] -- Up-to-date: /home/adamgb/phd/gazebo_ws/install/alien_gazebo_resources/share/alien_gazebo_resources/ROMFS/px4fmu_common/init.d-posix/airframes/4001_a300
[0.067s] -- Up-to-date: /home/adamgb/phd/gazebo_ws/install/alien_gazebo_resources/share/alien_gazebo_resources/ROMFS/px4fmu_common/init.d-posix/px4-rc.gzsim
[0.067s] -- Up-to-date: /home/adamgb/phd/gazebo_ws/install/alien_gazebo_resources/share/alien_gazebo_resources/ROMFS/px4fmu_common/init.d-posix/px4-rc.mavlink
[0.068s] -- Up-to-date: /home/adamgb/phd/gazebo_ws/install/alien_gazebo_resources/share/alien_gazebo_resources/ROMFS/px4fmu_common/init.d-posix/px4-rc.simulator
[0.068s] -- Up-to-date: /home/adamgb/phd/gazebo_ws/install/alien_gazebo_resources/share/alien_gazebo_resources/ROMFS/px4fmu_common/init.d-posix/px4-rc.mavlink_qgc
[0.068s] -- Up-to-date: /home/adamgb/phd/gazebo_ws/install/alien_gazebo_resources/share/alien_gazebo_resources/ROMFS/px4fmu_common/init.d-posix/rcS
[0.068s] -- Up-to-date: /home/adamgb/phd/gazebo_ws/install/alien_gazebo_resources/share/alien_gazebo_resources/ROMFS/px4fmu_common/init.d-posix/px4-rc.params
[0.068s] -- Up-to-date: /home/adamgb/phd/gazebo_ws/install/alien_gazebo_resources/share/alien_gazebo_resources/ROMFS/px4fmu_common/mixers
[0.068s] -- Up-to-date: /home/adamgb/phd/gazebo_ws/install/alien_gazebo_resources/share/alien_gazebo_resources/ROMFS/px4fmu_common/mixers/quad_x.main.mix
[0.068s] -- Up-to-date: /home/adamgb/phd/gazebo_ws/install/alien_gazebo_resources/share/alien_gazebo_resources/ROMFS/px4fmu_common/init.d
[0.068s] -- Up-to-date: /home/adamgb/phd/gazebo_ws/install/alien_gazebo_resources/share/alien_gazebo_resources/ROMFS/px4fmu_common/init.d/rc.mc_apps
[0.072s] -- Up-to-date: /home/adamgb/phd/gazebo_ws/install/alien_gazebo_resources/share/alien_gazebo_resources/ROMFS/px4fmu_common/init.d/rc.mc_defaults
[0.074s] -- Up-to-date: /home/adamgb/phd/gazebo_ws/install/alien_gazebo_resources/share/alien_gazebo_resources/ROMFS/px4fmu_common/init.d/rc.logging
[0.074s] -- Up-to-date: /home/adamgb/phd/gazebo_ws/install/alien_gazebo_resources/share/alien_gazebo_resources/ROMFS/px4fmu_common/init.d/rc.vehicle_setup
[0.074s] -- Up-to-date: /home/adamgb/phd/gazebo_ws/install/alien_gazebo_resources/share/alien_gazebo_resources/config
[0.074s] -- Up-to-date: /home/adamgb/phd/gazebo_ws/install/alien_gazebo_resources/share/alien_gazebo_resources/config/mrs_uav_system
[0.074s] -- Up-to-date: /home/adamgb/phd/gazebo_ws/install/alien_gazebo_resources/share/alien_gazebo_resources/config/mrs_uav_system/a300.yaml
[0.074s] -- Up-to-date: /home/adamgb/phd/gazebo_ws/install/alien_gazebo_resources/share/ament_index/resource_index/package_run_dependencies/alien_gazebo_resources
[0.074s] -- Up-to-date: /home/adamgb/phd/gazebo_ws/install/alien_gazebo_resources/share/ament_index/resource_index/parent_prefix_path/alien_gazebo_resources
[0.074s] -- Up-to-date: /home/adamgb/phd/gazebo_ws/install/alien_gazebo_resources/share/alien_gazebo_resources/environment/ament_prefix_path.sh
[0.075s] -- Up-to-date: /home/adamgb/phd/gazebo_ws/install/alien_gazebo_resources/share/alien_gazebo_resources/environment/ament_prefix_path.dsv
[0.075s] -- Up-to-date: /home/adamgb/phd/gazebo_ws/install/alien_gazebo_resources/share/alien_gazebo_resources/environment/path.sh
[0.075s] -- Up-to-date: /home/adamgb/phd/gazebo_ws/install/alien_gazebo_resources/share/alien_gazebo_resources/environment/path.dsv
[0.075s] -- Up-to-date: /home/adamgb/phd/gazebo_ws/install/alien_gazebo_resources/share/alien_gazebo_resources/local_setup.bash
[0.075s] -- Up-to-date: /home/adamgb/phd/gazebo_ws/install/alien_gazebo_resources/share/alien_gazebo_resources/local_setup.sh
[0.075s] -- Up-to-date: /home/adamgb/phd/gazebo_ws/install/alien_gazebo_resources/share/alien_gazebo_resources/local_setup.zsh
[0.075s] -- Up-to-date: /home/adamgb/phd/gazebo_ws/install/alien_gazebo_resources/share/alien_gazebo_resources/local_setup.dsv
[0.075s] -- Installing: /home/adamgb/phd/gazebo_ws/install/alien_gazebo_resources/share/alien_gazebo_resources/package.dsv
[0.075s] -- Up-to-date: /home/adamgb/phd/gazebo_ws/install/alien_gazebo_resources/share/ament_index/resource_index/packages/alien_gazebo_resources
[0.075s] -- Up-to-date: /home/adamgb/phd/gazebo_ws/install/alien_gazebo_resources/share/alien_gazebo_resources/cmake/alien_gazebo_resourcesConfig.cmake
[0.075s] -- Up-to-date: /home/adamgb/phd/gazebo_ws/install/alien_gazebo_resources/share/alien_gazebo_resources/cmake/alien_gazebo_resourcesConfig-version.cmake
[0.075s] -- Up-to-date: /home/adamgb/phd/gazebo_ws/install/alien_gazebo_resources/share/alien_gazebo_resources/package.xml
[0.075s] Invoked command in '/home/adamgb/phd/gazebo_ws/build/alien_gazebo_resources' returned '0': /usr/bin/cmake --install /home/adamgb/phd/gazebo_ws/build/alien_gazebo_resources
