-- The C compiler identification is GNU 13.3.0
-- The CXX compiler identification is GNU 13.3.0
-- Detecting C compiler ABI info
-- Detecting C compiler ABI info - done
-- Check for working C compiler: /usr/bin/cc - skipped
-- Detecting C compile features
-- Detecting C compile features - done
-- Detecting CXX compiler ABI info
-- Detecting CXX compiler ABI info - done
-- Check for working CXX compiler: /usr/bin/c++ - skipped
-- Detecting CXX compile features
-- Detecting CXX compile features - done
-- Found rclcpp: 28.1.22 (/opt/ros/jazzy/share/rclcpp/cmake)
-- Found Python3: /usr/bin/python3 (found version "3.12.3") found components: Interpreter 
-- Found rosidl_generator_c: 4.6.9 (/opt/ros/jazzy/share/rosidl_generator_c/cmake)
-- Found rosidl_generator_cpp: 4.6.9 (/opt/ros/jazzy/share/rosidl_generator_cpp/cmake)
-- Using all available rosidl_typesupport_c: rosidl_typesupport_fastrtps_c;rosidl_typesupport_introspection_c
-- Using all available rosidl_typesupport_cpp: rosidl_typesupport_fastrtps_cpp;rosidl_typesupport_introspection_cpp
-- Found rmw_implementation_cmake: 7.3.3 (/opt/ros/jazzy/share/rmw_implementation_cmake/cmake)
-- Found rmw_fastrtps_cpp: 8.4.4 (/opt/ros/jazzy/share/rmw_fastrtps_cpp/cmake)
-- Found OpenSSL: /usr/lib/x86_64-linux-gnu/libcrypto.so (found version "3.0.13")  
-- Found FastRTPS: /opt/ros/jazzy/include (Required is at least version "2.13") 
-- Using RMW implementation 'rmw_fastrtps_cpp' as default
-- Found pluginlib: 5.4.6 (/opt/ros/jazzy/share/pluginlib/cmake)
-- Found mrs_lib: 2.0.0 (/opt/ros/jazzy/share/mrs_lib/cmake)
-- Found eigen3_cmake_module: 0.3.1 (/opt/ros/jazzy/share/eigen3_cmake_module/cmake)
-- Found Eigen3: TRUE (found version "3.4.0") 
-- Ensuring Eigen3 include directory is part of orocos-kdl CMake target
-- Found mrs_uav_managers: 2.0.0 (/opt/ros/jazzy/share/mrs_uav_managers/cmake)
-- Configuring done (1.0s)
-- Generating done (0.0s)
-- Build files have been written to: /home/adamgb/phd/gazebo_ws/build/srt_controller
[ 50%] [32mBuilding CXX object CMakeFiles/SrtController_ActuatorsController.dir/src/actuators_controller.cpp.o[0m
[01m[K/home/adamgb/phd/gazebo_ws/src/srt_controller/src/actuators_controller.cpp:[m[K In member function ‘[01m[Kvirtual mrs_uav_managers::Controller::ControlOutput srt_controller::ActuatorsController::[01;32m[KupdateActive[m[K(const mrs_msgs::msg::UavState&, const mrs_msgs::msg::TrackerCommand&)[m[K’:
[01m[K/home/adamgb/phd/gazebo_ws/src/srt_controller/src/actuators_controller.cpp:234:8:[m[K [01;35m[Kwarning: [m[Kvariable ‘[01m[Kconstraints[m[K’ set but not used [[01;35m[K]8;;https://gcc.gnu.org/onlinedocs/gcc/Warning-Options.html#index-Wunused-but-set-variable-Wunused-but-set-variable]8;;[m[K]
  234 |   auto [01;35m[Kconstraints[m[K = mrs_lib::get_mutexed(mutex_constraints_, constraints_);
      |        [01;35m[K^~~~~~~~~~~[m[K
[100%] [32m[1mLinking CXX shared library libSrtController_ActuatorsController.so[0m
[100%] Built target SrtController_ActuatorsController
-- Install configuration: ""
-- Installing: /home/adamgb/phd/gazebo_ws/install/srt_controller/share/srt_controller/plugins.xml
-- Installing: /home/adamgb/phd/gazebo_ws/install/srt_controller/lib/libSrtController_ActuatorsController.so
-- Set non-toolchain portion of runtime path of "/home/adamgb/phd/gazebo_ws/install/srt_controller/lib/libSrtController_ActuatorsController.so" to ""
-- Installing: /home/adamgb/phd/gazebo_ws/install/srt_controller/share/srt_controller/config
-- Installing: /home/adamgb/phd/gazebo_ws/install/srt_controller/share/srt_controller/config/actuators_controller.yaml
-- Installing: /home/adamgb/phd/gazebo_ws/install/srt_controller/share/srt_controller/config/custom_config.yaml
-- Installing: /home/adamgb/phd/gazebo_ws/install/srt_controller/share/srt_controller/tmux
-- Installing: /home/adamgb/phd/gazebo_ws/install/srt_controller/share/srt_controller/tmux/layout.json
-- Installing: /home/adamgb/phd/gazebo_ws/install/srt_controller/share/srt_controller/tmux/start.sh
-- Installing: /home/adamgb/phd/gazebo_ws/install/srt_controller/share/srt_controller/tmux/rviz.rviz
-- Installing: /home/adamgb/phd/gazebo_ws/install/srt_controller/share/srt_controller/tmux/session.yml
-- Installing: /home/adamgb/phd/gazebo_ws/install/srt_controller/share/srt_controller/tmux/takeoff.sh
-- Installing: /home/adamgb/phd/gazebo_ws/install/srt_controller/share/srt_controller/tmux/config
-- Installing: /home/adamgb/phd/gazebo_ws/install/srt_controller/share/srt_controller/tmux/config/automatic_start.yaml
-- Installing: /home/adamgb/phd/gazebo_ws/install/srt_controller/share/srt_controller/tmux/config/network_config.yaml
-- Installing: /home/adamgb/phd/gazebo_ws/install/srt_controller/share/srt_controller/tmux/config/hw_api.yaml
-- Installing: /home/adamgb/phd/gazebo_ws/install/srt_controller/share/srt_controller/tmux/config/simulator.yaml
-- Installing: /home/adamgb/phd/gazebo_ws/install/srt_controller/share/srt_controller/tmux/config/world_config.yaml
-- Installing: /home/adamgb/phd/gazebo_ws/install/srt_controller/share/srt_controller/tmux/config/custom_config.yaml
-- Installing: /home/adamgb/phd/gazebo_ws/install/srt_controller/share/srt_controller/environment/library_path.sh
-- Installing: /home/adamgb/phd/gazebo_ws/install/srt_controller/share/srt_controller/environment/library_path.dsv
-- Installing: /home/adamgb/phd/gazebo_ws/install/srt_controller/share/ament_index/resource_index/package_run_dependencies/srt_controller
-- Installing: /home/adamgb/phd/gazebo_ws/install/srt_controller/share/ament_index/resource_index/parent_prefix_path/srt_controller
-- Installing: /home/adamgb/phd/gazebo_ws/install/srt_controller/share/srt_controller/environment/ament_prefix_path.sh
-- Installing: /home/adamgb/phd/gazebo_ws/install/srt_controller/share/srt_controller/environment/ament_prefix_path.dsv
-- Installing: /home/adamgb/phd/gazebo_ws/install/srt_controller/share/srt_controller/environment/path.sh
-- Installing: /home/adamgb/phd/gazebo_ws/install/srt_controller/share/srt_controller/environment/path.dsv
-- Installing: /home/adamgb/phd/gazebo_ws/install/srt_controller/share/srt_controller/local_setup.bash
-- Installing: /home/adamgb/phd/gazebo_ws/install/srt_controller/share/srt_controller/local_setup.sh
-- Installing: /home/adamgb/phd/gazebo_ws/install/srt_controller/share/srt_controller/local_setup.zsh
-- Installing: /home/adamgb/phd/gazebo_ws/install/srt_controller/share/srt_controller/local_setup.dsv
-- Installing: /home/adamgb/phd/gazebo_ws/install/srt_controller/share/srt_controller/package.dsv
-- Installing: /home/adamgb/phd/gazebo_ws/install/srt_controller/share/ament_index/resource_index/packages/srt_controller
-- Installing: /home/adamgb/phd/gazebo_ws/install/srt_controller/share/ament_index/resource_index/mrs_uav_managers__pluginlib__plugin/srt_controller
-- Installing: /home/adamgb/phd/gazebo_ws/install/srt_controller/share/srt_controller/cmake/export_srt_controllerExport.cmake
-- Installing: /home/adamgb/phd/gazebo_ws/install/srt_controller/share/srt_controller/cmake/export_srt_controllerExport-noconfig.cmake
-- Installing: /home/adamgb/phd/gazebo_ws/install/srt_controller/share/srt_controller/cmake/ament_cmake_export_targets-extras.cmake
-- Installing: /home/adamgb/phd/gazebo_ws/install/srt_controller/share/srt_controller/cmake/srt_controllerConfig.cmake
-- Installing: /home/adamgb/phd/gazebo_ws/install/srt_controller/share/srt_controller/cmake/srt_controllerConfig-version.cmake
-- Installing: /home/adamgb/phd/gazebo_ws/install/srt_controller/share/srt_controller/package.xml
