[0.015s] Invoking command in '/home/adamgb/phd/gazebo_ws/build/px4': /usr/bin/cmake /home/adamgb/phd/gazebo_ws/src/px4_firmware -DCMAKE_INSTALL_PREFIX=/home/adamgb/phd/gazebo_ws/install/px4
[0.020s] -- PX4_GIT_TAG: v1.17.0-dev
[0.021s] [33mCMake Warning (dev) at CMakeLists.txt:176 (find_package):
[0.021s]   Policy CMP0148 is not set: The FindPythonInterp and FindPythonLibs modules
[0.021s]   are removed.  Run "cmake --help-policy CMP0148" for policy details.  Use
[0.021s]   the cmake_policy command to set the policy and suppress this warning.
[0.021s] 
[0.021s] This warning is for project developers.  Use -Wno-dev to suppress it.
[0.021s] [0m
[0.035s] -- PX4 config file: /home/adamgb/phd/gazebo_ws/src/px4_firmware/boards/px4/sitl/default.px4board
[0.146s] -- PLATFORM posix
[0.146s] -- ROMFSROOT px4fmu_common
[0.146s] -- TESTING y
[0.146s] -- ETHERNET y
[0.146s] -- ROOT_PATH .
[0.146s] -- PARAM_FILE /fs/mtd_params
[0.158s] -- PX4 config: px4_sitl_default
[0.158s] -- PX4 platform: posix
[0.158s] -- PX4 lockstep: enabled
[0.160s] -- Found ament_cmake: 2.5.6 (/opt/ros/jazzy/share/ament_cmake/cmake)
[0.305s] -- Found rclcpp: 28.1.22 (/opt/ros/jazzy/share/rclcpp/cmake)
[0.323s] -- Found rosidl_generator_c: 4.6.9 (/opt/ros/jazzy/share/rosidl_generator_c/cmake)
[0.328s] -- Found rosidl_generator_cpp: 4.6.9 (/opt/ros/jazzy/share/rosidl_generator_cpp/cmake)
[0.335s] -- Using all available rosidl_typesupport_c: rosidl_typesupport_fastrtps_c;rosidl_typesupport_introspection_c
[0.342s] -- Using all available rosidl_typesupport_cpp: rosidl_typesupport_fastrtps_cpp;rosidl_typesupport_introspection_cpp
[0.385s] -- Found rmw_implementation_cmake: 7.3.3 (/opt/ros/jazzy/share/rmw_implementation_cmake/cmake)
[0.386s] -- Found rmw_fastrtps_cpp: 8.4.4 (/opt/ros/jazzy/share/rmw_fastrtps_cpp/cmake)
[0.433s] -- Using RMW implementation 'rmw_fastrtps_cpp' as default
[0.474s] -- Found rosidl_default_generators: 1.6.1 (/opt/ros/jazzy/share/rosidl_default_generators/cmake)
[0.480s] -- Found rosidl_adapter: 4.6.9 (/opt/ros/jazzy/share/rosidl_adapter/cmake)
[0.481s] -- Found std_msgs: 5.3.8 (/opt/ros/jazzy/share/std_msgs/cmake)
[0.496s] -- cmake build type: Release
[0.537s] -- Adding fuzztest
[1.471s] -- Building without demo. To enable demo build use: -DWITH_DEMO=True
[1.645s] [0m-- ADDING TEST STUBS[0m
[1.846s] -- Looking for gz-transport13 -- found version 13.6.0
[1.849s] -- Searching for dependencies of gz-transport13
[1.876s] -- Config-file not installed for ZeroMQ -- checking for pkg-config
[1.882s] -- Checking for module 'libzmq >= 4'
[1.898s] --   Found libzmq, version 4.3.5
[1.949s] -- Checking for module 'uuid'
[1.964s] --   Found uuid, version 2.39.3
[2.005s] -- Looking for gz-utils2 -- found version 2.2.1
[2.005s] -- Searching for dependencies of gz-utils2
[2.006s] -- Searching for <gz-utils2> component [cli]
[2.006s] -- Looking for gz-utils2-cli -- found version 2.2.1
[2.006s] -- Searching for dependencies of gz-utils2-cli
[2.007s] -- Looking for gz-msgs10 -- found version 10.4.0
[2.007s] -- Searching for dependencies of gz-msgs10
[2.027s] -- Looking for gz-utils2 -- found version 2.2.1
[2.027s] -- Looking for gz-math7 -- found version 7.7.0
[2.027s] -- Searching for dependencies of gz-math7
[2.028s] -- Looking for gz-utils2 -- found version 2.2.1
[2.034s] -- Checking for module 'tinyxml2'
[2.050s] --   Found tinyxml2, version 10.0.0
[2.143s] -- Looking for gz-transport13 -- found version 13.6.0
[2.147s] -- Searching for dependencies of gz-transport13
[2.167s] -- Config-file not installed for ZeroMQ -- checking for pkg-config
[2.173s] -- Checking for module 'libzmq >= 4'
[2.191s] --   Found libzmq, version 4.3.5
[2.243s] -- Checking for module 'uuid'
[2.260s] --   Found uuid, version 2.39.3
[2.306s] -- Looking for gz-utils2 -- found version 2.2.1
[2.306s] -- Searching for dependencies of gz-utils2
[2.306s] -- Searching for <gz-utils2> component [cli]
[2.306s] -- Looking for gz-utils2-cli -- found version 2.2.1
[2.307s] -- Searching for dependencies of gz-utils2-cli
[2.307s] -- Looking for gz-msgs10 -- found version 10.4.0
[2.308s] -- Searching for dependencies of gz-msgs10
[2.324s] -- Looking for gz-utils2 -- found version 2.2.1
[2.324s] -- Looking for gz-math7 -- found version 7.7.0
[2.325s] -- Searching for dependencies of gz-math7
[2.325s] -- Looking for gz-utils2 -- found version 2.2.1
[2.332s] -- Checking for module 'tinyxml2'
[2.352s] --   Found tinyxml2, version 10.0.0
[2.399s] -- Looking for gz-sim8 -- found version 8.15.0
[2.399s] -- Searching for dependencies of gz-sim8
[2.399s] -- Looking for sdformat14 -- found version 14.9.0
[2.399s] -- Searching for dependencies of sdformat14
[2.406s] -- Looking for gz-math7 -- found version 7.7.0
[2.406s] -- Looking for gz-utils2 -- found version 2.2.1
[2.406s] -- Looking for gz-plugin2 -- found version 2.0.4
[2.406s] -- Searching for dependencies of gz-plugin2
[2.407s] -- Looking for gz-utils2 -- found version 2.2.1
[2.407s] -- Searching for <gz-plugin2> component [loader]
[2.407s] -- Looking for gz-plugin2-loader -- found version 2.0.4
[2.407s] -- Searching for dependencies of gz-plugin2-loader
[2.407s] -- Searching for <gz-plugin2> component [register]
[2.408s] -- Looking for gz-plugin2-register -- found version 2.0.4
[2.408s] -- Searching for dependencies of gz-plugin2-register
[2.408s] -- Looking for gz-transport13 -- found version 13.6.0
[2.408s] -- Searching for dependencies of gz-transport13
[2.437s] -- Config-file not installed for ZeroMQ -- checking for pkg-config
[2.443s] -- Checking for module 'libzmq >= 4'
[2.460s] --   Found libzmq, version 4.3.5
[2.519s] -- Looking for gz-utils2 -- found version 2.2.1
[2.519s] -- Looking for gz-msgs10 -- found version 10.4.0
[2.519s] -- Searching for <gz-transport13> component [log]
[2.519s] -- Looking for gz-transport13-log -- found version 13.6.0
[2.519s] -- Searching for dependencies of gz-transport13-log
[2.520s] -- Searching for <gz-transport13> component [parameters]
[2.520s] -- Looking for gz-transport13-parameters -- found version 13.6.0
[2.520s] -- Searching for dependencies of gz-transport13-parameters
[2.521s] -- Looking for gz-msgs10 -- found version 10.4.0
[2.521s] -- Looking for gz-common5 -- found version 5.9.0
[2.522s] -- Searching for dependencies of gz-common5
[2.522s] -- Looking for gz-utils2 -- found version 2.2.1
[2.522s] -- Looking for dlfcn.h - found
[2.522s] -- Looking for libdl - found
[2.532s] -- Searching for <gz-common5> component [av]
[2.532s] -- Looking for gz-common5-av -- found version 5.9.0
[2.532s] -- Searching for dependencies of gz-common5-av
[2.538s] -- Checking for module 'libswscale'
[2.558s] --   Found libswscale, version 7.5.100
[2.611s] -- Checking for module 'libavdevice >= 56.4.100'
[2.630s] --   Found libavdevice, version 60.3.100
[2.689s] -- Checking for module 'libavformat'
[2.706s] --   Found libavformat, version 60.16.100
[2.757s] -- Checking for module 'libavcodec'
[2.774s] --   Found libavcodec, version 60.31.102
[2.824s] -- Checking for module 'libavutil'
[2.842s] --   Found libavutil, version 58.29.100
[2.889s] -- Searching for <gz-common5> component [events]
[2.890s] -- Looking for gz-common5-events -- found version 5.9.0
[2.890s] -- Searching for dependencies of gz-common5-events
[2.890s] -- Looking for gz-math7 -- found version 7.7.0
[2.891s] -- Searching for <gz-common5> component [graphics]
[2.891s] -- Looking for gz-common5-graphics -- found version 5.9.0
[2.891s] -- Searching for dependencies of gz-common5-graphics
[2.891s] -- Looking for gz-math7 -- found version 7.7.0
[2.893s] -- Searching for <gz-common5> component [io]
[2.894s] -- Looking for gz-common5-io -- found version 5.9.0
[2.894s] -- Searching for dependencies of gz-common5-io
[2.894s] -- Searching for <gz-common5> component [profiler]
[2.895s] -- Looking for gz-common5-profiler -- found version 5.9.0
[2.895s] -- Searching for dependencies of gz-common5-profiler
[2.895s] -- Looking for gz-fuel_tools9 -- found version 9.1.1
[2.895s] -- Searching for dependencies of gz-fuel_tools9
[2.938s] -- Checking for module 'jsoncpp'
[2.955s] --   Found jsoncpp, version 1.9.5
[3.007s] -- Checking for module 'yaml-0.1'
[3.024s] --   Found yaml-0.1, version 0.2.5
[3.072s] -- Checking for module 'libzip'
[3.089s] --   Found libzip, version 1.7.3
[3.134s] -- Looking for gz-utils2 -- found version 2.2.1
[3.135s] -- Looking for gz-common5 -- found version 5.9.0
[3.135s] -- Searching for dependencies of gz-common5
[3.135s] -- Looking for gz-utils2 -- found version 2.2.1
[3.135s] -- Looking for dlfcn.h - found
[3.135s] -- Looking for libdl - found
[3.142s] -- Searching for <gz-common5> component [testing]
[3.142s] -- Looking for gz-common5-testing -- found version 5.9.0
[3.142s] -- Searching for dependencies of gz-common5-testing
[3.143s] -- Looking for gz-math7 -- found version 7.7.0
[3.143s] -- Looking for gz-msgs10 -- found version 10.4.0
[3.143s] -- Looking for gz-gui8 -- found version 8.4.0
[3.144s] -- Searching for dependencies of gz-gui8
[3.163s] -- Looking for gz-utils2 -- found version 2.2.1
[3.163s] -- Looking for gz-math7 -- found version 7.7.0
[3.163s] -- Looking for gz-common5 -- found version 5.9.0
[3.164s] -- Looking for gz-plugin2 -- found version 2.0.4
[3.164s] -- Looking for gz-transport13 -- found version 13.6.0
[3.164s] -- Looking for gz-rendering8 -- found version 8.2.3
[3.165s] -- Searching for dependencies of gz-rendering8
[3.165s] -- Looking for gz-math7 -- found version 7.7.0
[3.165s] -- Searching for dependencies of gz-math7
[3.165s] -- Looking for gz-utils2 -- found version 2.2.1
[3.165s] -- Searching for <gz-math7> component [eigen3]
[3.165s] -- Looking for gz-math7-eigen3 -- found version 7.7.0
[3.165s] -- Searching for dependencies of gz-math7-eigen3
[3.167s] -- Looking for gz-common5 -- found version 5.9.0
[3.167s] -- Searching for dependencies of gz-common5
[3.167s] -- Looking for gz-utils2 -- found version 2.2.1
[3.167s] -- Looking for dlfcn.h - found
[3.167s] -- Looking for libdl - found
[3.174s] -- Searching for <gz-common5> component [graphics]
[3.174s] -- Searching for <gz-common5> component [events]
[3.174s] -- Searching for <gz-common5> component [geospatial]
[3.174s] -- Looking for gz-common5-geospatial -- found version 5.9.0
[3.174s] -- Searching for dependencies of gz-common5-geospatial
[3.175s] -- Looking for gz-math7 -- found version 7.7.0
[3.175s] -- Looking for gz-common5 -- found version 5.9.0
[3.175s] -- Looking for gz-plugin2 -- found version 2.0.4
[3.175s] -- Searching for dependencies of gz-plugin2
[3.176s] -- Looking for gz-utils2 -- found version 2.2.1
[3.176s] -- Searching for <gz-plugin2> component [all]
[3.176s] -- Looking for all libraries of gz-plugin2 -- found version 2.0.4
[3.176s] -- Looking for gz-plugin2 -- found version 2.0.4
[3.177s] -- Looking for gz-utils2 -- found version 2.2.1
[3.178s] -- Looking for gz-msgs10 -- found version 10.4.0
[3.194s] -- Looking for gz-physics7 -- found version 7.8.0
[3.195s] -- Searching for dependencies of gz-physics7
[3.195s] -- Looking for gz-common5 -- found version 5.9.0
[3.195s] -- Looking for gz-math7 -- found version 7.7.0
[3.195s] -- Looking for gz-plugin2 -- found version 2.0.4
[3.196s] -- Looking for gz-utils2 -- found version 2.2.1
[3.197s] -- Searching for <gz-physics7> component [heightmap]
[3.197s] -- Looking for gz-physics7-heightmap -- found version 7.8.0
[3.197s] -- Searching for dependencies of gz-physics7-heightmap
[3.197s] -- Looking for gz-common5 -- found version 5.9.0
[3.198s] -- Searching for <gz-physics7> component [mesh]
[3.198s] -- Looking for gz-physics7-mesh -- found version 7.8.0
[3.198s] -- Searching for dependencies of gz-physics7-mesh
[3.198s] -- Looking for gz-common5 -- found version 5.9.0
[3.199s] -- Searching for <gz-physics7> component [sdf]
[3.199s] -- Looking for gz-physics7-sdf -- found version 7.8.0
[3.199s] -- Searching for dependencies of gz-physics7-sdf
[3.199s] -- Looking for sdformat14 -- found version 14.9.0
[3.200s] -- Looking for gz-sensors8 -- found version 8.2.2
[3.200s] -- Searching for dependencies of gz-sensors8
[3.215s] -- Looking for gz-math7 -- found version 7.7.0
[3.215s] -- Looking for gz-common5 -- found version 5.9.0
[3.216s] -- Looking for gz-transport13 -- found version 13.6.0
[3.216s] -- Looking for gz-rendering8 -- found version 8.2.3
[3.216s] -- Looking for gz-msgs10 -- found version 10.4.0
[3.217s] -- Looking for sdformat14 -- found version 14.9.0
[3.217s] -- Searching for <gz-sensors8> component [air_pressure]
[3.217s] -- Looking for gz-sensors8-air_pressure -- found version 8.2.2
[3.218s] -- Searching for dependencies of gz-sensors8-air_pressure
[3.218s] -- Searching for <gz-sensors8> component [air_speed]
[3.218s] -- Looking for gz-sensors8-air_speed -- found version 8.2.2
[3.218s] -- Searching for dependencies of gz-sensors8-air_speed
[3.219s] -- Searching for <gz-sensors8> component [altimeter]
[3.219s] -- Looking for gz-sensors8-altimeter -- found version 8.2.2
[3.219s] -- Searching for dependencies of gz-sensors8-altimeter
[3.219s] -- Searching for <gz-sensors8> component [imu]
[3.220s] -- Looking for gz-sensors8-imu -- found version 8.2.2
[3.220s] -- Searching for dependencies of gz-sensors8-imu
[3.220s] -- Searching for <gz-sensors8> component [force_torque]
[3.220s] -- Looking for gz-sensors8-force_torque -- found version 8.2.2
[3.221s] -- Searching for dependencies of gz-sensors8-force_torque
[3.221s] -- Searching for <gz-sensors8> component [logical_camera]
[3.221s] -- Looking for gz-sensors8-logical_camera -- found version 8.2.2
[3.221s] -- Searching for dependencies of gz-sensors8-logical_camera
[3.222s] -- Searching for <gz-sensors8> component [magnetometer]
[3.222s] -- Looking for gz-sensors8-magnetometer -- found version 8.2.2
[3.222s] -- Searching for dependencies of gz-sensors8-magnetometer
[3.223s] -- Searching for <gz-sensors8> component [navsat]
[3.223s] -- Looking for gz-sensors8-navsat -- found version 8.2.2
[3.223s] -- Searching for dependencies of gz-sensors8-navsat
[3.223s] -- Searching for <gz-sensors8> component [dvl]
[3.223s] -- Looking for gz-sensors8-dvl -- found version 8.2.2
[3.223s] -- Searching for dependencies of gz-sensors8-dvl
[3.224s] -- Looking for gz-sensors8 -- found version 8.2.2
[3.224s] -- Searching for dependencies of gz-sensors8
[3.239s] -- Looking for gz-math7 -- found version 7.7.0
[3.239s] -- Looking for gz-common5 -- found version 5.9.0
[3.240s] -- Looking for gz-transport13 -- found version 13.6.0
[3.240s] -- Looking for gz-rendering8 -- found version 8.2.3
[3.240s] -- Looking for gz-msgs10 -- found version 10.4.0
[3.240s] -- Looking for sdformat14 -- found version 14.9.0
[3.241s] -- Searching for <gz-sensors8> component [rendering]
[3.241s] -- Looking for gz-sensors8-rendering -- found version 8.2.2
[3.241s] -- Searching for dependencies of gz-sensors8-rendering
[3.242s] -- Searching for <gz-sensors8> component [rendering]
[3.242s] -- Searching for <gz-sensors8> component [lidar]
[3.242s] -- Looking for gz-sensors8-lidar -- found version 8.2.2
[3.242s] -- Searching for dependencies of gz-sensors8-lidar
[3.242s] -- Looking for gz-sensors8 -- found version 8.2.2
[3.243s] -- Searching for <gz-sensors8> component [gpu_lidar]
[3.243s] -- Looking for gz-sensors8-gpu_lidar -- found version 8.2.2
[3.243s] -- Searching for dependencies of gz-sensors8-gpu_lidar
[3.243s] -- Looking for gz-sensors8 -- found version 8.2.2
[3.243s] -- Searching for <gz-sensors8> component [camera]
[3.244s] -- Looking for gz-sensors8-camera -- found version 8.2.2
[3.244s] -- Searching for dependencies of gz-sensors8-camera
[3.244s] -- Looking for gz-sensors8 -- found version 8.2.2
[3.244s] -- Searching for <gz-sensors8> component [boundingbox_camera]
[3.244s] -- Looking for gz-sensors8-boundingbox_camera -- found version 8.2.2
[3.245s] -- Searching for dependencies of gz-sensors8-boundingbox_camera
[3.245s] -- Searching for <gz-sensors8> component [segmentation_camera]
[3.245s] -- Looking for gz-sensors8-segmentation_camera -- found version 8.2.2
[3.245s] -- Searching for dependencies of gz-sensors8-segmentation_camera
[3.245s] -- Searching for <gz-sensors8> component [depth_camera]
[3.246s] -- Looking for gz-sensors8-depth_camera -- found version 8.2.2
[3.246s] -- Searching for dependencies of gz-sensors8-depth_camera
[3.246s] -- Looking for gz-sensors8 -- found version 8.2.2
[3.246s] -- Searching for <gz-sensors8> component [rgbd_camera]
[3.246s] -- Looking for gz-sensors8-rgbd_camera -- found version 8.2.2
[3.246s] -- Searching for dependencies of gz-sensors8-rgbd_camera
[3.247s] -- Looking for gz-sensors8 -- found version 8.2.2
[3.247s] -- Searching for <gz-sensors8> component [thermal_camera]
[3.247s] -- Looking for gz-sensors8-thermal_camera -- found version 8.2.2
[3.247s] -- Searching for dependencies of gz-sensors8-thermal_camera
[3.247s] -- Looking for gz-sensors8 -- found version 8.2.2
[3.248s] -- Searching for <gz-sensors8> component [wide_angle_camera]
[3.248s] -- Looking for gz-sensors8-wide_angle_camera -- found version 8.2.2
[3.248s] -- Searching for dependencies of gz-sensors8-wide_angle_camera
[3.248s] -- Looking for gz-rendering8 -- found version 8.2.3
[3.249s] -- Looking for gz-math7 -- found version 7.7.0
[3.249s] -- Looking for gz-utils2 -- found version 2.2.1
[3.264s] -- Looking for gz-sensors8 -- found version 8.2.2
[3.264s] -- Looking for gz-plugin2 -- found version 2.0.4
[3.273s] -- Checking for module 'gstreamer-1.0'
[3.290s] --   Package 'gstreamer-1.0', required by 'virtual:world', not found
[3.290s] -- Checking for module 'gstreamer-app-1.0'
[3.303s] --   Package 'gstreamer-app-1.0', required by 'virtual:world', not found
[3.303s] [33mCMake Warning at src/modules/simulation/gz_plugins/gstreamer/CMakeLists.txt:42 (message):
[3.304s]   GStreamer and Gstreamer App are required to build this plugin.
[3.304s] 
[3.304s] [0m
[3.540s] -- ROMFS: ROMFS/px4fmu_common
[3.593s] [0mArchitecture:  amd64[0m
[3.593s] [0m==> CPACK_INSTALL_PREFIX = @DEB_INSTALL_PREFIX@[0m
[3.677s] -- Configuring done (3.7s)
[4.839s] -- Generating done (0.9s)
[5.311s] -- Build files have been written to: /home/adamgb/phd/gazebo_ws/build/px4
